../Drivers/CMSIS/Include/core_cm4.h:2059:26:ITM_SendChar	16	static,ignoring_inline_asm
../Core/Src/main.c:82:5:_write	32	static
../Core/Src/main.c:89:6:I2C_Scan	48	static
../Core/Src/main.c:118:6:HAL_TIM_IC_CaptureCallback	24	static
../Core/Src/main.c:169:10:HCSR04_Read	16	static
../Core/Src/main.c:209:5:main	40	static
../Core/Src/main.c:315:6:SystemClock_Config	96	static
../Core/Src/main.c:366:13:MX_I2C1_Init	8	static
../Core/Src/main.c:414:13:MX_SPI2_Init	8	static
../Core/Src/main.c:454:13:MX_TIM1_Init	40	static
../Core/Src/main.c:504:13:MX_USART2_UART_Init	8	static
../Core/Src/main.c:539:13:MX_GPIO_Init	40	static
../Core/Src/main.c:581:6:process_SD_card	24	static
../Core/Src/main.c:631:6:read_SD_data	8	static
../Core/Src/main.c:645:6:write_to_SD1	72	static
../Core/Src/main.c:653:6:write_to_SD2	72	static
../Core/Src/main.c:661:6:un_mount	8	static
../Core/Src/main.c:674:6:Error_Handler	4	static,ignoring_inline_asm
