../drivers/src/stm32l4xx_spi_driver.c:13:6:SPI_PeriClockControl	16	static
../drivers/src/stm32l4xx_spi_driver.c:29:6:SPI_Init	24	static
../drivers/src/stm32l4xx_spi_driver.c:70:6:SPI_DeInit	16	static
../drivers/src/stm32l4xx_spi_driver.c:81:9:SPI_GetFlagStatus	16	static
../drivers/src/stm32l4xx_spi_driver.c:90:6:SPI_SendData	32	static
../drivers/src/stm32l4xx_spi_driver.c:115:6:SPI_RecieveData	32	static
../drivers/src/stm32l4xx_spi_driver.c:134:6:SPI_TransmitReceive	24	static
../drivers/src/stm32l4xx_spi_driver.c:157:6:SPI_PeripheralControl	16	static
../drivers/src/stm32l4xx_spi_driver.c:169:7:SPI_SSOEConfig	16	static
../drivers/src/stm32l4xx_spi_driver.c:182:9:SPI_SendData_IT	24	static
../drivers/src/stm32l4xx_spi_driver.c:200:9:SPI_ReceiveData_IT	24	static
../drivers/src/stm32l4xx_spi_driver.c:216:9:SPI_TransmitReceive_IT	24	static
../drivers/src/stm32l4xx_spi_driver.c:266:6:spi_txe_IT_handle	16	static
../drivers/src/stm32l4xx_spi_driver.c:289:6:spi_rxe_IT_handle	16	static
../drivers/src/stm32l4xx_spi_driver.c:306:6:SPI_IRQ_interrupt_Config	16	static
../drivers/src/stm32l4xx_spi_driver.c:329:6:SPI_IRQ_priority_Config	24	static
../drivers/src/stm32l4xx_spi_driver.c:386:6:SPI_IRQHandling	24	static
