../Drivers/CMSIS/Include/core_cm4.h:2059:26:ITM_SendChar	16	static,ignoring_inline_asm
../Core/Src/main.c:63:6:debug_printf	272	static
../Core/Src/main.c:90:5:main	56	static
../Core/Src/main.c:180:6:SystemClock_Config	96	static
../Core/Src/main.c:230:13:MX_USART2_UART_Init	8	static
../Core/Src/main.c:265:13:MX_GPIO_Init	48	static
../Core/Src/main.c:300:6:EmployeeDoWork	16	static
../Core/Src/main.c:305:6:Manager_Task	24	static,ignoring_inline_asm
../Core/Src/main.c:327:6:Employee_Task	24	static
../Core/Src/main.c:356:6:StartDefaultTask	16	static
../Core/Src/main.c:371:6:Error_Handler	4	static,ignoring_inline_asm
