../Drivers/CMSIS/Include/core_cm4.h:2059:26:ITM_SendChar	16	static,ignoring_inline_asm
../Core/Src/main.c:66:6:debug_printf	272	static
../Core/Src/main.c:81:6:vTask1	16	static
../Core/Src/main.c:91:6:vTask2	16	static
../Core/Src/main.c:109:5:main	56	static
../Core/Src/main.c:196:6:SystemClock_Config	96	static
../Core/Src/main.c:246:13:MX_USART2_UART_Init	8	static
../Core/Src/main.c:281:13:MX_GPIO_Init	48	static
../Core/Src/main.c:326:6:StartDefaultTask	16	static
../Core/Src/main.c:341:6:Error_Handler	4	static,ignoring_inline_asm
