../Core/Src/main.c:68:6:I2C_Scan	48	static
../Core/Src/main.c:97:6:HAL_TIM_IC_CaptureCallback	24	static
../Core/Src/main.c:148:10:HCSR04_Read	16	static
../Core/Src/main.c:188:5:main	40	static
../Core/Src/main.c:285:6:SystemClock_Config	96	static
../Core/Src/main.c:335:13:MX_I2C1_Init	8	static
../Core/Src/main.c:383:13:MX_TIM1_Init	40	static
../Core/Src/main.c:433:13:MX_USART2_UART_Init	8	static
../Core/Src/main.c:468:13:MX_GPIO_Init	48	static
../Core/Src/main.c:527:6:Error_Handler	4	static,ignoring_inline_asm
