15:37:17 **** Incremental Build of configuration Debug for project 10_timers ****
make -j12 all 
arm-none-eabi-gcc "../Src/main.c" -mcpu=cortex-m4 -std=gnu11 -g3 -DDEBUG -DSTM32L4 -DSTM32 -DNUCLEO_L476RG -DSTM32L476RGTx -DSTM32L476xx -c -I../Inc -I"C:/Users/VINOD/STM32CubeIDE/Drivers/CMSIS/Include" -I"C:/Users/VINOD/STM32CubeIDE/Drivers/CMSIS/Device/ST/STM32L4xx/Include" -O0 -ffunction-sections -fdata-sections -Wall -fstack-usage -fcyclomatic-complexity -MMD -MP -MF"Src/main.d" -MT"Src/main.o" --specs=nano.specs -mfpu=fpv4-sp-d16 -mfloat-abi=hard -mthumb -o "Src/main.o"
arm-none-eabi-gcc -o "10_timers.elf" @"objects.list"   -mcpu=cortex-m4 -T"C:\Users\VINOD\STM32CubeIDE\bare_metal\10_timers\STM32L476RGTX_FLASH.ld" --specs=nosys.specs -Wl,-Map="10_timers.map" -Wl,--gc-sections -static --specs=nano.specs -mfpu=fpv4-sp-d16 -mfloat-abi=hard -mthumb -Wl,--start-group -lc -lm -Wl,--end-group
Finished building target: 10_timers.elf
 
arm-none-eabi-size  10_timers.elf 
arm-none-eabi-objdump -h -S 10_timers.elf  > "10_timers.list"
   text	   data	    bss	    dec	    hex	filename
   4004	     92	   1900	   5996	   176c	10_timers.elf
Finished building: default.size.stdout
 
Finished building: 10_timers.list
 

15:37:17 Build Finished. 0 errors, 0 warnings. (took 571ms)

