17:53:51 **** Incremental Build of configuration Debug for project 13_uart_dma ****
make -j12 all 
arm-none-eabi-gcc "../Src/main.c" -mcpu=cortex-m4 -std=gnu11 -g3 -DDEBUG -DSTM32L4 -DSTM32 -DNUCLEO_L476RG -DSTM32L476RGTx -DSTM32L476xx -c -I../Inc -I"C:/Users/VINOD/STM32CubeIDE/Drivers/CMSIS/Include" -I"C:/Users/VINOD/STM32CubeIDE/Drivers/CMSIS/Device/ST/STM32L4xx/Include" -O0 -ffunction-sections -fdata-sections -Wall -fstack-usage -fcyclomatic-complexity -MMD -MP -MF"Src/main.d" -MT"Src/main.o" --specs=nano.specs -mfpu=fpv4-sp-d16 -mfloat-abi=hard -mthumb -o "Src/main.o"
arm-none-eabi-gcc "../Src/uart.c" -mcpu=cortex-m4 -std=gnu11 -g3 -DDEBUG -DSTM32L4 -DSTM32 -DNUCLEO_L476RG -DSTM32L476RGTx -DSTM32L476xx -c -I../Inc -I"C:/Users/VINOD/STM32CubeIDE/Drivers/CMSIS/Include" -I"C:/Users/VINOD/STM32CubeIDE/Drivers/CMSIS/Device/ST/STM32L4xx/Include" -O0 -ffunction-sections -fdata-sections -Wall -fstack-usage -fcyclomatic-complexity -MMD -MP -MF"Src/uart.d" -MT"Src/uart.o" --specs=nano.specs -mfpu=fpv4-sp-d16 -mfloat-abi=hard -mthumb -o "Src/uart.o"
arm-none-eabi-gcc -o "13_uart_dma.elf" @"objects.list"   -mcpu=cortex-m4 -T"C:\Users\VINOD\STM32CubeIDE\bare_metal\13_uart_dma\STM32L476RGTX_FLASH.ld" --specs=nosys.specs -Wl,-Map="13_uart_dma.map" -Wl,--gc-sections -static --specs=nano.specs -mfpu=fpv4-sp-d16 -mfloat-abi=hard -mthumb -Wl,--start-group -lc -lm -Wl,--end-group
Finished building target: 13_uart_dma.elf
 
arm-none-eabi-size  13_uart_dma.elf 
arm-none-eabi-objdump -h -S 13_uart_dma.elf  > "13_uart_dma.list"
   text	   data	    bss	    dec	    hex	filename
   1588	      0	   1568	   3156	    c54	13_uart_dma.elf
Finished building: default.size.stdout
 
Finished building: 13_uart_dma.list
 
17:54:09 **** Incremental Build of configuration Debug for project 13_uart_dma ****
make -j12 all 
arm-none-eabi-size  13_uart_dma.elf 
   text	   data	    bss	    dec	    hex	filename
   1588	      0	   1568	   3156	    c54	13_uart_dma.elf
Finished building: default.size.stdout
 
