15:01:11 **** Incremental Build of configuration Debug for project 01_led_toggle2_struct ****
make -j12 all 
arm-none-eabi-gcc "../Src/main.c" -mcpu=cortex-m4 -std=gnu11 -g3 -DDEBUG -DSTM32L4 -DSTM32 -DNUCLEO_L476RG -DSTM32L476RGTx -c -I../Inc -O0 -ffunction-sections -fdata-sections -Wall -fstack-usage -fcyclomatic-complexity -MMD -MP -MF"Src/main.d" -MT"Src/main.o" --specs=nano.specs -mfpu=fpv4-sp-d16 -mfloat-abi=hard -mthumb -o "Src/main.o"
arm-none-eabi-gcc -o "01_led_toggle2_struct.elf" @"objects.list"   -mcpu=cortex-m4 -T"C:\Users\VINOD\STM32CubeIDE\bare_metal\01_led_toggle2_struct\STM32L476RGTX_FLASH.ld" --specs=nosys.specs -Wl,-Map="01_led_toggle2_struct.map" -Wl,--gc-sections -static --specs=nano.specs -mfpu=fpv4-sp-d16 -mfloat-abi=hard -mthumb -Wl,--start-group -lc -lm -Wl,--end-group
Finished building target: 01_led_toggle2_struct.elf
 
arm-none-eabi-size  01_led_toggle2_struct.elf 
arm-none-eabi-objdump -h -S 01_led_toggle2_struct.elf  > "01_led_toggle2_struct.list"
   text	   data	    bss	    dec	    hex	filename
    744	      0	   1568	   2312	    908	01_led_toggle2_struct.elf
Finished building: default.size.stdout
 
Finished building: 01_led_toggle2_struct.list
 
