../Drivers/CMSIS/Include/core_cm4.h:2059:26:ITM_SendChar	16	static,ignoring_inline_asm
../Core/Src/main.c:58:6:debug_printf	272	static
../Core/Src/main.c:85:6:wait_for_network	64	static
../Core/Src/main.c:101:6:gsm_soft_reset	8	static
../Core/Src/main.c:112:5:main	8	static
../Core/Src/main.c:179:6:SystemClock_Config	96	static
../Core/Src/main.c:229:13:MX_USART1_UART_Init	8	static
../Core/Src/main.c:264:13:MX_USART2_UART_Init	8	static
../Core/Src/main.c:299:13:MX_GPIO_Init	48	static
../Core/Src/main.c:334:6:send_cmd	232	static
../Core/Src/main.c:364:6:send_sms	288	static
../Core/Src/main.c:424:6:Error_Handler	4	static,ignoring_inline_asm
