../Drivers/CMSIS/Include/core_cm4.h:2059:26:ITM_SendChar	4
../Core/Src/main.c:58:6:debug_printf	2
../Core/Src/main.c:85:6:wait_for_network	4
../Core/Src/main.c:101:6:gsm_soft_reset	1
../Core/Src/main.c:112:5:main	1
../Core/Src/main.c:179:6:SystemClock_Config	4
../Core/Src/main.c:229:13:MX_USART1_UART_Init	2
../Core/Src/main.c:264:13:MX_USART2_UART_Init	2
../Core/Src/main.c:299:13:MX_GPIO_Init	1
../Core/Src/main.c:334:6:send_cmd	6
../Core/Src/main.c:364:6:send_sms	9
../Core/Src/main.c:424:6:Error_Handler	1
