../Core/Src/ssd1306.c:31:9:SSD1306_Init	16	static
../Core/Src/ssd1306.c:88:6:SSD1306_UpdateScreen	16	static
../Core/Src/ssd1306.c:101:6:SSD1306_Fill	16	static
../Core/Src/ssd1306.c:105:6:SSD1306_DrawPixel	16	static
../Core/Src/ssd1306.c:121:6:SSD1306_GotoXY	16	static
../Core/Src/ssd1306.c:126:6:SSD1306_Putc	32	static
../Core/Src/ssd1306.c:149:6:SSD1306_Puts	24	static
../Core/Src/ssd1306.c:159:6:SSD1306_Clear	8	static
../Core/Src/ssd1306.c:164:6:SSD1306_PutsCentered	40	static
../Core/Src/ssd1306.c:181:13:ssd1306_I2C_Init	16	static
../Core/Src/ssd1306.c:186:13:ssd1306_I2C_WriteMulti	296	static
../Core/Src/ssd1306.c:197:13:ssd1306_I2C_Write	32	static
