11:50:35 **** Build of configuration Debug for project idle_task_hook ****
make -j12 all 
arm-none-eabi-gcc "../Core/Src/main.c" -mcpu=cortex-m4 -std=gnu11 -g3 -DDEBUG -DUSE_HAL_DRIVER -DSTM32L476xx -c -I../Core/Inc -I../Drivers/STM32L4xx_HAL_Driver/Inc -I../Drivers/STM32L4xx_HAL_Driver/Inc/Legacy -I../Drivers/CMSIS/Device/ST/STM32L4xx/Include -I../Drivers/CMSIS/Include -I../Middlewares/Third_Party/FreeRTOS/Source/include -I../Middlewares/Third_Party/FreeRTOS/Source/CMSIS_RTOS -I../Middlewares/Third_Party/FreeRTOS/Source/portable/GCC/ARM_CM4F -O0 -ffunction-sections -fdata-sections -Wall -fstack-usage -fcyclomatic-complexity -MMD -MP -MF"Core/Src/main.d" -MT"Core/Src/main.o" --specs=nano.specs -mfpu=fpv4-sp-d16 -mfloat-abi=hard -mthumb -o "Core/Src/main.o"
arm-none-eabi-gcc -o "idle_task_hook.elf" @"objects.list"   -mcpu=cortex-m4 -T"C:\Users\VINOD\STM32CubeIDE\RTOS\idle_task_hook\STM32L476RGTX_FLASH.ld" --specs=nosys.specs -Wl,-Map="idle_task_hook.map" -Wl,--gc-sections -static --specs=nano.specs -mfpu=fpv4-sp-d16 -mfloat-abi=hard -mthumb -Wl,--start-group -lc -lm -Wl,--end-group
Finished building target: idle_task_hook.elf
 
arm-none-eabi-size  idle_task_hook.elf 
arm-none-eabi-objdump -h -S idle_task_hook.elf  > "idle_task_hook.list"
   text	   data	    bss	    dec	    hex	filename
  20940	     96	   5984	  27020	   698c	idle_task_hook.elf
Finished building: default.size.stdout
 
Finished building: idle_task_hook.list
 
11:51:09 **** Incremental Build of configuration Debug for project idle_task_hook ****
make -j12 all 
arm-none-eabi-size  idle_task_hook.elf 
   text	   data	    bss	    dec	    hex	filename
  20940	     96	   5984	  27020	   698c	idle_task_hook.elf
Finished building: default.size.stdout
 
