../Drivers/CMSIS/Include/core_cm4.h:2059:26:ITM_SendChar	4
../Core/Src/main.c:94:6:debug_printf	2
../Core/Src/main.c:109:6:send_coordinates_periodically	2
../Core/Src/main.c:128:7:nmeaToDecimal	1
../Core/Src/main.c:136:6:gpsParse	4
../Core/Src/main.c:157:5:gpsValidate	9
../Core/Src/main.c:195:6:printLatLon	6
../Core/Src/main.c:220:6:HAL_UART_RxCpltCallback	5
../Core/Src/main.c:262:5:main	1
../Core/Src/main.c:326:6:SystemClock_Config	4
../Core/Src/main.c:377:13:MX_SPI2_Init	2
../Core/Src/main.c:417:13:MX_USART2_UART_Init	2
../Core/Src/main.c:452:13:MX_USART3_UART_Init	2
../Core/Src/main.c:487:13:MX_GPIO_Init	1
../Core/Src/main.c:513:6:process_SD_card	4
../Core/Src/main.c:563:6:read_SD_data	2
../Core/Src/main.c:577:6:write_to_SD1	2
../Core/Src/main.c:590:6:un_mount	1
../Core/Src/main.c:602:6:Error_Handler	1
