17:54:26 **** Build of configuration Debug for project ultrasonic_sensor_internal_flash ****
make -j12 all 
arm-none-eabi-gcc "../Core/Src/main.c" -mcpu=cortex-m4 -std=gnu11 -g3 -DDEBUG -DUSE_HAL_DRIVER -DSTM32L476xx -c -I../Core/Inc -I../Drivers/STM32L4xx_HAL_Driver/Inc -I../Drivers/STM32L4xx_HAL_Driver/Inc/Legacy -I../Drivers/CMSIS/Device/ST/STM32L4xx/Include -I../Drivers/CMSIS/Include -O0 -ffunction-sections -fdata-sections -Wall -fstack-usage -fcyclomatic-complexity -MMD -MP -MF"Core/Src/main.d" -MT"Core/Src/main.o" --specs=nano.specs -mfpu=fpv4-sp-d16 -mfloat-abi=hard -mthumb -o "Core/Src/main.o"
arm-none-eabi-gcc -o "ultrasonic_sensor_internal_flash.elf" @"objects.list"   -mcpu=cortex-m4 -T"C:\Users\VINOD\STM32CubeIDE\stm32_projects\ultrasonic_sensor_internal_flash\STM32L476RGTX_FLASH.ld" --specs=nosys.specs -Wl,-Map="ultrasonic_sensor_internal_flash.map" -Wl,--gc-sections -static --specs=nano.specs -mfpu=fpv4-sp-d16 -mfloat-abi=hard -mthumb -Wl,--start-group -lc -lm -Wl,--end-group
Finished building target: ultrasonic_sensor_internal_flash.elf
 
arm-none-eabi-size  ultrasonic_sensor_internal_flash.elf 
arm-none-eabi-objdump -h -S ultrasonic_sensor_internal_flash.elf  > "ultrasonic_sensor_internal_flash.list"
   text	   data	    bss	    dec	    hex	filename
  23924	    172	   2140	  26236	   667c	ultrasonic_sensor_internal_flash.elf
Finished building: default.size.stdout
 
Finished building: ultrasonic_sensor_internal_flash.list
 

17:54:28 Build Finished. 0 errors, 0 warnings. (took 1s.260ms)

