15:34:35 **** Incremental Build of configuration Debug for project 04_uarttx_printf ****
make -j12 all 
arm-none-eabi-gcc -mcpu=cortex-m4 -g3 -DDEBUG -c -x assembler-with-cpp -MMD -MP -MF"Startup/startup_stm32l476rgtx.d" -MT"Startup/startup_stm32l476rgtx.o" --specs=nano.specs -mfpu=fpv4-sp-d16 -mfloat-abi=hard -mthumb -o "Startup/startup_stm32l476rgtx.o" "../Startup/startup_stm32l476rgtx.s"
arm-none-eabi-gcc "../Src/main.c" -mcpu=cortex-m4 -std=gnu11 -g3 -DUSE_HAL_DRIVER -DSTM32L476xx -c -I../Inc -I"C:/Users/VINOD/STM32CubeIDE/workspace_1.19.0/04_uarttx_printf/Drivers/CMSIS/Include" -I"C:/Users/VINOD/STM32CubeIDE/workspace_1.19.0/04_uarttx_printf/Drivers/CMSIS/Device/ST/STM32L4xx/Include" -I"C:/Users/VINOD/STM32CubeIDE/workspace_1.19.0/04_uarttx_printf/Drivers/STM32L4xx_HAL_Driver/Inc" -O0 -ffunction-sections -fdata-sections -Wall -fstack-usage -fcyclomatic-complexity -MMD -MP -MF"Src/main.d" -MT"Src/main.o" --specs=nano.specs -mfpu=fpv4-sp-d16 -mfloat-abi=hard -mthumb -o "Src/main.o"
arm-none-eabi-gcc "../Src/syscalls.c" -mcpu=cortex-m4 -std=gnu11 -g3 -DUSE_HAL_DRIVER -DSTM32L476xx -c -I../Inc -I"C:/Users/VINOD/STM32CubeIDE/workspace_1.19.0/04_uarttx_printf/Drivers/CMSIS/Include" -I"C:/Users/VINOD/STM32CubeIDE/workspace_1.19.0/04_uarttx_printf/Drivers/CMSIS/Device/ST/STM32L4xx/Include" -I"C:/Users/VINOD/STM32CubeIDE/workspace_1.19.0/04_uarttx_printf/Drivers/STM32L4xx_HAL_Driver/Inc" -O0 -ffunction-sections -fdata-sections -Wall -fstack-usage -fcyclomatic-complexity -MMD -MP -MF"Src/syscalls.d" -MT"Src/syscalls.o" --specs=nano.specs -mfpu=fpv4-sp-d16 -mfloat-abi=hard -mthumb -o "Src/syscalls.o"
arm-none-eabi-gcc "../Src/sysmem.c" -mcpu=cortex-m4 -std=gnu11 -g3 -DUSE_HAL_DRIVER -DSTM32L476xx -c -I../Inc -I"C:/Users/VINOD/STM32CubeIDE/workspace_1.19.0/04_uarttx_printf/Drivers/CMSIS/Include" -I"C:/Users/VINOD/STM32CubeIDE/workspace_1.19.0/04_uarttx_printf/Drivers/CMSIS/Device/ST/STM32L4xx/Include" -I"C:/Users/VINOD/STM32CubeIDE/workspace_1.19.0/04_uarttx_printf/Drivers/STM32L4xx_HAL_Driver/Inc" -O0 -ffunction-sections -fdata-sections -Wall -fstack-usage -fcyclomatic-complexity -MMD -MP -MF"Src/sysmem.d" -MT"Src/sysmem.o" --specs=nano.specs -mfpu=fpv4-sp-d16 -mfloat-abi=hard -mthumb -o "Src/sysmem.o"
arm-none-eabi-gcc "../Src/system_stm32l4xx.c" -mcpu=cortex-m4 -std=gnu11 -g3 -DUSE_HAL_DRIVER -DSTM32L476xx -c -I../Inc -I"C:/Users/VINOD/STM32CubeIDE/workspace_1.19.0/04_uarttx_printf/Drivers/CMSIS/Include" -I"C:/Users/VINOD/STM32CubeIDE/workspace_1.19.0/04_uarttx_printf/Drivers/CMSIS/Device/ST/STM32L4xx/Include" -I"C:/Users/VINOD/STM32CubeIDE/workspace_1.19.0/04_uarttx_printf/Drivers/STM32L4xx_HAL_Driver/Inc" -O0 -ffunction-sections -fdata-sections -Wall -fstack-usage -fcyclomatic-complexity -MMD -MP -MF"Src/system_stm32l4xx.d" -MT"Src/system_stm32l4xx.o" --specs=nano.specs -mfpu=fpv4-sp-d16 -mfloat-abi=hard -mthumb -o "Src/system_stm32l4xx.o"
arm-none-eabi-gcc "../Drivers/STM32L4xx_HAL_Driver/Src/Legacy/stm32l4xx_hal_can.c" -mcpu=cortex-m4 -std=gnu11 -g3 -DUSE_HAL_DRIVER -DSTM32L476xx -c -I../Inc -I"C:/Users/VINOD/STM32CubeIDE/workspace_1.19.0/04_uarttx_printf/Drivers/CMSIS/Include" -I"C:/Users/VINOD/STM32CubeIDE/workspace_1.19.0/04_uarttx_printf/Drivers/CMSIS/Device/ST/STM32L4xx/Include" -I"C:/Users/VINOD/STM32CubeIDE/workspace_1.19.0/04_uarttx_printf/Drivers/STM32L4xx_HAL_Driver/Inc" -O0 -ffunction-sections -fdata-sections -Wall -fstack-usage -fcyclomatic-complexity -MMD -MP -MF"Drivers/STM32L4xx_HAL_Driver/Src/Legacy/stm32l4xx_hal_can.d" -MT"Drivers/STM32L4xx_HAL_Driver/Src/Legacy/stm32l4xx_hal_can.o" --specs=nano.specs -mfpu=fpv4-sp-d16 -mfloat-abi=hard -mthumb -o "Drivers/STM32L4xx_HAL_Driver/Src/Legacy/stm32l4xx_hal_can.o"
arm-none-eabi-gcc "../Drivers/STM32L4xx_HAL_Driver/Src/stm32l4xx_hal.c" -mcpu=cortex-m4 -std=gnu11 -g3 -DUSE_HAL_DRIVER -DSTM32L476xx -c -I../Inc -I"C:/Users/VINOD/STM32CubeIDE/workspace_1.19.0/04_uarttx_printf/Drivers/CMSIS/Include" -I"C:/Users/VINOD/STM32CubeIDE/workspace_1.19.0/04_uarttx_printf/Drivers/CMSIS/Device/ST/STM32L4xx/Include" -I"C:/Users/VINOD/STM32CubeIDE/workspace_1.19.0/04_uarttx_printf/Drivers/STM32L4xx_HAL_Driver/Inc" -O0 -ffunction-sections -fdata-sections -Wall -fstack-usage -fcyclomatic-complexity -MMD -MP -MF"Drivers/STM32L4xx_HAL_Driver/Src/stm32l4xx_hal.d" -MT"Drivers/STM32L4xx_HAL_Driver/Src/stm32l4xx_hal.o" --specs=nano.specs -mfpu=fpv4-sp-d16 -mfloat-abi=hard -mthumb -o "Drivers/STM32L4xx_HAL_Driver/Src/stm32l4xx_hal.o"
arm-none-eabi-gcc "../Drivers/STM32L4xx_HAL_Driver/Src/stm32l4xx_hal_cortex.c" -mcpu=cortex-m4 -std=gnu11 -g3 -DUSE_HAL_DRIVER -DSTM32L476xx -c -I../Inc -I"C:/Users/VINOD/STM32CubeIDE/workspace_1.19.0/04_uarttx_printf/Drivers/CMSIS/Include" -I"C:/Users/VINOD/STM32CubeIDE/workspace_1.19.0/04_uarttx_printf/Drivers/CMSIS/Device/ST/STM32L4xx/Include" -I"C:/Users/VINOD/STM32CubeIDE/workspace_1.19.0/04_uarttx_printf/Drivers/STM32L4xx_HAL_Driver/Inc" -O0 -ffunction-sections -fdata-sections -Wall -fstack-usage -fcyclomatic-complexity -MMD -MP -MF"Drivers/STM32L4xx_HAL_Driver/Src/stm32l4xx_hal_cortex.d" -MT"Drivers/STM32L4xx_HAL_Driver/Src/stm32l4xx_hal_cortex.o" --specs=nano.specs -mfpu=fpv4-sp-d16 -mfloat-abi=hard -mthumb -o "Drivers/STM32L4xx_HAL_Driver/Src/stm32l4xx_hal_cortex.o"
arm-none-eabi-gcc "../Drivers/STM32L4xx_HAL_Driver/Src/stm32l4xx_hal_dma.c" -mcpu=cortex-m4 -std=gnu11 -g3 -DUSE_HAL_DRIVER -DSTM32L476xx -c -I../Inc -I"C:/Users/VINOD/STM32CubeIDE/workspace_1.19.0/04_uarttx_printf/Drivers/CMSIS/Include" -I"C:/Users/VINOD/STM32CubeIDE/workspace_1.19.0/04_uarttx_printf/Drivers/CMSIS/Device/ST/STM32L4xx/Include" -I"C:/Users/VINOD/STM32CubeIDE/workspace_1.19.0/04_uarttx_printf/Drivers/STM32L4xx_HAL_Driver/Inc" -O0 -ffunction-sections -fdata-sections -Wall -fstack-usage -fcyclomatic-complexity -MMD -MP -MF"Drivers/STM32L4xx_HAL_Driver/Src/stm32l4xx_hal_dma.d" -MT"Drivers/STM32L4xx_HAL_Driver/Src/stm32l4xx_hal_dma.o" --specs=nano.specs -mfpu=fpv4-sp-d16 -mfloat-abi=hard -mthumb -o "Drivers/STM32L4xx_HAL_Driver/Src/stm32l4xx_hal_dma.o"
arm-none-eabi-gcc "../Drivers/STM32L4xx_HAL_Driver/Src/stm32l4xx_hal_dma_ex.c" -mcpu=cortex-m4 -std=gnu11 -g3 -DUSE_HAL_DRIVER -DSTM32L476xx -c -I../Inc -I"C:/Users/VINOD/STM32CubeIDE/workspace_1.19.0/04_uarttx_printf/Drivers/CMSIS/Include" -I"C:/Users/VINOD/STM32CubeIDE/workspace_1.19.0/04_uarttx_printf/Drivers/CMSIS/Device/ST/STM32L4xx/Include" -I"C:/Users/VINOD/STM32CubeIDE/workspace_1.19.0/04_uarttx_printf/Drivers/STM32L4xx_HAL_Driver/Inc" -O0 -ffunction-sections -fdata-sections -Wall -fstack-usage -fcyclomatic-complexity -MMD -MP -MF"Drivers/STM32L4xx_HAL_Driver/Src/stm32l4xx_hal_dma_ex.d" -MT"Drivers/STM32L4xx_HAL_Driver/Src/stm32l4xx_hal_dma_ex.o" --specs=nano.specs -mfpu=fpv4-sp-d16 -mfloat-abi=hard -mthumb -o "Drivers/STM32L4xx_HAL_Driver/Src/stm32l4xx_hal_dma_ex.o"
arm-none-eabi-gcc "../Drivers/STM32L4xx_HAL_Driver/Src/stm32l4xx_hal_exti.c" -mcpu=cortex-m4 -std=gnu11 -g3 -DUSE_HAL_DRIVER -DSTM32L476xx -c -I../Inc -I"C:/Users/VINOD/STM32CubeIDE/workspace_1.19.0/04_uarttx_printf/Drivers/CMSIS/Include" -I"C:/Users/VINOD/STM32CubeIDE/workspace_1.19.0/04_uarttx_printf/Drivers/CMSIS/Device/ST/STM32L4xx/Include" -I"C:/Users/VINOD/STM32CubeIDE/workspace_1.19.0/04_uarttx_printf/Drivers/STM32L4xx_HAL_Driver/Inc" -O0 -ffunction-sections -fdata-sections -Wall -fstack-usage -fcyclomatic-complexity -MMD -MP -MF"Drivers/STM32L4xx_HAL_Driver/Src/stm32l4xx_hal_exti.d" -MT"Drivers/STM32L4xx_HAL_Driver/Src/stm32l4xx_hal_exti.o" --specs=nano.specs -mfpu=fpv4-sp-d16 -mfloat-abi=hard -mthumb -o "Drivers/STM32L4xx_HAL_Driver/Src/stm32l4xx_hal_exti.o"
arm-none-eabi-gcc "../Drivers/STM32L4xx_HAL_Driver/Src/stm32l4xx_hal_flash.c" -mcpu=cortex-m4 -std=gnu11 -g3 -DUSE_HAL_DRIVER -DSTM32L476xx -c -I../Inc -I"C:/Users/VINOD/STM32CubeIDE/workspace_1.19.0/04_uarttx_printf/Drivers/CMSIS/Include" -I"C:/Users/VINOD/STM32CubeIDE/workspace_1.19.0/04_uarttx_printf/Drivers/CMSIS/Device/ST/STM32L4xx/Include" -I"C:/Users/VINOD/STM32CubeIDE/workspace_1.19.0/04_uarttx_printf/Drivers/STM32L4xx_HAL_Driver/Inc" -O0 -ffunction-sections -fdata-sections -Wall -fstack-usage -fcyclomatic-complexity -MMD -MP -MF"Drivers/STM32L4xx_HAL_Driver/Src/stm32l4xx_hal_flash.d" -MT"Drivers/STM32L4xx_HAL_Driver/Src/stm32l4xx_hal_flash.o" --specs=nano.specs -mfpu=fpv4-sp-d16 -mfloat-abi=hard -mthumb -o "Drivers/STM32L4xx_HAL_Driver/Src/stm32l4xx_hal_flash.o"
arm-none-eabi-gcc "../Drivers/STM32L4xx_HAL_Driver/Src/stm32l4xx_hal_flash_ex.c" -mcpu=cortex-m4 -std=gnu11 -g3 -DUSE_HAL_DRIVER -DSTM32L476xx -c -I../Inc -I"C:/Users/VINOD/STM32CubeIDE/workspace_1.19.0/04_uarttx_printf/Drivers/CMSIS/Include" -I"C:/Users/VINOD/STM32CubeIDE/workspace_1.19.0/04_uarttx_printf/Drivers/CMSIS/Device/ST/STM32L4xx/Include" -I"C:/Users/VINOD/STM32CubeIDE/workspace_1.19.0/04_uarttx_printf/Drivers/STM32L4xx_HAL_Driver/Inc" -O0 -ffunction-sections -fdata-sections -Wall -fstack-usage -fcyclomatic-complexity -MMD -MP -MF"Drivers/STM32L4xx_HAL_Driver/Src/stm32l4xx_hal_flash_ex.d" -MT"Drivers/STM32L4xx_HAL_Driver/Src/stm32l4xx_hal_flash_ex.o" --specs=nano.specs -mfpu=fpv4-sp-d16 -mfloat-abi=hard -mthumb -o "Drivers/STM32L4xx_HAL_Driver/Src/stm32l4xx_hal_flash_ex.o"
arm-none-eabi-gcc "../Drivers/STM32L4xx_HAL_Driver/Src/stm32l4xx_hal_flash_ramfunc.c" -mcpu=cortex-m4 -std=gnu11 -g3 -DUSE_HAL_DRIVER -DSTM32L476xx -c -I../Inc -I"C:/Users/VINOD/STM32CubeIDE/workspace_1.19.0/04_uarttx_printf/Drivers/CMSIS/Include" -I"C:/Users/VINOD/STM32CubeIDE/workspace_1.19.0/04_uarttx_printf/Drivers/CMSIS/Device/ST/STM32L4xx/Include" -I"C:/Users/VINOD/STM32CubeIDE/workspace_1.19.0/04_uarttx_printf/Drivers/STM32L4xx_HAL_Driver/Inc" -O0 -ffunction-sections -fdata-sections -Wall -fstack-usage -fcyclomatic-complexity -MMD -MP -MF"Drivers/STM32L4xx_HAL_Driver/Src/stm32l4xx_hal_flash_ramfunc.d" -MT"Drivers/STM32L4xx_HAL_Driver/Src/stm32l4xx_hal_flash_ramfunc.o" --specs=nano.specs -mfpu=fpv4-sp-d16 -mfloat-abi=hard -mthumb -o "Drivers/STM32L4xx_HAL_Driver/Src/stm32l4xx_hal_flash_ramfunc.o"
arm-none-eabi-gcc "../Drivers/STM32L4xx_HAL_Driver/Src/stm32l4xx_hal_gpio.c" -mcpu=cortex-m4 -std=gnu11 -g3 -DUSE_HAL_DRIVER -DSTM32L476xx -c -I../Inc -I"C:/Users/VINOD/STM32CubeIDE/workspace_1.19.0/04_uarttx_printf/Drivers/CMSIS/Include" -I"C:/Users/VINOD/STM32CubeIDE/workspace_1.19.0/04_uarttx_printf/Drivers/CMSIS/Device/ST/STM32L4xx/Include" -I"C:/Users/VINOD/STM32CubeIDE/workspace_1.19.0/04_uarttx_printf/Drivers/STM32L4xx_HAL_Driver/Inc" -O0 -ffunction-sections -fdata-sections -Wall -fstack-usage -fcyclomatic-complexity -MMD -MP -MF"Drivers/STM32L4xx_HAL_Driver/Src/stm32l4xx_hal_gpio.d" -MT"Drivers/STM32L4xx_HAL_Driver/Src/stm32l4xx_hal_gpio.o" --specs=nano.specs -mfpu=fpv4-sp-d16 -mfloat-abi=hard -mthumb -o "Drivers/STM32L4xx_HAL_Driver/Src/stm32l4xx_hal_gpio.o"
arm-none-eabi-gcc "../Drivers/STM32L4xx_HAL_Driver/Src/stm32l4xx_hal_pwr.c" -mcpu=cortex-m4 -std=gnu11 -g3 -DUSE_HAL_DRIVER -DSTM32L476xx -c -I../Inc -I"C:/Users/VINOD/STM32CubeIDE/workspace_1.19.0/04_uarttx_printf/Drivers/CMSIS/Include" -I"C:/Users/VINOD/STM32CubeIDE/workspace_1.19.0/04_uarttx_printf/Drivers/CMSIS/Device/ST/STM32L4xx/Include" -I"C:/Users/VINOD/STM32CubeIDE/workspace_1.19.0/04_uarttx_printf/Drivers/STM32L4xx_HAL_Driver/Inc" -O0 -ffunction-sections -fdata-sections -Wall -fstack-usage -fcyclomatic-complexity -MMD -MP -MF"Drivers/STM32L4xx_HAL_Driver/Src/stm32l4xx_hal_pwr.d" -MT"Drivers/STM32L4xx_HAL_Driver/Src/stm32l4xx_hal_pwr.o" --specs=nano.specs -mfpu=fpv4-sp-d16 -mfloat-abi=hard -mthumb -o "Drivers/STM32L4xx_HAL_Driver/Src/stm32l4xx_hal_pwr.o"
arm-none-eabi-gcc "../Drivers/STM32L4xx_HAL_Driver/Src/stm32l4xx_hal_pwr_ex.c" -mcpu=cortex-m4 -std=gnu11 -g3 -DUSE_HAL_DRIVER -DSTM32L476xx -c -I../Inc -I"C:/Users/VINOD/STM32CubeIDE/workspace_1.19.0/04_uarttx_printf/Drivers/CMSIS/Include" -I"C:/Users/VINOD/STM32CubeIDE/workspace_1.19.0/04_uarttx_printf/Drivers/CMSIS/Device/ST/STM32L4xx/Include" -I"C:/Users/VINOD/STM32CubeIDE/workspace_1.19.0/04_uarttx_printf/Drivers/STM32L4xx_HAL_Driver/Inc" -O0 -ffunction-sections -fdata-sections -Wall -fstack-usage -fcyclomatic-complexity -MMD -MP -MF"Drivers/STM32L4xx_HAL_Driver/Src/stm32l4xx_hal_pwr_ex.d" -MT"Drivers/STM32L4xx_HAL_Driver/Src/stm32l4xx_hal_pwr_ex.o" --specs=nano.specs -mfpu=fpv4-sp-d16 -mfloat-abi=hard -mthumb -o "Drivers/STM32L4xx_HAL_Driver/Src/stm32l4xx_hal_pwr_ex.o"
arm-none-eabi-gcc "../Drivers/STM32L4xx_HAL_Driver/Src/stm32l4xx_hal_rcc.c" -mcpu=cortex-m4 -std=gnu11 -g3 -DUSE_HAL_DRIVER -DSTM32L476xx -c -I../Inc -I"C:/Users/VINOD/STM32CubeIDE/workspace_1.19.0/04_uarttx_printf/Drivers/CMSIS/Include" -I"C:/Users/VINOD/STM32CubeIDE/workspace_1.19.0/04_uarttx_printf/Drivers/CMSIS/Device/ST/STM32L4xx/Include" -I"C:/Users/VINOD/STM32CubeIDE/workspace_1.19.0/04_uarttx_printf/Drivers/STM32L4xx_HAL_Driver/Inc" -O0 -ffunction-sections -fdata-sections -Wall -fstack-usage -fcyclomatic-complexity -MMD -MP -MF"Drivers/STM32L4xx_HAL_Driver/Src/stm32l4xx_hal_rcc.d" -MT"Drivers/STM32L4xx_HAL_Driver/Src/stm32l4xx_hal_rcc.o" --specs=nano.specs -mfpu=fpv4-sp-d16 -mfloat-abi=hard -mthumb -o "Drivers/STM32L4xx_HAL_Driver/Src/stm32l4xx_hal_rcc.o"
arm-none-eabi-gcc "../Drivers/STM32L4xx_HAL_Driver/Src/stm32l4xx_hal_rcc_ex.c" -mcpu=cortex-m4 -std=gnu11 -g3 -DUSE_HAL_DRIVER -DSTM32L476xx -c -I../Inc -I"C:/Users/VINOD/STM32CubeIDE/workspace_1.19.0/04_uarttx_printf/Drivers/CMSIS/Include" -I"C:/Users/VINOD/STM32CubeIDE/workspace_1.19.0/04_uarttx_printf/Drivers/CMSIS/Device/ST/STM32L4xx/Include" -I"C:/Users/VINOD/STM32CubeIDE/workspace_1.19.0/04_uarttx_printf/Drivers/STM32L4xx_HAL_Driver/Inc" -O0 -ffunction-sections -fdata-sections -Wall -fstack-usage -fcyclomatic-complexity -MMD -MP -MF"Drivers/STM32L4xx_HAL_Driver/Src/stm32l4xx_hal_rcc_ex.d" -MT"Drivers/STM32L4xx_HAL_Driver/Src/stm32l4xx_hal_rcc_ex.o" --specs=nano.specs -mfpu=fpv4-sp-d16 -mfloat-abi=hard -mthumb -o "Drivers/STM32L4xx_HAL_Driver/Src/stm32l4xx_hal_rcc_ex.o"
arm-none-eabi-gcc "../Drivers/STM32L4xx_HAL_Driver/Src/stm32l4xx_hal_uart.c" -mcpu=cortex-m4 -std=gnu11 -g3 -DUSE_HAL_DRIVER -DSTM32L476xx -c -I../Inc -I"C:/Users/VINOD/STM32CubeIDE/workspace_1.19.0/04_uarttx_printf/Drivers/CMSIS/Include" -I"C:/Users/VINOD/STM32CubeIDE/workspace_1.19.0/04_uarttx_printf/Drivers/CMSIS/Device/ST/STM32L4xx/Include" -I"C:/Users/VINOD/STM32CubeIDE/workspace_1.19.0/04_uarttx_printf/Drivers/STM32L4xx_HAL_Driver/Inc" -O0 -ffunction-sections -fdata-sections -Wall -fstack-usage -fcyclomatic-complexity -MMD -MP -MF"Drivers/STM32L4xx_HAL_Driver/Src/stm32l4xx_hal_uart.d" -MT"Drivers/STM32L4xx_HAL_Driver/Src/stm32l4xx_hal_uart.o" --specs=nano.specs -mfpu=fpv4-sp-d16 -mfloat-abi=hard -mthumb -o "Drivers/STM32L4xx_HAL_Driver/Src/stm32l4xx_hal_uart.o"
arm-none-eabi-gcc "../Drivers/STM32L4xx_HAL_Driver/Src/stm32l4xx_hal_uart_ex.c" -mcpu=cortex-m4 -std=gnu11 -g3 -DUSE_HAL_DRIVER -DSTM32L476xx -c -I../Inc -I"C:/Users/VINOD/STM32CubeIDE/workspace_1.19.0/04_uarttx_printf/Drivers/CMSIS/Include" -I"C:/Users/VINOD/STM32CubeIDE/workspace_1.19.0/04_uarttx_printf/Drivers/CMSIS/Device/ST/STM32L4xx/Include" -I"C:/Users/VINOD/STM32CubeIDE/workspace_1.19.0/04_uarttx_printf/Drivers/STM32L4xx_HAL_Driver/Inc" -O0 -ffunction-sections -fdata-sections -Wall -fstack-usage -fcyclomatic-complexity -MMD -MP -MF"Drivers/STM32L4xx_HAL_Driver/Src/stm32l4xx_hal_uart_ex.d" -MT"Drivers/STM32L4xx_HAL_Driver/Src/stm32l4xx_hal_uart_ex.o" --specs=nano.specs -mfpu=fpv4-sp-d16 -mfloat-abi=hard -mthumb -o "Drivers/STM32L4xx_HAL_Driver/Src/stm32l4xx_hal_uart_ex.o"
arm-none-eabi-gcc "../Drivers/STM32L4xx_HAL_Driver/Src/stm32l4xx_hal_usart.c" -mcpu=cortex-m4 -std=gnu11 -g3 -DUSE_HAL_DRIVER -DSTM32L476xx -c -I../Inc -I"C:/Users/VINOD/STM32CubeIDE/workspace_1.19.0/04_uarttx_printf/Drivers/CMSIS/Include" -I"C:/Users/VINOD/STM32CubeIDE/workspace_1.19.0/04_uarttx_printf/Drivers/CMSIS/Device/ST/STM32L4xx/Include" -I"C:/Users/VINOD/STM32CubeIDE/workspace_1.19.0/04_uarttx_printf/Drivers/STM32L4xx_HAL_Driver/Inc" -O0 -ffunction-sections -fdata-sections -Wall -fstack-usage -fcyclomatic-complexity -MMD -MP -MF"Drivers/STM32L4xx_HAL_Driver/Src/stm32l4xx_hal_usart.d" -MT"Drivers/STM32L4xx_HAL_Driver/Src/stm32l4xx_hal_usart.o" --specs=nano.specs -mfpu=fpv4-sp-d16 -mfloat-abi=hard -mthumb -o "Drivers/STM32L4xx_HAL_Driver/Src/stm32l4xx_hal_usart.o"
arm-none-eabi-gcc "../Drivers/STM32L4xx_HAL_Driver/Src/stm32l4xx_hal_usart_ex.c" -mcpu=cortex-m4 -std=gnu11 -g3 -DUSE_HAL_DRIVER -DSTM32L476xx -c -I../Inc -I"C:/Users/VINOD/STM32CubeIDE/workspace_1.19.0/04_uarttx_printf/Drivers/CMSIS/Include" -I"C:/Users/VINOD/STM32CubeIDE/workspace_1.19.0/04_uarttx_printf/Drivers/CMSIS/Device/ST/STM32L4xx/Include" -I"C:/Users/VINOD/STM32CubeIDE/workspace_1.19.0/04_uarttx_printf/Drivers/STM32L4xx_HAL_Driver/Inc" -O0 -ffunction-sections -fdata-sections -Wall -fstack-usage -fcyclomatic-complexity -MMD -MP -MF"Drivers/STM32L4xx_HAL_Driver/Src/stm32l4xx_hal_usart_ex.d" -MT"Drivers/STM32L4xx_HAL_Driver/Src/stm32l4xx_hal_usart_ex.o" --specs=nano.specs -mfpu=fpv4-sp-d16 -mfloat-abi=hard -mthumb -o "Drivers/STM32L4xx_HAL_Driver/Src/stm32l4xx_hal_usart_ex.o"
arm-none-eabi-gcc -o "04_uarttx_printf.elf" @"objects.list"   -mcpu=cortex-m4 -T"C:\Users\VINOD\STM32CubeIDE\workspace_1.19.0\04_uarttx_printf\STM32L476RGTX_FLASH.ld" --specs=nosys.specs -Wl,-Map="04_uarttx_printf.map" -Wl,--gc-sections -static --specs=nano.specs -mfpu=fpv4-sp-d16 -mfloat-abi=hard -mthumb -Wl,--start-group -lc -lm -Wl,--end-group
Finished building target: 04_uarttx_printf.elf
 
arm-none-eabi-size  04_uarttx_printf.elf 
arm-none-eabi-objdump -h -S 04_uarttx_printf.elf  > "04_uarttx_printf.list"
   text	   data	    bss	    dec	    hex	filename
  10668	    104	   2040	  12812	   320c	04_uarttx_printf.elf
Finished building: default.size.stdout
 
Finished building: 04_uarttx_printf.list
 

15:34:37 Build Finished. 0 errors, 0 warnings. (took 1s.907ms)

