10:29:19 **** Incremental Build of configuration Debug for project 1_GPIO_Input_output ****
make -j12 all 
arm-none-eabi-gcc "../Src/main.c" -mcpu=cortex-m4 -std=gnu11 -g3 -DUSE_HAL_DRIVER -DSTM32L476xx -c -I../Inc -I"C:/Users/VINOD/Downloads/STM32_Projects-main/STM32_Projects-main/1_GPIO_Input_output/Drivers/CMSIS/Include" -I"C:/Users/VINOD/Downloads/STM32_Projects-main/STM32_Projects-main/1_GPIO_Input_output/Drivers/CMSIS/Device/ST/STM32L4xx/Include" -I"C:/Users/VINOD/Downloads/STM32_Projects-main/STM32_Projects-main/1_GPIO_Input_output/Drivers/STM32L4xx_HAL_Driver/Inc" -O0 -ffunction-sections -fdata-sections -Wall -fstack-usage -fcyclomatic-complexity -MMD -MP -MF"Src/main.d" -MT"Src/main.o" --specs=nano.specs -mfpu=fpv4-sp-d16 -mfloat-abi=hard -mthumb -o "Src/main.o"
arm-none-eabi-gcc "../Src/syscalls.c" -mcpu=cortex-m4 -std=gnu11 -g3 -DUSE_HAL_DRIVER -DSTM32L476xx -c -I../Inc -I"C:/Users/VINOD/Downloads/STM32_Projects-main/STM32_Projects-main/1_GPIO_Input_output/Drivers/CMSIS/Include" -I"C:/Users/VINOD/Downloads/STM32_Projects-main/STM32_Projects-main/1_GPIO_Input_output/Drivers/CMSIS/Device/ST/STM32L4xx/Include" -I"C:/Users/VINOD/Downloads/STM32_Projects-main/STM32_Projects-main/1_GPIO_Input_output/Drivers/STM32L4xx_HAL_Driver/Inc" -O0 -ffunction-sections -fdata-sections -Wall -fstack-usage -fcyclomatic-complexity -MMD -MP -MF"Src/syscalls.d" -MT"Src/syscalls.o" --specs=nano.specs -mfpu=fpv4-sp-d16 -mfloat-abi=hard -mthumb -o "Src/syscalls.o"
arm-none-eabi-gcc "../Src/sysmem.c" -mcpu=cortex-m4 -std=gnu11 -g3 -DUSE_HAL_DRIVER -DSTM32L476xx -c -I../Inc -I"C:/Users/VINOD/Downloads/STM32_Projects-main/STM32_Projects-main/1_GPIO_Input_output/Drivers/CMSIS/Include" -I"C:/Users/VINOD/Downloads/STM32_Projects-main/STM32_Projects-main/1_GPIO_Input_output/Drivers/CMSIS/Device/ST/STM32L4xx/Include" -I"C:/Users/VINOD/Downloads/STM32_Projects-main/STM32_Projects-main/1_GPIO_Input_output/Drivers/STM32L4xx_HAL_Driver/Inc" -O0 -ffunction-sections -fdata-sections -Wall -fstack-usage -fcyclomatic-complexity -MMD -MP -MF"Src/sysmem.d" -MT"Src/sysmem.o" --specs=nano.specs -mfpu=fpv4-sp-d16 -mfloat-abi=hard -mthumb -o "Src/sysmem.o"
arm-none-eabi-gcc "../Src/system_stm32l4xx.c" -mcpu=cortex-m4 -std=gnu11 -g3 -DUSE_HAL_DRIVER -DSTM32L476xx -c -I../Inc -I"C:/Users/VINOD/Downloads/STM32_Projects-main/STM32_Projects-main/1_GPIO_Input_output/Drivers/CMSIS/Include" -I"C:/Users/VINOD/Downloads/STM32_Projects-main/STM32_Projects-main/1_GPIO_Input_output/Drivers/CMSIS/Device/ST/STM32L4xx/Include" -I"C:/Users/VINOD/Downloads/STM32_Projects-main/STM32_Projects-main/1_GPIO_Input_output/Drivers/STM32L4xx_HAL_Driver/Inc" -O0 -ffunction-sections -fdata-sections -Wall -fstack-usage -fcyclomatic-complexity -MMD -MP -MF"Src/system_stm32l4xx.d" -MT"Src/system_stm32l4xx.o" --specs=nano.specs -mfpu=fpv4-sp-d16 -mfloat-abi=hard -mthumb -o "Src/system_stm32l4xx.o"
arm-none-eabi-gcc "../Drivers/STM32L4xx_HAL_Driver/Src/Legacy/stm32l4xx_hal_can.c" -mcpu=cortex-m4 -std=gnu11 -g3 -DUSE_HAL_DRIVER -DSTM32L476xx -c -I../Inc -I"C:/Users/VINOD/Downloads/STM32_Projects-main/STM32_Projects-main/1_GPIO_Input_output/Drivers/CMSIS/Device/ST/STM32L4xx/Include" -I"C:/Users/VINOD/Downloads/STM32_Projects-main/STM32_Projects-main/1_GPIO_Input_output/Drivers/CMSIS/Include" -I"C:/Users/VINOD/Downloads/STM32_Projects-main/STM32_Projects-main/1_GPIO_Input_output/Drivers/STM32L4xx_HAL_Driver/Inc" -O0 -ffunction-sections -fdata-sections -Wall -fstack-usage -fcyclomatic-complexity -MMD -MP -MF"Drivers/STM32L4xx_HAL_Driver/Src/Legacy/stm32l4xx_hal_can.d" -MT"Drivers/STM32L4xx_HAL_Driver/Src/Legacy/stm32l4xx_hal_can.o" --specs=nano.specs -mfpu=fpv4-sp-d16 -mfloat-abi=hard -mthumb -o "Drivers/STM32L4xx_HAL_Driver/Src/Legacy/stm32l4xx_hal_can.o"
arm-none-eabi-gcc "../Drivers/STM32L4xx_HAL_Driver/Src/stm32l4xx_hal.c" -mcpu=cortex-m4 -std=gnu11 -g3 -DUSE_HAL_DRIVER -DSTM32L476xx -c -I../Inc -I"C:/Users/VINOD/Downloads/STM32_Projects-main/STM32_Projects-main/1_GPIO_Input_output/Drivers/CMSIS/Device/ST/STM32L4xx/Include" -I"C:/Users/VINOD/Downloads/STM32_Projects-main/STM32_Projects-main/1_GPIO_Input_output/Drivers/CMSIS/Include" -I"C:/Users/VINOD/Downloads/STM32_Projects-main/STM32_Projects-main/1_GPIO_Input_output/Drivers/STM32L4xx_HAL_Driver/Inc" -O0 -ffunction-sections -fdata-sections -Wall -fstack-usage -fcyclomatic-complexity -MMD -MP -MF"Drivers/STM32L4xx_HAL_Driver/Src/stm32l4xx_hal.d" -MT"Drivers/STM32L4xx_HAL_Driver/Src/stm32l4xx_hal.o" --specs=nano.specs -mfpu=fpv4-sp-d16 -mfloat-abi=hard -mthumb -o "Drivers/STM32L4xx_HAL_Driver/Src/stm32l4xx_hal.o"
arm-none-eabi-gcc "../Drivers/STM32L4xx_HAL_Driver/Src/stm32l4xx_hal_cortex.c" -mcpu=cortex-m4 -std=gnu11 -g3 -DUSE_HAL_DRIVER -DSTM32L476xx -c -I../Inc -I"C:/Users/VINOD/Downloads/STM32_Projects-main/STM32_Projects-main/1_GPIO_Input_output/Drivers/CMSIS/Device/ST/STM32L4xx/Include" -I"C:/Users/VINOD/Downloads/STM32_Projects-main/STM32_Projects-main/1_GPIO_Input_output/Drivers/CMSIS/Include" -I"C:/Users/VINOD/Downloads/STM32_Projects-main/STM32_Projects-main/1_GPIO_Input_output/Drivers/STM32L4xx_HAL_Driver/Inc" -O0 -ffunction-sections -fdata-sections -Wall -fstack-usage -fcyclomatic-complexity -MMD -MP -MF"Drivers/STM32L4xx_HAL_Driver/Src/stm32l4xx_hal_cortex.d" -MT"Drivers/STM32L4xx_HAL_Driver/Src/stm32l4xx_hal_cortex.o" --specs=nano.specs -mfpu=fpv4-sp-d16 -mfloat-abi=hard -mthumb -o "Drivers/STM32L4xx_HAL_Driver/Src/stm32l4xx_hal_cortex.o"
arm-none-eabi-gcc "../Drivers/STM32L4xx_HAL_Driver/Src/stm32l4xx_hal_dma.c" -mcpu=cortex-m4 -std=gnu11 -g3 -DUSE_HAL_DRIVER -DSTM32L476xx -c -I../Inc -I"C:/Users/VINOD/Downloads/STM32_Projects-main/STM32_Projects-main/1_GPIO_Input_output/Drivers/CMSIS/Device/ST/STM32L4xx/Include" -I"C:/Users/VINOD/Downloads/STM32_Projects-main/STM32_Projects-main/1_GPIO_Input_output/Drivers/CMSIS/Include" -I"C:/Users/VINOD/Downloads/STM32_Projects-main/STM32_Projects-main/1_GPIO_Input_output/Drivers/STM32L4xx_HAL_Driver/Inc" -O0 -ffunction-sections -fdata-sections -Wall -fstack-usage -fcyclomatic-complexity -MMD -MP -MF"Drivers/STM32L4xx_HAL_Driver/Src/stm32l4xx_hal_dma.d" -MT"Drivers/STM32L4xx_HAL_Driver/Src/stm32l4xx_hal_dma.o" --specs=nano.specs -mfpu=fpv4-sp-d16 -mfloat-abi=hard -mthumb -o "Drivers/STM32L4xx_HAL_Driver/Src/stm32l4xx_hal_dma.o"
arm-none-eabi-gcc "../Drivers/STM32L4xx_HAL_Driver/Src/stm32l4xx_hal_dma_ex.c" -mcpu=cortex-m4 -std=gnu11 -g3 -DUSE_HAL_DRIVER -DSTM32L476xx -c -I../Inc -I"C:/Users/VINOD/Downloads/STM32_Projects-main/STM32_Projects-main/1_GPIO_Input_output/Drivers/CMSIS/Device/ST/STM32L4xx/Include" -I"C:/Users/VINOD/Downloads/STM32_Projects-main/STM32_Projects-main/1_GPIO_Input_output/Drivers/CMSIS/Include" -I"C:/Users/VINOD/Downloads/STM32_Projects-main/STM32_Projects-main/1_GPIO_Input_output/Drivers/STM32L4xx_HAL_Driver/Inc" -O0 -ffunction-sections -fdata-sections -Wall -fstack-usage -fcyclomatic-complexity -MMD -MP -MF"Drivers/STM32L4xx_HAL_Driver/Src/stm32l4xx_hal_dma_ex.d" -MT"Drivers/STM32L4xx_HAL_Driver/Src/stm32l4xx_hal_dma_ex.o" --specs=nano.specs -mfpu=fpv4-sp-d16 -mfloat-abi=hard -mthumb -o "Drivers/STM32L4xx_HAL_Driver/Src/stm32l4xx_hal_dma_ex.o"
arm-none-eabi-gcc "../Drivers/STM32L4xx_HAL_Driver/Src/stm32l4xx_hal_exti.c" -mcpu=cortex-m4 -std=gnu11 -g3 -DUSE_HAL_DRIVER -DSTM32L476xx -c -I../Inc -I"C:/Users/VINOD/Downloads/STM32_Projects-main/STM32_Projects-main/1_GPIO_Input_output/Drivers/CMSIS/Device/ST/STM32L4xx/Include" -I"C:/Users/VINOD/Downloads/STM32_Projects-main/STM32_Projects-main/1_GPIO_Input_output/Drivers/CMSIS/Include" -I"C:/Users/VINOD/Downloads/STM32_Projects-main/STM32_Projects-main/1_GPIO_Input_output/Drivers/STM32L4xx_HAL_Driver/Inc" -O0 -ffunction-sections -fdata-sections -Wall -fstack-usage -fcyclomatic-complexity -MMD -MP -MF"Drivers/STM32L4xx_HAL_Driver/Src/stm32l4xx_hal_exti.d" -MT"Drivers/STM32L4xx_HAL_Driver/Src/stm32l4xx_hal_exti.o" --specs=nano.specs -mfpu=fpv4-sp-d16 -mfloat-abi=hard -mthumb -o "Drivers/STM32L4xx_HAL_Driver/Src/stm32l4xx_hal_exti.o"
arm-none-eabi-gcc "../Drivers/STM32L4xx_HAL_Driver/Src/stm32l4xx_hal_flash.c" -mcpu=cortex-m4 -std=gnu11 -g3 -DUSE_HAL_DRIVER -DSTM32L476xx -c -I../Inc -I"C:/Users/VINOD/Downloads/STM32_Projects-main/STM32_Projects-main/1_GPIO_Input_output/Drivers/CMSIS/Device/ST/STM32L4xx/Include" -I"C:/Users/VINOD/Downloads/STM32_Projects-main/STM32_Projects-main/1_GPIO_Input_output/Drivers/CMSIS/Include" -I"C:/Users/VINOD/Downloads/STM32_Projects-main/STM32_Projects-main/1_GPIO_Input_output/Drivers/STM32L4xx_HAL_Driver/Inc" -O0 -ffunction-sections -fdata-sections -Wall -fstack-usage -fcyclomatic-complexity -MMD -MP -MF"Drivers/STM32L4xx_HAL_Driver/Src/stm32l4xx_hal_flash.d" -MT"Drivers/STM32L4xx_HAL_Driver/Src/stm32l4xx_hal_flash.o" --specs=nano.specs -mfpu=fpv4-sp-d16 -mfloat-abi=hard -mthumb -o "Drivers/STM32L4xx_HAL_Driver/Src/stm32l4xx_hal_flash.o"
arm-none-eabi-gcc "../Drivers/STM32L4xx_HAL_Driver/Src/stm32l4xx_hal_flash_ex.c" -mcpu=cortex-m4 -std=gnu11 -g3 -DUSE_HAL_DRIVER -DSTM32L476xx -c -I../Inc -I"C:/Users/VINOD/Downloads/STM32_Projects-main/STM32_Projects-main/1_GPIO_Input_output/Drivers/CMSIS/Device/ST/STM32L4xx/Include" -I"C:/Users/VINOD/Downloads/STM32_Projects-main/STM32_Projects-main/1_GPIO_Input_output/Drivers/CMSIS/Include" -I"C:/Users/VINOD/Downloads/STM32_Projects-main/STM32_Projects-main/1_GPIO_Input_output/Drivers/STM32L4xx_HAL_Driver/Inc" -O0 -ffunction-sections -fdata-sections -Wall -fstack-usage -fcyclomatic-complexity -MMD -MP -MF"Drivers/STM32L4xx_HAL_Driver/Src/stm32l4xx_hal_flash_ex.d" -MT"Drivers/STM32L4xx_HAL_Driver/Src/stm32l4xx_hal_flash_ex.o" --specs=nano.specs -mfpu=fpv4-sp-d16 -mfloat-abi=hard -mthumb -o "Drivers/STM32L4xx_HAL_Driver/Src/stm32l4xx_hal_flash_ex.o"
arm-none-eabi-gcc "../Drivers/STM32L4xx_HAL_Driver/Src/stm32l4xx_hal_flash_ramfunc.c" -mcpu=cortex-m4 -std=gnu11 -g3 -DUSE_HAL_DRIVER -DSTM32L476xx -c -I../Inc -I"C:/Users/VINOD/Downloads/STM32_Projects-main/STM32_Projects-main/1_GPIO_Input_output/Drivers/CMSIS/Device/ST/STM32L4xx/Include" -I"C:/Users/VINOD/Downloads/STM32_Projects-main/STM32_Projects-main/1_GPIO_Input_output/Drivers/CMSIS/Include" -I"C:/Users/VINOD/Downloads/STM32_Projects-main/STM32_Projects-main/1_GPIO_Input_output/Drivers/STM32L4xx_HAL_Driver/Inc" -O0 -ffunction-sections -fdata-sections -Wall -fstack-usage -fcyclomatic-complexity -MMD -MP -MF"Drivers/STM32L4xx_HAL_Driver/Src/stm32l4xx_hal_flash_ramfunc.d" -MT"Drivers/STM32L4xx_HAL_Driver/Src/stm32l4xx_hal_flash_ramfunc.o" --specs=nano.specs -mfpu=fpv4-sp-d16 -mfloat-abi=hard -mthumb -o "Drivers/STM32L4xx_HAL_Driver/Src/stm32l4xx_hal_flash_ramfunc.o"
arm-none-eabi-gcc "../Drivers/STM32L4xx_HAL_Driver/Src/stm32l4xx_hal_gpio.c" -mcpu=cortex-m4 -std=gnu11 -g3 -DUSE_HAL_DRIVER -DSTM32L476xx -c -I../Inc -I"C:/Users/VINOD/Downloads/STM32_Projects-main/STM32_Projects-main/1_GPIO_Input_output/Drivers/CMSIS/Device/ST/STM32L4xx/Include" -I"C:/Users/VINOD/Downloads/STM32_Projects-main/STM32_Projects-main/1_GPIO_Input_output/Drivers/CMSIS/Include" -I"C:/Users/VINOD/Downloads/STM32_Projects-main/STM32_Projects-main/1_GPIO_Input_output/Drivers/STM32L4xx_HAL_Driver/Inc" -O0 -ffunction-sections -fdata-sections -Wall -fstack-usage -fcyclomatic-complexity -MMD -MP -MF"Drivers/STM32L4xx_HAL_Driver/Src/stm32l4xx_hal_gpio.d" -MT"Drivers/STM32L4xx_HAL_Driver/Src/stm32l4xx_hal_gpio.o" --specs=nano.specs -mfpu=fpv4-sp-d16 -mfloat-abi=hard -mthumb -o "Drivers/STM32L4xx_HAL_Driver/Src/stm32l4xx_hal_gpio.o"
arm-none-eabi-gcc "../Drivers/STM32L4xx_HAL_Driver/Src/stm32l4xx_hal_pwr.c" -mcpu=cortex-m4 -std=gnu11 -g3 -DUSE_HAL_DRIVER -DSTM32L476xx -c -I../Inc -I"C:/Users/VINOD/Downloads/STM32_Projects-main/STM32_Projects-main/1_GPIO_Input_output/Drivers/CMSIS/Device/ST/STM32L4xx/Include" -I"C:/Users/VINOD/Downloads/STM32_Projects-main/STM32_Projects-main/1_GPIO_Input_output/Drivers/CMSIS/Include" -I"C:/Users/VINOD/Downloads/STM32_Projects-main/STM32_Projects-main/1_GPIO_Input_output/Drivers/STM32L4xx_HAL_Driver/Inc" -O0 -ffunction-sections -fdata-sections -Wall -fstack-usage -fcyclomatic-complexity -MMD -MP -MF"Drivers/STM32L4xx_HAL_Driver/Src/stm32l4xx_hal_pwr.d" -MT"Drivers/STM32L4xx_HAL_Driver/Src/stm32l4xx_hal_pwr.o" --specs=nano.specs -mfpu=fpv4-sp-d16 -mfloat-abi=hard -mthumb -o "Drivers/STM32L4xx_HAL_Driver/Src/stm32l4xx_hal_pwr.o"
arm-none-eabi-gcc "../Drivers/STM32L4xx_HAL_Driver/Src/stm32l4xx_hal_pwr_ex.c" -mcpu=cortex-m4 -std=gnu11 -g3 -DUSE_HAL_DRIVER -DSTM32L476xx -c -I../Inc -I"C:/Users/VINOD/Downloads/STM32_Projects-main/STM32_Projects-main/1_GPIO_Input_output/Drivers/CMSIS/Device/ST/STM32L4xx/Include" -I"C:/Users/VINOD/Downloads/STM32_Projects-main/STM32_Projects-main/1_GPIO_Input_output/Drivers/CMSIS/Include" -I"C:/Users/VINOD/Downloads/STM32_Projects-main/STM32_Projects-main/1_GPIO_Input_output/Drivers/STM32L4xx_HAL_Driver/Inc" -O0 -ffunction-sections -fdata-sections -Wall -fstack-usage -fcyclomatic-complexity -MMD -MP -MF"Drivers/STM32L4xx_HAL_Driver/Src/stm32l4xx_hal_pwr_ex.d" -MT"Drivers/STM32L4xx_HAL_Driver/Src/stm32l4xx_hal_pwr_ex.o" --specs=nano.specs -mfpu=fpv4-sp-d16 -mfloat-abi=hard -mthumb -o "Drivers/STM32L4xx_HAL_Driver/Src/stm32l4xx_hal_pwr_ex.o"
arm-none-eabi-gcc "../Drivers/STM32L4xx_HAL_Driver/Src/stm32l4xx_hal_rcc.c" -mcpu=cortex-m4 -std=gnu11 -g3 -DUSE_HAL_DRIVER -DSTM32L476xx -c -I../Inc -I"C:/Users/VINOD/Downloads/STM32_Projects-main/STM32_Projects-main/1_GPIO_Input_output/Drivers/CMSIS/Device/ST/STM32L4xx/Include" -I"C:/Users/VINOD/Downloads/STM32_Projects-main/STM32_Projects-main/1_GPIO_Input_output/Drivers/CMSIS/Include" -I"C:/Users/VINOD/Downloads/STM32_Projects-main/STM32_Projects-main/1_GPIO_Input_output/Drivers/STM32L4xx_HAL_Driver/Inc" -O0 -ffunction-sections -fdata-sections -Wall -fstack-usage -fcyclomatic-complexity -MMD -MP -MF"Drivers/STM32L4xx_HAL_Driver/Src/stm32l4xx_hal_rcc.d" -MT"Drivers/STM32L4xx_HAL_Driver/Src/stm32l4xx_hal_rcc.o" --specs=nano.specs -mfpu=fpv4-sp-d16 -mfloat-abi=hard -mthumb -o "Drivers/STM32L4xx_HAL_Driver/Src/stm32l4xx_hal_rcc.o"
arm-none-eabi-gcc "../Drivers/STM32L4xx_HAL_Driver/Src/stm32l4xx_hal_rcc_ex.c" -mcpu=cortex-m4 -std=gnu11 -g3 -DUSE_HAL_DRIVER -DSTM32L476xx -c -I../Inc -I"C:/Users/VINOD/Downloads/STM32_Projects-main/STM32_Projects-main/1_GPIO_Input_output/Drivers/CMSIS/Device/ST/STM32L4xx/Include" -I"C:/Users/VINOD/Downloads/STM32_Projects-main/STM32_Projects-main/1_GPIO_Input_output/Drivers/CMSIS/Include" -I"C:/Users/VINOD/Downloads/STM32_Projects-main/STM32_Projects-main/1_GPIO_Input_output/Drivers/STM32L4xx_HAL_Driver/Inc" -O0 -ffunction-sections -fdata-sections -Wall -fstack-usage -fcyclomatic-complexity -MMD -MP -MF"Drivers/STM32L4xx_HAL_Driver/Src/stm32l4xx_hal_rcc_ex.d" -MT"Drivers/STM32L4xx_HAL_Driver/Src/stm32l4xx_hal_rcc_ex.o" --specs=nano.specs -mfpu=fpv4-sp-d16 -mfloat-abi=hard -mthumb -o "Drivers/STM32L4xx_HAL_Driver/Src/stm32l4xx_hal_rcc_ex.o"
arm-none-eabi-gcc -o "1_GPIO_Input_output.elf" @"objects.list"   -mcpu=cortex-m4 -T"C:\Users\VINOD\Downloads\STM32_Projects-main\STM32_Projects-main\1_GPIO_Input_output\STM32L476RGTX_FLASH.ld" --specs=nosys.specs -Wl,-Map="1_GPIO_Input_output.map" -Wl,--gc-sections -static --specs=nano.specs -mfpu=fpv4-sp-d16 -mfloat-abi=hard -mthumb -Wl,--start-group -lc -lm -Wl,--end-group
Finished building target: 1_GPIO_Input_output.elf
 
arm-none-eabi-size  1_GPIO_Input_output.elf 
arm-none-eabi-objdump -h -S 1_GPIO_Input_output.elf  > "1_GPIO_Input_output.list"
   text	   data	    bss	    dec	    hex	filename
   2528	     12	   1572	   4112	   1010	1_GPIO_Input_output.elf
Finished building: default.size.stdout
 
Finished building: 1_GPIO_Input_output.list
 

10:29:21 Build Finished. 0 errors, 0 warnings. (took 1s.646ms)

