17:17:10 **** Incremental Build of configuration Debug for project 19_i2c_driver ****
make -j12 all 
arm-none-eabi-size  19_i2c_driver.elf 
   text	   data	    bss	    dec	    hex	filename
   5088	     24	   1728	   6840	   1ab8	19_i2c_driver.elf
Finished building: default.size.stdout
 
17:17:14 **** Incremental Build of configuration Debug for project 19_i2c_driver ****
make -j12 all 
arm-none-eabi-size  19_i2c_driver.elf 
   text	   data	    bss	    dec	    hex	filename
   5088	     24	   1728	   6840	   1ab8	19_i2c_driver.elf
Finished building: default.size.stdout
 
