19:50:38 **** Incremental Build of configuration Debug for project hello1 ****
make -j12 all 
arm-none-eabi-gcc "../Core/Src/main.c" -mcpu=cortex-m4 -std=gnu11 -g3 -DDEBUG -DUSE_HAL_DRIVER -DSTM32F411xE -c -I../Core/Inc -I../Drivers/STM32F4xx_HAL_Driver/Inc -I../Drivers/STM32F4xx_HAL_Driver/Inc/Legacy -I../Drivers/CMSIS/Device/ST/STM32F4xx/Include -I../Drivers/CMSIS/Include -O0 -ffunction-sections -fdata-sections -Wall -fstack-usage -fcyclomatic-complexity -MMD -MP -MF"Core/Src/main.d" -MT"Core/Src/main.o" --specs=nano.specs -mfpu=fpv4-sp-d16 -mfloat-abi=hard -mthumb -o "Core/Src/main.o"
arm-none-eabi-gcc -o "hello1.elf" @"objects.list"   -mcpu=cortex-m4 -T"C:\Users\VINOD\STM32CubeIDE\workspace_1.19.0\hello1\STM32F411RETX_FLASH.ld" --specs=nosys.specs -Wl,-Map="hello1.map" -Wl,--gc-sections -static --specs=nano.specs -mfpu=fpv4-sp-d16 -mfloat-abi=hard -mthumb -Wl,--start-group -lc -lm -Wl,--end-group
Finished building target: hello1.elf
 
arm-none-eabi-size  hello1.elf 
arm-none-eabi-objdump -h -S hello1.elf  > "hello1.list"
   text	   data	    bss	    dec	    hex	filename
   7856	     12	   1644	   9512	   2528	hello1.elf
Finished building: default.size.stdout
 
Finished building: hello1.list
 

19:50:39 Build Finished. 0 errors, 0 warnings. (took 1s.73ms)

