19:46:14 **** Incremental Build of configuration Debug for project 01_perpheral_clock_enable ****
make -j12 all 
arm-none-eabi-gcc "../Src/main.c" -mcpu=cortex-m4 -std=gnu11 -g3 -DDEBUG -DSTM32L4 -DSTM32 -DNUCLEO_L476RG -DSTM32L476RGTx -c -I../Inc -O0 -ffunction-sections -fdata-sections -Wall -fstack-usage -fcyclomatic-complexity -MMD -MP -MF"Src/main.d" -MT"Src/main.o" --specs=nano.specs -mfpu=fpv4-sp-d16 -mfloat-abi=hard -mthumb -o "Src/main.o"
arm-none-eabi-gcc -o "01_perpheral_clock_enable.elf" @"objects.list"   -mcpu=cortex-m4 -T"C:\Users\VINOD\STM32CubeIDE\stm32_low_level_drivers\01_perpheral_clock_enable\STM32L476RGTX_FLASH.ld" --specs=nosys.specs -Wl,-Map="01_perpheral_clock_enable.map" -Wl,--gc-sections -static --specs=nano.specs -mfpu=fpv4-sp-d16 -mfloat-abi=hard -mthumb -Wl,--start-group -lc -lm -Wl,--end-group
Finished building target: 01_perpheral_clock_enable.elf
 
arm-none-eabi-size  01_perpheral_clock_enable.elf 
arm-none-eabi-objdump -h -S 01_perpheral_clock_enable.elf  > "01_perpheral_clock_enable.list"
   text	   data	    bss	    dec	    hex	filename
    708	      0	   1568	   2276	    8e4	01_perpheral_clock_enable.elf
Finished building: default.size.stdout
 
Finished building: 01_perpheral_clock_enable.list
 

19:46:15 Build Finished. 0 errors, 0 warnings. (took 605ms)

