../Drivers/CMSIS/Include/core_cm4.h:2059:26:ITM_SendChar	16	static,ignoring_inline_asm
../Core/Src/main.c:81:6:HAL_TIM_IC_CaptureCallback	16	static
../Core/Src/main.c:118:10:HCSR04_Read	16	static
../Core/Src/main.c:146:6:debug_printf	272	static
../Core/Src/main.c:160:6:EraseFlash	32	static
../Core/Src/main.c:177:6:Flash_WriteString	48	static
../Core/Src/main.c:210:6:Flash_ReadString	48	static
../Core/Src/main.c:233:5:main	64	static
../Core/Src/main.c:321:6:SystemClock_Config	96	static
../Core/Src/main.c:371:13:MX_TIM1_Init	40	static
../Core/Src/main.c:421:13:MX_USART2_UART_Init	8	static
../Core/Src/main.c:456:13:MX_GPIO_Init	48	static
../Core/Src/main.c:507:6:DumpAllFlash	80	static
../Core/Src/main.c:548:6:Error_Handler	4	static,ignoring_inline_asm
