../Drivers/CMSIS/Include/core_cm4.h:2059:26:ITM_SendChar	4
../Core/Src/main.c:81:6:HAL_TIM_IC_CaptureCallback	6
../Core/Src/main.c:118:10:HCSR04_Read	5
../Core/Src/main.c:146:6:debug_printf	2
../Core/Src/main.c:160:6:EraseFlash	1
../Core/Src/main.c:177:6:Flash_WriteString	7
../Core/Src/main.c:210:6:Flash_ReadString	6
../Core/Src/main.c:233:5:main	6
../Core/Src/main.c:321:6:SystemClock_Config	4
../Core/Src/main.c:371:13:MX_TIM1_Init	4
../Core/Src/main.c:421:13:MX_USART2_UART_Init	2
../Core/Src/main.c:456:13:MX_GPIO_Init	1
../Core/Src/main.c:507:6:DumpAllFlash	2
../Core/Src/main.c:548:6:Error_Handler	1
