../Drivers/CMSIS/Include/core_cm4.h:2059:26:ITM_SendChar	16	static,ignoring_inline_asm
../Core/Src/main.c:81:6:HAL_TIM_IC_CaptureCallback	16	static
../Core/Src/main.c:118:10:HCSR04_Read	16	static
../Core/Src/main.c:146:6:debug_printf	272	static
../Core/Src/main.c:160:6:EraseFlash	32	static
../Core/Src/main.c:177:6:Flash_WriteString	32	static
../Core/Src/main.c:202:6:Flash_ReadString	48	static
../Core/Src/main.c:225:5:main	48	static
../Core/Src/main.c:310:6:SystemClock_Config	96	static
../Core/Src/main.c:360:13:MX_TIM1_Init	40	static
../Core/Src/main.c:410:13:MX_USART2_UART_Init	8	static
../Core/Src/main.c:445:13:MX_GPIO_Init	48	static
../Core/Src/main.c:496:6:DumpAllFlash	80	static
../Core/Src/main.c:537:6:Error_Handler	4	static,ignoring_inline_asm
