../Drivers/CMSIS/Include/core_cm4.h:2059:26:ITM_SendChar	4
../Core/Src/main.c:62:6:DumpAllFlash	2
../Core/Src/main.c:83:6:debug_printf	2
../Core/Src/main.c:97:6:EraseFlash	1
../Core/Src/main.c:113:6:WriteData	1
../Core/Src/main.c:125:11:RetriveData	1
../Core/Src/main.c:129:6:Flash_WriteString	4
../Core/Src/main.c:149:6:Flash_ReadString	6
../Core/Src/main.c:174:5:main	1
../Core/Src/main.c:241:6:SystemClock_Config	4
../Core/Src/main.c:291:13:MX_USART2_UART_Init	2
../Core/Src/main.c:326:13:MX_GPIO_Init	1
../Core/Src/main.c:368:6:Error_Handler	1
