../Drivers/CMSIS/Include/core_cm4.h:2059:26:ITM_SendChar	16	static,ignoring_inline_asm
../Core/Src/main.c:62:6:DumpAllFlash	80	static
../Core/Src/main.c:83:6:debug_printf	272	static
../Core/Src/main.c:97:6:EraseFlash	32	static
../Core/Src/main.c:113:6:WriteData	24	static
../Core/Src/main.c:125:11:RetriveData	16	static
../Core/Src/main.c:129:6:Flash_WriteString	32	static
../Core/Src/main.c:149:6:Flash_ReadString	48	static
../Core/Src/main.c:174:5:main	24	static
../Core/Src/main.c:241:6:SystemClock_Config	96	static
../Core/Src/main.c:291:13:MX_USART2_UART_Init	8	static
../Core/Src/main.c:326:13:MX_GPIO_Init	48	static
../Core/Src/main.c:368:6:Error_Handler	4	static,ignoring_inline_asm
