2025-09-17 12:17:35,993 [INFO] Activator:176 - 


2025-09-17 12:17:35,998 [INFO] Activator:177 - !SESSION log4j initialized
2025-09-17 12:17:41,420 [INFO] LogOutputStream:77 - [STDOUT_REDIRECT] 
2025-09-17 12:17:42,228 [INFO] ApplicationProperties:184 - Using Application install path: C:\ST\STM32CubeIDE_1.19.0\STM32CubeIDE\plugins\com.st.stm32cube.common.mx_6.15.0.202507011659
2025-09-17 12:17:42,245 [INFO] DbMcusXml:78 - Set database path to: C:\ST\STM32CubeIDE_1.19.0\STM32CubeIDE\plugins\com.st.stm32cube.common.mx_6.15.0.202507011659\\db\/mcu/
2025-09-17 12:17:42,245 [INFO] ApiDb:274 - Set plugin database path to: C:\ST\STM32CubeIDE_1.19.0\STM32CubeIDE\plugins\com.st.stm32cube.common.mx_6.15.0.202507011659\\db\/plugins/boardmanager/
2025-09-17 12:17:42,246 [WARN] ApiDb:259 - Overriding images path with different value:  => C:\ST\STM32CubeIDE_1.19.0\STM32CubeIDE\plugins\com.st.stm32cube.common.mx_6.15.0.202507011659\\db\/plugins/mcufinder/images/
2025-09-17 12:17:42,250 [INFO] ApiDb:250 - Set database path to: C:\Users\VINOD\.stmcufinder\plugins\mcufinder//mcu/
2025-09-17 12:17:42,251 [INFO] DbMcusAds:125 - Set database path to: C:\Users\VINOD\.stmcufinder\plugins\mcufinder//mcu/
2025-09-17 12:17:42,254 [INFO] CrossReferenceDbSqlite:203 - Set database path to: C:\Users\VINOD\.stmcufinder\plugins\mcufinder//mcu/cs/
2025-09-17 12:17:42,399 [INFO] RulesReader:64 - Compatibility file has been processed (317 Rules)
2025-09-17 12:17:42,516 [INFO] DbMcusXml:78 - Set database path to: C:\ST\STM32CubeIDE_1.19.0\STM32CubeIDE\plugins\com.st.stm32cube.common.mx_6.15.0.202507011659\\db\/mcu/
2025-09-17 12:17:42,516 [INFO] ApiDb:274 - Set plugin database path to: C:\ST\STM32CubeIDE_1.19.0\STM32CubeIDE\plugins\com.st.stm32cube.common.mx_6.15.0.202507011659\\db\/plugins/boardmanager/
2025-09-17 12:17:42,517 [INFO] ApiDb:261 - Set plugin images path to: C:\ST\STM32CubeIDE_1.19.0\STM32CubeIDE\plugins\com.st.stm32cube.common.mx_6.15.0.202507011659\\db\/plugins/mcufinder/images/
2025-09-17 12:17:42,517 [WARN] DbFile:41 - Overriding database path with different value: C:\Users\VINOD\.stmcufinder\plugins\mcufinder/ => C:\Users\VINOD\.stmcufinder\plugins\mcufinder
2025-09-17 12:17:42,517 [INFO] ApiDb:250 - Set database path to: C:\Users\VINOD\.stmcufinder\plugins\mcufinder//mcu/
2025-09-17 12:17:42,517 [WARN] DbFile:41 - Overriding database path with different value: C:\Users\VINOD\.stmcufinder\plugins\mcufinder/ => C:\Users\VINOD\.stmcufinder\plugins\mcufinder
2025-09-17 12:17:42,517 [INFO] DbMcusAds:125 - Set database path to: C:\Users\VINOD\.stmcufinder\plugins\mcufinder//mcu/
2025-09-17 12:17:42,517 [WARN] DbFile:41 - Overriding database path with different value: C:\Users\VINOD\.stmcufinder\plugins\mcufinder/ => C:\Users\VINOD\.stmcufinder\plugins\mcufinder
2025-09-17 12:17:42,517 [WARN] DbFile:41 - Overriding database path with different value: C:\Users\VINOD\.stmcufinder\plugins\mcufinder/ => C:\Users\VINOD\.stmcufinder\plugins\mcufinder
2025-09-17 12:17:42,517 [INFO] CrossReferenceDbSqlite:203 - Set database path to: C:\Users\VINOD\.stmcufinder\plugins\mcufinder//mcu/cs/
2025-09-17 12:17:42,626 [INFO] MainPanel:274 - HeapMemory: 268435456
2025-09-17 12:17:42,704 [INFO] DbMcusXml:78 - Set database path to: C:\ST\STM32CubeIDE_1.19.0\STM32CubeIDE\plugins\com.st.stm32cube.common.mx_6.15.0.202507011659\\db\/mcu/
2025-09-17 12:17:42,705 [INFO] ApiDb:274 - Set plugin database path to: C:\ST\STM32CubeIDE_1.19.0\STM32CubeIDE\plugins\com.st.stm32cube.common.mx_6.15.0.202507011659\\db\/plugins/boardmanager/
2025-09-17 12:17:42,705 [INFO] ApiDb:261 - Set plugin images path to: C:\ST\STM32CubeIDE_1.19.0\STM32CubeIDE\plugins\com.st.stm32cube.common.mx_6.15.0.202507011659\\db\/plugins/mcufinder/images/
2025-09-17 12:17:42,705 [WARN] DbFile:41 - Overriding database path with different value: C:\Users\VINOD\.stmcufinder\plugins\mcufinder/ => C:\Users\VINOD\.stmcufinder\plugins\mcufinder
2025-09-17 12:17:42,705 [INFO] ApiDb:250 - Set database path to: C:\Users\VINOD\.stmcufinder\plugins\mcufinder//mcu/
2025-09-17 12:17:42,705 [WARN] DbFile:41 - Overriding database path with different value: C:\Users\VINOD\.stmcufinder\plugins\mcufinder/ => C:\Users\VINOD\.stmcufinder\plugins\mcufinder
2025-09-17 12:17:42,705 [INFO] DbMcusAds:125 - Set database path to: C:\Users\VINOD\.stmcufinder\plugins\mcufinder//mcu/
2025-09-17 12:17:42,705 [WARN] DbFile:41 - Overriding database path with different value: C:\Users\VINOD\.stmcufinder\plugins\mcufinder/ => C:\Users\VINOD\.stmcufinder\plugins\mcufinder
2025-09-17 12:17:42,705 [WARN] DbFile:41 - Overriding database path with different value: C:\Users\VINOD\.stmcufinder\plugins\mcufinder/ => C:\Users\VINOD\.stmcufinder\plugins\mcufinder
2025-09-17 12:17:42,705 [INFO] CrossReferenceDbSqlite:203 - Set database path to: C:\Users\VINOD\.stmcufinder\plugins\mcufinder//mcu/cs/
2025-09-17 12:17:42,720 [INFO] ApplicationProperties:184 - Using Application install path: C:\ST\STM32CubeIDE_1.19.0\STM32CubeIDE\plugins\com.st.stm32cube.common.mx_6.15.0.202507011659
2025-09-17 12:17:42,721 [INFO] PluginManage:196 - Search for loadable plugins [exclusion list=, ]
2025-09-17 12:17:42,722 [INFO] PluginManage:310 - Check plugin analytics
2025-09-17 12:17:42,922 [INFO] AnalyticsPlugin:253 - Accepted Software Licenses: 
2025-09-17 12:17:42,922 [INFO] AnalyticsPlugin:255 - Accepted CMSIS Pack Licenses: 
2025-09-17 12:17:42,923 [INFO] AnalyticsPlugin:257 - Accepted Firmware Licenses: FW.F4.1.28.0,FW.L4.1.18.0
2025-09-17 12:17:42,926 [INFO] PluginManage:359 - Loaded plugin analytics (category:tool,tabindex:-1)
2025-09-17 12:17:42,927 [INFO] PluginManage:310 - Check plugin cadmodel
2025-09-17 12:17:42,936 [INFO] CADModel:105 - Init CAD model plugin
2025-09-17 12:17:42,936 [INFO] PluginManage:359 - Loaded plugin cadmodel (category:power,tabindex:5)
2025-09-17 12:17:42,937 [INFO] PluginManage:310 - Check plugin clock
2025-09-17 12:17:42,953 [INFO] PluginManage:359 - Loaded plugin clock (category:base,tabindex:2)
2025-09-17 12:17:42,953 [INFO] PluginManage:310 - Check plugin ddr
2025-09-17 12:17:42,958 [INFO] PluginManage:359 - Loaded plugin ddr (category:tool,tabindex:6)
2025-09-17 12:17:42,958 [INFO] PluginManage:310 - Check plugin filemanager
2025-09-17 12:17:43,147 [INFO] PluginManage:359 - Loaded plugin filemanager (category:base,tabindex:10)
2025-09-17 12:17:43,148 [INFO] PluginManage:310 - Check plugin ipmanager
2025-09-17 12:17:43,156 [INFO] PluginManage:359 - Loaded plugin ipmanager (category:base,tabindex:5)
2025-09-17 12:17:43,156 [INFO] PluginManage:310 - Check plugin lpbam
2025-09-17 12:17:43,165 [INFO] PluginManage:359 - Loaded plugin lpbam (category:base,tabindex:0)
2025-09-17 12:17:43,165 [INFO] PluginManage:310 - Check plugin memorymap
2025-09-17 12:17:43,177 [INFO] PluginManage:359 - Loaded plugin memorymap (category:base,tabindex:4)
2025-09-17 12:17:43,177 [INFO] PluginManage:310 - Check plugin pinoutandconfiguration
2025-09-17 12:17:43,183 [INFO] PluginManage:359 - Loaded plugin pinoutandconfiguration (category:base,tabindex:1)
2025-09-17 12:17:43,183 [INFO] PluginManage:310 - Check plugin pinoutconfig
2025-09-17 12:17:43,327 [WARN] SupportedApi:132 - Cannot load RTOS API schema: s4s-elt-must-match.1: The content of 'definitions' must match (annotation?, (simpleType | complexType)?, (unique | key | keyref)*)). A problem was found starting at: attribute.
2025-09-17 12:17:43,492 [INFO] PluginManage:359 - Loaded plugin pinoutconfig (category:base,tabindex:0)
2025-09-17 12:17:43,492 [INFO] PluginManage:310 - Check plugin power
2025-09-17 12:17:43,502 [INFO] PluginManage:359 - Loaded plugin power (category:power,tabindex:4)
2025-09-17 12:17:43,502 [INFO] PluginManage:310 - Check plugin projectmanager
2025-09-17 12:17:43,523 [INFO] PluginManage:359 - Loaded plugin projectmanager (category:projectmanager,tabindex:4)
2025-09-17 12:17:43,523 [INFO] PluginManage:310 - Check plugin rif
2025-09-17 12:17:43,533 [INFO] PluginManage:359 - Loaded plugin rif (category:base,tabindex:3)
2025-09-17 12:17:43,534 [INFO] PluginManage:310 - Check plugin thirdparty
2025-09-17 12:17:43,662 [WARN] IntegrityCheckThread:84 - waiting for thirdparty lock release [integrity check]
2025-09-17 12:17:43,662 [INFO] PluginManage:359 - Loaded plugin thirdparty (category:base,tabindex:-1)
2025-09-17 12:17:43,662 [INFO] IntegrityCheckThread:86 - entering critical section [integrity check]
2025-09-17 12:17:43,662 [INFO] PluginManage:310 - Check plugin tools
2025-09-17 12:17:43,662 [INFO] ThirdPartyUpdaterWithRetryManager:70 - Updater plugin not ready yet. [1/15]
2025-09-17 12:17:43,665 [INFO] PluginManage:359 - Loaded plugin tools (category:base,tabindex:7)
2025-09-17 12:17:43,665 [INFO] PluginManage:310 - Check plugin tutovideos
2025-09-17 12:17:43,826 [INFO] PluginManage:359 - Loaded plugin tutovideos (category:base,tabindex:-1)
2025-09-17 12:17:43,826 [INFO] PluginManage:310 - Check plugin updater
2025-09-17 12:17:43,850 [INFO] PluginManage:359 - Loaded plugin updater (category:base,tabindex:12)
2025-09-17 12:17:43,850 [INFO] PluginManage:310 - Check plugin userauth
2025-09-17 12:17:43,855 [INFO] UserAuth:118 - Init User Auth plugin
2025-09-17 12:17:43,855 [INFO] PluginManage:359 - Loaded plugin userauth (category:base,tabindex:14)
2025-09-17 12:17:43,857 [INFO] PluginManage:283 - PluginManage : Loaded plugins [18]
2025-09-17 12:17:44,028 [INFO] PinOutPanel:1589 - setPackage(No Configuration,No Configuration)
2025-09-17 12:17:44,097 [INFO] CADModel:165 - CPN selected for project level
2025-09-17 12:17:44,097 [INFO] CADModel:114 - Register for checkConnection events
2025-09-17 12:17:44,114 [INFO] IPUIPlugin:80 - create IPUIPlugin
2025-09-17 12:17:44,114 [INFO] PluginManager:220 - loadIPPluginJar : add adc
2025-09-17 12:17:44,117 [INFO] IPUIPlugin:80 - create IPUIPlugin
2025-09-17 12:17:44,117 [INFO] PluginManager:220 - loadIPPluginJar : add aes
2025-09-17 12:17:44,120 [INFO] IPUIPlugin:80 - create IPUIPlugin
2025-09-17 12:17:44,120 [INFO] PluginManager:220 - loadIPPluginJar : add can
2025-09-17 12:17:44,121 [INFO] IPUIPlugin:80 - create IPUIPlugin
2025-09-17 12:17:44,121 [INFO] PluginManager:220 - loadIPPluginJar : add comp
2025-09-17 12:17:44,123 [INFO] IPUIPlugin:80 - create IPUIPlugin
2025-09-17 12:17:44,124 [INFO] PluginManager:220 - loadIPPluginJar : add cryp
2025-09-17 12:17:44,126 [INFO] IPUIPlugin:80 - create IPUIPlugin
2025-09-17 12:17:44,126 [INFO] PluginManager:220 - loadIPPluginJar : add ddr_ctrl_phy
2025-09-17 12:17:44,128 [INFO] IPUIPlugin:80 - create IPUIPlugin
2025-09-17 12:17:44,128 [INFO] PluginManager:220 - loadIPPluginJar : add dfsdm
2025-09-17 12:17:44,133 [INFO] IPUIPlugin:80 - create IPUIPlugin
2025-09-17 12:17:44,133 [INFO] PluginManager:220 - loadIPPluginJar : add dma
2025-09-17 12:17:44,135 [INFO] IPUIPlugin:80 - create IPUIPlugin
2025-09-17 12:17:44,136 [INFO] PluginManager:220 - loadIPPluginJar : add dma3
2025-09-17 12:17:44,138 [INFO] IPUIPlugin:80 - create IPUIPlugin
2025-09-17 12:17:44,138 [INFO] PluginManager:220 - loadIPPluginJar : add extmemmanager
2025-09-17 12:17:44,139 [INFO] IPUIPlugin:80 - create IPUIPlugin
2025-09-17 12:17:44,139 [INFO] PluginManager:220 - loadIPPluginJar : add fatfs
2025-09-17 12:17:44,142 [INFO] IPUIPlugin:80 - create IPUIPlugin
2025-09-17 12:17:44,143 [INFO] PluginManager:220 - loadIPPluginJar : add fmc
2025-09-17 12:17:44,147 [INFO] IPUIPlugin:80 - create IPUIPlugin
2025-09-17 12:17:44,147 [INFO] PluginManager:220 - loadIPPluginJar : add freertos
2025-09-17 12:17:44,148 [INFO] IPUIPlugin:80 - create IPUIPlugin
2025-09-17 12:17:44,148 [INFO] PluginManager:220 - loadIPPluginJar : add genericplugin
2025-09-17 12:17:44,149 [INFO] IPUIPlugin:80 - create IPUIPlugin
2025-09-17 12:17:44,149 [INFO] PluginManager:220 - loadIPPluginJar : add gfxmmu
2025-09-17 12:17:44,152 [INFO] IPUIPlugin:80 - create IPUIPlugin
2025-09-17 12:17:44,152 [INFO] PluginManager:220 - loadIPPluginJar : add gic
2025-09-17 12:17:44,155 [INFO] IPUIPlugin:80 - create IPUIPlugin
2025-09-17 12:17:44,155 [INFO] PluginManager:220 - loadIPPluginJar : add gpio
2025-09-17 12:17:44,158 [INFO] IPUIPlugin:80 - create IPUIPlugin
2025-09-17 12:17:44,158 [INFO] PluginManager:220 - loadIPPluginJar : add gtzc
2025-09-17 12:17:44,160 [INFO] IPUIPlugin:80 - create IPUIPlugin
2025-09-17 12:17:44,160 [INFO] PluginManager:220 - loadIPPluginJar : add hash
2025-09-17 12:17:44,184 [INFO] IPUIPlugin:80 - create IPUIPlugin
2025-09-17 12:17:44,185 [INFO] PluginManager:220 - loadIPPluginJar : add i2c
2025-09-17 12:17:44,187 [INFO] IPUIPlugin:80 - create IPUIPlugin
2025-09-17 12:17:44,187 [INFO] PluginManager:220 - loadIPPluginJar : add i2s
2025-09-17 12:17:44,190 [INFO] IPUIPlugin:80 - create IPUIPlugin
2025-09-17 12:17:44,190 [INFO] PluginManager:220 - loadIPPluginJar : add i3c
2025-09-17 12:17:44,194 [INFO] IPUIPlugin:80 - create IPUIPlugin
2025-09-17 12:17:44,194 [INFO] PluginManager:220 - loadIPPluginJar : add ipddr
2025-09-17 12:17:44,201 [INFO] IPUIPlugin:80 - create IPUIPlugin
2025-09-17 12:17:44,202 [INFO] PluginManager:220 - loadIPPluginJar : add linkedlist
2025-09-17 12:17:44,205 [INFO] IPUIPlugin:80 - create IPUIPlugin
2025-09-17 12:17:44,205 [INFO] PluginManager:220 - loadIPPluginJar : add lorawan
2025-09-17 12:17:44,207 [INFO] IPUIPlugin:80 - create IPUIPlugin
2025-09-17 12:17:44,207 [INFO] PluginManager:220 - loadIPPluginJar : add ltdc
2025-09-17 12:17:44,213 [INFO] IPUIPlugin:80 - create IPUIPlugin
2025-09-17 12:17:44,213 [INFO] PluginManager:220 - loadIPPluginJar : add mdma
2025-09-17 12:17:44,215 [INFO] IPUIPlugin:80 - create IPUIPlugin
2025-09-17 12:17:44,216 [INFO] PluginManager:220 - loadIPPluginJar : add nvic
2025-09-17 12:17:44,218 [INFO] IPUIPlugin:80 - create IPUIPlugin
2025-09-17 12:17:44,218 [INFO] PluginManager:220 - loadIPPluginJar : add opamp
2025-09-17 12:17:44,221 [INFO] IPUIPlugin:80 - create IPUIPlugin
2025-09-17 12:17:44,221 [INFO] PluginManager:220 - loadIPPluginJar : add openamp
2025-09-17 12:17:44,223 [INFO] IPUIPlugin:80 - create IPUIPlugin
2025-09-17 12:17:44,223 [INFO] PluginManager:220 - loadIPPluginJar : add pdm2pcm
2025-09-17 12:17:44,227 [INFO] IPUIPlugin:80 - create IPUIPlugin
2025-09-17 12:17:44,230 [INFO] PluginManager:220 - loadIPPluginJar : add plateformsettings
2025-09-17 12:17:44,231 [INFO] IPUIPlugin:80 - create IPUIPlugin
2025-09-17 12:17:44,231 [INFO] PluginManager:220 - loadIPPluginJar : add quadspi
2025-09-17 12:17:44,232 [INFO] IPUIPlugin:80 - create IPUIPlugin
2025-09-17 12:17:44,233 [INFO] PluginManager:220 - loadIPPluginJar : add radio
2025-09-17 12:17:44,235 [INFO] IPUIPlugin:80 - create IPUIPlugin
2025-09-17 12:17:44,235 [INFO] PluginManager:220 - loadIPPluginJar : add resmgrutility
2025-09-17 12:17:44,237 [INFO] IPUIPlugin:80 - create IPUIPlugin
2025-09-17 12:17:44,237 [INFO] PluginManager:220 - loadIPPluginJar : add sai
2025-09-17 12:17:44,239 [INFO] IPUIPlugin:80 - create IPUIPlugin
2025-09-17 12:17:44,239 [INFO] PluginManager:220 - loadIPPluginJar : add spi
2025-09-17 12:17:44,244 [INFO] IPUIPlugin:80 - create IPUIPlugin
2025-09-17 12:17:44,244 [INFO] PluginManager:220 - loadIPPluginJar : add stm32_wpan
2025-09-17 12:17:44,246 [INFO] IPUIPlugin:80 - create IPUIPlugin
2025-09-17 12:17:44,246 [INFO] PluginManager:220 - loadIPPluginJar : add tim
2025-09-17 12:17:44,249 [INFO] IPUIPlugin:80 - create IPUIPlugin
2025-09-17 12:17:44,249 [INFO] PluginManager:220 - loadIPPluginJar : add touchsensing
2025-09-17 12:17:44,251 [INFO] IPUIPlugin:80 - create IPUIPlugin
2025-09-17 12:17:44,251 [INFO] PluginManager:220 - loadIPPluginJar : add tracer_emb
2025-09-17 12:17:44,253 [INFO] IPUIPlugin:80 - create IPUIPlugin
2025-09-17 12:17:44,253 [INFO] PluginManager:220 - loadIPPluginJar : add ts
2025-09-17 12:17:44,254 [INFO] IPUIPlugin:80 - create IPUIPlugin
2025-09-17 12:17:44,254 [INFO] PluginManager:220 - loadIPPluginJar : add tsc
2025-09-17 12:17:44,256 [INFO] IPUIPlugin:80 - create IPUIPlugin
2025-09-17 12:17:44,256 [INFO] PluginManager:220 - loadIPPluginJar : add ucpd
2025-09-17 12:17:44,258 [INFO] IPUIPlugin:80 - create IPUIPlugin
2025-09-17 12:17:44,258 [INFO] PluginManager:220 - loadIPPluginJar : add usart
2025-09-17 12:17:44,262 [INFO] IPUIPlugin:80 - create IPUIPlugin
2025-09-17 12:17:44,262 [INFO] PluginManager:220 - loadIPPluginJar : add usbx
2025-09-17 12:17:44,389 [FATAL] Updater:351 - Updater called before beeing initialized
2025-09-17 12:17:44,431 [INFO] RulesReader:64 - Compatibility file has been processed (317 Rules)
2025-09-17 12:17:44,441 [INFO] RulesReader:64 - Compatibility file has been processed (317 Rules)
2025-09-17 12:17:44,451 [INFO] CADModel:165 - CPN selected for project level
2025-09-17 12:17:44,451 [INFO] CADModel:114 - Register for checkConnection events
2025-09-17 12:17:44,451 [FATAL] Updater:351 - Updater called before beeing initialized
2025-09-17 12:17:44,451 [ERROR] CADModel:125 - Updater not yet initialized, retry later 
2025-09-17 12:17:44,628 [FATAL] Updater:351 - Updater called before beeing initialized
2025-09-17 12:17:44,630 [INFO] CADModel:165 - CPN selected for project level
2025-09-17 12:17:44,630 [INFO] CADModel:114 - Register for checkConnection events
2025-09-17 12:17:44,630 [FATAL] Updater:351 - Updater called before beeing initialized
2025-09-17 12:17:44,630 [ERROR] CADModel:125 - Updater not yet initialized, retry later 
2025-09-17 12:17:44,634 [FATAL] Updater:351 - Updater called before beeing initialized
2025-09-17 12:17:44,734 [FATAL] Updater:351 - Updater called before beeing initialized
2025-09-17 12:17:44,739 [INFO] DbMcusAds:53 - JSON generation date=Tue Jul 08 13:44:23 IST 2025 (1751962463582)
2025-09-17 12:17:44,739 [FATAL] Updater:351 - Updater called before beeing initialized
2025-09-17 12:17:44,761 [WARN] DetailPanel:346 - Failed to get advertising image, set to default
2025-09-17 12:17:44,822 [FATAL] Updater:351 - Updater called before beeing initialized
2025-09-17 12:17:44,822 [FATAL] Updater:351 - Updater called before beeing initialized
2025-09-17 12:17:44,823 [FATAL] Updater:351 - Updater called before beeing initialized
2025-09-17 12:17:44,823 [WARN] DetailPanel:346 - Failed to get advertising image, set to default
2025-09-17 12:17:44,823 [FATAL] Updater:351 - Updater called before beeing initialized
2025-09-17 12:17:44,856 [ERROR] Updater:1198 - MainUpdater not yet initialized. External WinMGr cannot be set.
2025-09-17 12:17:44,858 [INFO] Updater:1134 - Updater Version found : 6.15.0
2025-09-17 12:17:44,873 [INFO] ApplicationProperties:184 - Using Application install path: C:\ST\STM32CubeIDE_1.19.0\STM32CubeIDE\plugins\com.st.stm32cube.common.mx_6.15.0.202507011659
2025-09-17 12:17:46,452 [ERROR] LogOutputStream:75 - [STDERR_REDIRECT] Sep 17, 2025 12:17:46 PM java.util.prefs.WindowsPreferences <init>
2025-09-17 12:17:46,454 [ERROR] LogOutputStream:75 - [STDERR_REDIRECT] WARNING: Could not open/create prefs root node Software\JavaSoft\Prefs at root 0xffffffff80000002. Windows RegCreateKeyEx(...) returned error code 5.
2025-09-17 12:17:46,455 [ERROR] LogOutputStream:75 - [STDERR_REDIRECT] 
2025-09-17 12:17:46,663 [INFO] ThirdPartyUpdaterWithRetryManager:70 - Updater plugin not ready yet. [2/15]
2025-09-17 12:17:46,796 [INFO] MainUpdater:2872 - connection check result : 10
2025-09-17 12:17:46,796 [INFO] MainUpdater:289 - Updater Check For Update Now.
2025-09-17 12:17:46,797 [INFO] MicroXplorer:498 - Change Database Version : DB.6.0.150
2025-09-17 12:17:46,806 [INFO] McuFinderGlobals:63 - Set McuFinder mode to 2 (CubeIDE integrated)
2025-09-17 12:17:46,807 [INFO] UserAuth:487 - Internet connection configuration mode: 1
2025-09-17 12:17:46,838 [INFO] JxBrowserEngine:152 - Initiate JxBrowser Engine with user profile folder
2025-09-17 12:17:46,977 [INFO] CheckServerUpdateThread:120 - End of CheckServer Thread
2025-09-17 12:17:47,426 [INFO] WebApp:169 - Instantiating new browser for Auth
2025-09-17 12:17:48,032 [INFO] WebApp:463 - Apply proxy settings
2025-09-17 12:17:48,033 [INFO] WebApp:548 - Chromium requires no authentication
2025-09-17 12:17:48,039 [INFO] WebApp:491 - Direct internet connection detected
2025-09-17 12:17:48,058 [INFO] WebApp:900 - Register for checkConnection events
2025-09-17 12:17:48,058 [INFO] WebApp:463 - Apply proxy settings
2025-09-17 12:17:48,059 [INFO] WebApp:548 - Chromium requires no authentication
2025-09-17 12:17:48,059 [INFO] WebApp:491 - Direct internet connection detected
2025-09-17 12:17:48,169 [INFO] WebApp:225 - Starting web application
2025-09-17 12:17:48,170 [INFO] WebApp:593 - Web application path used C:\ST\STM32CubeIDE_1.19.0\STM32CubeIDE\plugins\com.st.stm32cube.common.mx_6.15.0.202507011659\db\plugins\mcufinder\reactClient1\index.html
2025-09-17 12:17:48,232 [INFO] UserAuth:487 - Internet connection configuration mode: 1
2025-09-17 12:17:48,338 [ERROR] LogOutputStream:75 - [STDERR_REDIRECT] [Fatal Error] :1:1: Premature end of file.
2025-09-17 12:17:48,340 [ERROR] LogOutputStream:75 - [STDERR_REDIRECT] 
2025-09-17 12:17:48,420 [INFO] WebApp:191 - Connection restablished
2025-09-17 12:17:49,334 [ERROR] LogOutputStream:75 - [STDERR_REDIRECT] [Fatal Error] :1:1: Premature end of file.
2025-09-17 12:17:49,335 [ERROR] LogOutputStream:75 - [STDERR_REDIRECT] 
2025-09-17 12:17:49,983 [WARN] PackLoader:240 - Cannot read IP mode file for STMicroelectronics.FP-SNS-MOTENVWB1.1.4.0
2025-09-17 12:17:50,007 [WARN] PackLoader:240 - Cannot read IP mode file for STMicroelectronics.FP-ATR-ASTRA1.2.0.2
2025-09-17 12:17:50,030 [WARN] PackLoader:240 - Cannot read IP mode file for STMicroelectronics.X-CUBE-SMBUS.2.1.0
2025-09-17 12:17:50,037 [WARN] PackLoader:240 - Cannot read IP mode file for STMicroelectronics.X-CUBE-ST60.1.0.0
2025-09-17 12:17:50,082 [WARN] PackLoader:240 - Cannot read IP mode file for STMicroelectronics.X-CUBE-AZRTOS-F7.1.1.0
2025-09-17 12:17:50,118 [WARN] PackLoader:240 - Cannot read IP mode file for Infineon.AIROC-Wi-Fi-Bluetooth-STM32.1.7.1
2025-09-17 12:17:50,148 [WARN] PackLoader:240 - Cannot read IP mode file for STMicroelectronics.X-CUBE-AZRTOS-H7.3.4.0
2025-09-17 12:17:50,158 [WARN] PackLoader:240 - Cannot read IP mode file for STMicroelectronics.X-CUBE-DISPLAY.3.0.0
2025-09-17 12:17:50,171 [WARN] PackLoader:240 - Cannot read IP mode file for STMicroelectronics.X-CUBE-NFC10.1.0.0
2025-09-17 12:17:50,178 [WARN] PackLoader:240 - Cannot read IP mode file for emotas.I-CUBE-CANOPEN.1.3.0
2025-09-17 12:17:50,186 [WARN] PackLoader:240 - Cannot read IP mode file for STMicroelectronics.FP-SNS-STBOX1.2.1.0
2025-09-17 12:17:50,193 [WARN] PackLoader:240 - Cannot read IP mode file for STMicroelectronics.FP-SNS-SMARTAG2.1.2.0
2025-09-17 12:17:50,198 [WARN] PackLoader:240 - Cannot read IP mode file for STMicroelectronics.FP-SNS-FLIGHT1.5.1.0
2025-09-17 12:17:50,209 [INFO] LogOutputStream:77 - [STDOUT_REDIRECT] 1 : Invalid condition id : UX_CORESTACK_Condition cause : null
2025-09-17 12:17:50,210 [INFO] LogOutputStream:77 - [STDOUT_REDIRECT] 1 : Invalid condition id : UX_CORESTACK_Condition cause : null
2025-09-17 12:17:50,211 [INFO] LogOutputStream:77 - [STDOUT_REDIRECT] 1 : Invalid condition id : UX_CORESTACK_Condition cause : null
2025-09-17 12:17:50,212 [INFO] LogOutputStream:77 - [STDOUT_REDIRECT] 1 : Invalid condition id : UX_CORESTACK_Condition cause : null
2025-09-17 12:17:50,214 [INFO] LogOutputStream:77 - [STDOUT_REDIRECT] 1 : Invalid condition id : UX_CORESTACK_Condition cause : null
2025-09-17 12:17:50,216 [WARN] PackLoader:240 - Cannot read IP mode file for STMicroelectronics.X-CUBE-AZRTOS-WL.2.0.0
2025-09-17 12:17:50,220 [WARN] PackLoader:240 - Cannot read IP mode file for STMicroelectronics.FP-SNS-MOTENV1.5.0.0
2025-09-17 12:17:50,234 [WARN] PackLoader:240 - Cannot read IP mode file for WES.I-CUBE-Cesium.1.3.0
2025-09-17 12:17:50,245 [WARN] PackLoader:240 - Cannot read IP mode file for STMicroelectronics.X-CUBE-BLE2.3.3.0
2025-09-17 12:17:50,255 [WARN] PackLoader:240 - Cannot read IP mode file for STMicroelectronics.X-CUBE-NFC9.1.0.0
2025-09-17 12:17:50,264 [WARN] PackLoader:240 - Cannot read IP mode file for wolfSSL.I-CUBE-wolfSSL.5.8.2
2025-09-17 12:17:50,270 [WARN] PackLoader:240 - Cannot read IP mode file for STMicroelectronics.X-CUBE-BLE1.7.1.0
2025-09-17 12:17:50,280 [WARN] PackLoader:240 - Cannot read IP mode file for wolfSSL.I-CUBE-wolfMQTT.1.19.2
2025-09-17 12:17:50,291 [WARN] PackLoader:240 - Cannot read IP mode file for STMicroelectronics.X-CUBE-EEPRMA1.5.2.0
2025-09-17 12:17:50,305 [WARN] PackLoader:240 - Cannot read IP mode file for STMicroelectronics.X-CUBE-AZRTOS-G0.1.1.0
2025-09-17 12:17:50,312 [WARN] PackLoader:240 - Cannot read IP mode file for STMicroelectronics.X-CUBE-SAFEA1.1.2.2
2025-09-17 12:17:50,314 [ERROR] LogOutputStream:75 - [STDERR_REDIRECT] [Fatal Error] :1:1: Premature end of file.
2025-09-17 12:17:50,315 [ERROR] LogOutputStream:75 - [STDERR_REDIRECT] 
2025-09-17 12:17:50,317 [WARN] PackLoader:240 - Cannot read IP mode file for STMicroelectronics.X-CUBE-NFC4.3.0.0
2025-09-17 12:17:50,336 [WARN] PackLoader:240 - Cannot read IP mode file for EmbeddedOffice.I-CUBE-FS-RTOS.1.0.1
2025-09-17 12:17:50,347 [WARN] PackLoader:240 - Cannot read IP mode file for STMicroelectronics.X-CUBE-WB05N.2.0.0
2025-09-17 12:17:50,353 [WARN] PackLoader:240 - Cannot read IP mode file for wolfSSL.I-CUBE-wolfTPM.3.8.0
2025-09-17 12:17:50,361 [WARN] PackLoader:240 - Cannot read IP mode file for STMicroelectronics.X-CUBE-TCPP.4.2.0
2025-09-17 12:17:50,366 [WARN] PackLoader:240 - Cannot read IP mode file for RealThread.X-CUBE-RT-Thread_Nano.4.1.1
2025-09-17 12:17:50,370 [WARN] PackLoader:240 - Cannot read IP mode file for STMicroelectronics.FP-ATR-SIGFOX1.3.2.0
2025-09-17 12:17:50,381 [WARN] PackLoader:240 - Cannot read IP mode file for ITTIA_DB.I-CUBE-ITTIADB.8.9.0
2025-09-17 12:17:50,391 [WARN] PackLoader:240 - Cannot read IP mode file for STMicroelectronics.X-CUBE-ST67W61.1.0.0
2025-09-17 12:17:50,395 [WARN] PackLoader:240 - Cannot read IP mode file for STMicroelectronics.X-CUBE-AI.10.2.0
2025-09-17 12:17:50,416 [WARN] PackLoader:240 - Cannot read IP mode file for SEGGER.I-CUBE-embOS.1.3.1
2025-09-17 12:17:50,444 [WARN] PackLoader:240 - Cannot read IP mode file for STMicroelectronics.X-CUBE-ALGOBUILD.1.4.0
2025-09-17 12:17:50,474 [WARN] PackLoader:240 - Cannot read IP mode file for STMicroelectronics.X-CUBE-MEMS1.11.3.0
2025-09-17 12:17:50,683 [WARN] PackLoader:240 - Cannot read IP mode file for STMicroelectronics.X-CUBE-PM33A1.1.0.0
2025-09-17 12:17:50,695 [WARN] PackLoader:240 - Cannot read IP mode file for STMicroelectronics.X-CUBE-AZRTOS-F4.1.1.0
2025-09-17 12:17:50,700 [WARN] PackLoader:240 - Cannot read IP mode file for Avnet-IotConnect.X-CUBE-IoTC-DA16k-PMOD.1.0.0
2025-09-17 12:17:50,705 [WARN] PackLoader:240 - Cannot read IP mode file for STMicroelectronics.X-CUBE-ISPU.2.1.0
2025-09-17 12:17:50,709 [WARN] PackLoader:240 - Cannot read IP mode file for STMicroelectronics.X-CUBE-NFC12.1.0.0
2025-09-17 12:17:50,720 [WARN] PackLoader:240 - Cannot read IP mode file for STMicroelectronics.X-CUBE-AZRTOS-L5.2.0.0
2025-09-17 12:17:50,727 [WARN] PackLoader:240 - Cannot read IP mode file for STMicroelectronics.X-CUBE-NFC6.3.1.0
2025-09-17 12:17:50,734 [WARN] PackLoader:240 - Cannot read IP mode file for STMicroelectronics.X-CUBE-FREERTOS.1.3.1
2025-09-17 12:17:50,738 [WARN] PackLoader:240 - Cannot read IP mode file for STMicroelectronics.FP-SNS-STAIOTCFT.1.0.0
2025-09-17 12:17:50,742 [WARN] PackLoader:240 - Cannot read IP mode file for STMicroelectronics.X-CUBE-DPower.1.3.0
2025-09-17 12:17:50,759 [WARN] ConditionMgr:438 - getConditionDescription Invalid condition id : LAN8742 Phy interface Condition cause : null
2025-09-17 12:17:50,760 [WARN] PackLoader:240 - Cannot read IP mode file for STMicroelectronics.X-CUBE-AZRTOS-L4.2.0.0
2025-09-17 12:17:50,760 [WARN] ConditionMgr:1044 - genDependencies : Invalid condition id : LAN8742 Phy interface Condition cause : null
2025-09-17 12:17:50,761 [WARN] ConditionMgr:1044 - genDependencies : Invalid condition id : LAN8742 Phy interface Condition cause : null
2025-09-17 12:17:50,761 [WARN] ConditionMgr:1044 - genDependencies : Invalid condition id : LAN8742 Phy interface Condition cause : null
2025-09-17 12:17:50,766 [WARN] PackLoader:240 - Cannot read IP mode file for STMicroelectronics.X-CUBE-SFXS2LP1.4.0.0
2025-09-17 12:17:50,774 [WARN] PackLoader:240 - Cannot read IP mode file for STMicroelectronics.X-CUBE-BLEMGR.4.1.0
2025-09-17 12:17:50,782 [WARN] ConditionMgr:438 - getConditionDescription Invalid condition id : UX DEVICE CLASS RTOS Condition cause : null
2025-09-17 12:17:50,782 [WARN] ConditionMgr:438 - getConditionDescription Invalid condition id : UX DEVICE CLASS RTOS Condition cause : null
2025-09-17 12:17:50,783 [WARN] PackLoader:240 - Cannot read IP mode file for STMicroelectronics.X-CUBE-AZRTOS-WB.2.0.0
2025-09-17 12:17:50,783 [WARN] ConditionMgr:1044 - genDependencies : Invalid condition id : UX DEVICE CLASS RTOS Condition cause : null
2025-09-17 12:17:50,784 [WARN] ConditionMgr:1044 - genDependencies : Invalid condition id : UX DEVICE CLASS RTOS Condition cause : null
2025-09-17 12:17:50,784 [WARN] ConditionMgr:1044 - genDependencies : Invalid condition id : UX DEVICE CLASS RTOS Condition cause : null
2025-09-17 12:17:50,784 [WARN] ConditionMgr:1044 - genDependencies : Invalid condition id : UX DEVICE CLASS RTOS Condition cause : null
2025-09-17 12:17:50,784 [WARN] ConditionMgr:1044 - genDependencies : Invalid condition id : UX DEVICE CLASS RTOS Condition cause : null
2025-09-17 12:17:50,789 [WARN] PackLoader:240 - Cannot read IP mode file for STMicroelectronics.X-CUBE-GNSS1.7.0.1
2025-09-17 12:17:50,798 [WARN] PackLoader:240 - Cannot read IP mode file for STMicroelectronics.X-CUBE-TOUCHGFX.4.25.0
2025-09-17 12:17:50,802 [WARN] ConditionMgr:438 - getConditionDescription Invalid condition id : Cortex-A Device cause : null
2025-09-17 12:17:50,818 [WARN] ConditionMgr:1044 - genDependencies : Invalid condition id : Cortex-A Device cause : null
2025-09-17 12:17:50,818 [WARN] ConditionMgr:1044 - genDependencies : Invalid condition id : Cortex-A Device cause : null
2025-09-17 12:17:50,818 [WARN] ConditionMgr:1044 - genDependencies : Invalid condition id : Cortex-A Device cause : null
2025-09-17 12:17:50,826 [WARN] PackLoader:240 - Cannot read IP mode file for STMicroelectronics.X-CUBE-SUBG2.5.0.0
2025-09-17 12:17:50,838 [WARN] PackLoader:240 - Cannot read IP mode file for STMicroelectronics.X-CUBE-AZRTOS-H7RS.1.1.0
2025-09-17 12:17:50,843 [WARN] PackLoader:240 - Cannot read IP mode file for Cesanta.I-CUBE-Mongoose.7.13.0
2025-09-17 12:17:50,851 [WARN] PackLoader:240 - Cannot read IP mode file for STMicroelectronics.X-CUBE-AZRTOS-G4.2.0.0
2025-09-17 12:17:50,856 [WARN] PackLoader:240 - Cannot read IP mode file for wolfSSL.I-CUBE-wolfSSH.1.4.20
2025-09-17 12:17:50,859 [WARN] PackLoader:240 - Cannot read IP mode file for STMicroelectronics.X-CUBE-NFC7.2.0.0
2025-09-17 12:17:50,866 [WARN] PackLoader:240 - Cannot read IP mode file for STMicroelectronics.X-CUBE-IPS.3.1.0
2025-09-17 12:17:50,873 [WARN] PackLoader:240 - Cannot read IP mode file for STMicroelectronics.X-CUBE-ALS.1.0.2
2025-09-17 12:17:50,877 [WARN] PackLoader:240 - Cannot read IP mode file for STMicroelectronics.X-CUBE-STSE01.1.0.0
2025-09-17 12:17:50,883 [WARN] PackLoader:240 - Cannot read IP mode file for portGmbH.I-Cube-SoM-uGOAL.1.1.0
2025-09-17 12:17:50,889 [WARN] PackLoader:240 - Cannot read IP mode file for STMicroelectronics.X-CUBE-TOF1.3.4.3
2025-09-17 12:17:50,894 [INFO] ThirdParty:978 - Integrity check success = true
2025-09-17 12:17:50,894 [INFO] IntegrityCheckThread:100 - exiting critical section [integrity check]
2025-09-17 12:17:50,894 [INFO] IntegrityCheckThread:103 - End integrity checks thread
2025-09-17 12:17:51,329 [ERROR] LogOutputStream:75 - [STDERR_REDIRECT] [Fatal Error] :1:1: Premature end of file.
2025-09-17 12:17:51,330 [ERROR] LogOutputStream:75 - [STDERR_REDIRECT] 
2025-09-17 12:17:52,331 [ERROR] LogOutputStream:75 - [STDERR_REDIRECT] [Fatal Error] :1:1: Premature end of file.
2025-09-17 12:17:52,331 [ERROR] LogOutputStream:75 - [STDERR_REDIRECT] 
2025-09-17 12:17:53,327 [ERROR] LogOutputStream:75 - [STDERR_REDIRECT] [Fatal Error] :1:1: Premature end of file.
2025-09-17 12:17:53,327 [ERROR] LogOutputStream:75 - [STDERR_REDIRECT] 
2025-09-17 12:17:54,321 [ERROR] LogOutputStream:75 - [STDERR_REDIRECT] [Fatal Error] :1:1: Premature end of file.
2025-09-17 12:17:54,321 [ERROR] LogOutputStream:75 - [STDERR_REDIRECT] 
2025-09-17 12:17:55,323 [ERROR] LogOutputStream:75 - [STDERR_REDIRECT] [Fatal Error] :1:1: Premature end of file.
2025-09-17 12:17:55,323 [ERROR] LogOutputStream:75 - [STDERR_REDIRECT] 
2025-09-17 12:17:56,328 [ERROR] LogOutputStream:75 - [STDERR_REDIRECT] [Fatal Error] :1:1: Premature end of file.
2025-09-17 12:17:56,329 [ERROR] LogOutputStream:75 - [STDERR_REDIRECT] 
2025-09-17 12:17:57,322 [ERROR] LogOutputStream:75 - [STDERR_REDIRECT] [Fatal Error] :1:1: Premature end of file.
2025-09-17 12:17:57,322 [ERROR] LogOutputStream:75 - [STDERR_REDIRECT] 
2025-09-17 12:17:58,324 [ERROR] LogOutputStream:75 - [STDERR_REDIRECT] [Fatal Error] :1:1: Premature end of file.
2025-09-17 12:17:58,324 [ERROR] LogOutputStream:75 - [STDERR_REDIRECT] 
2025-09-17 12:17:59,320 [ERROR] LogOutputStream:75 - [STDERR_REDIRECT] [Fatal Error] :1:1: Premature end of file.
2025-09-17 12:17:59,320 [ERROR] LogOutputStream:75 - [STDERR_REDIRECT] 
2025-09-17 12:18:00,325 [ERROR] LogOutputStream:75 - [STDERR_REDIRECT] [Fatal Error] :1:1: Premature end of file.
2025-09-17 12:18:00,326 [ERROR] LogOutputStream:75 - [STDERR_REDIRECT] 
2025-09-17 12:18:01,318 [ERROR] LogOutputStream:75 - [STDERR_REDIRECT] [Fatal Error] :1:1: Premature end of file.
2025-09-17 12:18:01,318 [ERROR] LogOutputStream:75 - [STDERR_REDIRECT] 
2025-09-17 12:18:02,321 [ERROR] LogOutputStream:75 - [STDERR_REDIRECT] [Fatal Error] :1:1: Premature end of file.
2025-09-17 12:18:02,323 [ERROR] LogOutputStream:75 - [STDERR_REDIRECT] 
2025-09-17 12:18:03,317 [ERROR] LogOutputStream:75 - [STDERR_REDIRECT] [Fatal Error] :1:1: Premature end of file.
2025-09-17 12:18:03,317 [ERROR] LogOutputStream:75 - [STDERR_REDIRECT] 
2025-09-17 12:18:04,328 [ERROR] LogOutputStream:75 - [STDERR_REDIRECT] [Fatal Error] :1:1: Premature end of file.
2025-09-17 12:18:04,329 [ERROR] LogOutputStream:75 - [STDERR_REDIRECT] 
2025-09-17 12:18:05,320 [ERROR] LogOutputStream:75 - [STDERR_REDIRECT] [Fatal Error] :1:1: Premature end of file.
2025-09-17 12:18:05,320 [ERROR] LogOutputStream:75 - [STDERR_REDIRECT] 
2025-09-17 12:18:06,316 [ERROR] LogOutputStream:75 - [STDERR_REDIRECT] [Fatal Error] :1:1: Premature end of file.
2025-09-17 12:18:06,316 [ERROR] LogOutputStream:75 - [STDERR_REDIRECT] 
2025-09-17 12:18:07,328 [ERROR] LogOutputStream:75 - [STDERR_REDIRECT] [Fatal Error] :1:1: Premature end of file.
2025-09-17 12:18:07,329 [ERROR] LogOutputStream:75 - [STDERR_REDIRECT] 
2025-09-17 12:18:08,315 [ERROR] LogOutputStream:75 - [STDERR_REDIRECT] [Fatal Error] :1:1: Premature end of file.
2025-09-17 12:18:08,315 [ERROR] LogOutputStream:75 - [STDERR_REDIRECT] 
2025-09-17 12:18:09,333 [ERROR] LogOutputStream:75 - [STDERR_REDIRECT] [Fatal Error] :1:1: Premature end of file.
2025-09-17 12:18:09,334 [ERROR] LogOutputStream:75 - [STDERR_REDIRECT] 
2025-09-17 12:18:10,298 [ERROR] LogOutputStream:75 - [STDERR_REDIRECT] [Fatal Error] :1:1: Premature end of file.
2025-09-17 12:18:10,299 [ERROR] LogOutputStream:75 - [STDERR_REDIRECT] 
2025-09-17 12:18:11,299 [ERROR] LogOutputStream:75 - [STDERR_REDIRECT] [Fatal Error] :1:1: Premature end of file.
2025-09-17 12:18:11,299 [ERROR] LogOutputStream:75 - [STDERR_REDIRECT] 
2025-09-17 12:18:12,319 [ERROR] LogOutputStream:75 - [STDERR_REDIRECT] [Fatal Error] :1:1: Premature end of file.
2025-09-17 12:18:12,320 [ERROR] LogOutputStream:75 - [STDERR_REDIRECT] 
2025-09-17 12:18:13,310 [ERROR] LogOutputStream:75 - [STDERR_REDIRECT] [Fatal Error] :1:1: Premature end of file.
2025-09-17 12:18:13,310 [ERROR] LogOutputStream:75 - [STDERR_REDIRECT] 
2025-09-17 12:18:14,302 [ERROR] LogOutputStream:75 - [STDERR_REDIRECT] [Fatal Error] :1:1: Premature end of file.
2025-09-17 12:18:14,303 [ERROR] LogOutputStream:75 - [STDERR_REDIRECT] 
2025-09-17 12:18:15,291 [ERROR] LogOutputStream:75 - [STDERR_REDIRECT] [Fatal Error] :1:1: Premature end of file.
2025-09-17 12:18:15,291 [ERROR] LogOutputStream:75 - [STDERR_REDIRECT] 
2025-09-17 12:18:16,324 [ERROR] LogOutputStream:75 - [STDERR_REDIRECT] [Fatal Error] :1:1: Premature end of file.
2025-09-17 12:18:16,325 [ERROR] LogOutputStream:75 - [STDERR_REDIRECT] 
2025-09-17 12:18:17,297 [ERROR] LogOutputStream:75 - [STDERR_REDIRECT] [Fatal Error] :1:1: Premature end of file.
2025-09-17 12:18:17,297 [ERROR] LogOutputStream:75 - [STDERR_REDIRECT] 
2025-09-17 12:18:18,300 [ERROR] LogOutputStream:75 - [STDERR_REDIRECT] [Fatal Error] :1:1: Premature end of file.
2025-09-17 12:18:18,300 [ERROR] LogOutputStream:75 - [STDERR_REDIRECT] 
2025-09-17 12:18:19,306 [ERROR] LogOutputStream:75 - [STDERR_REDIRECT] [Fatal Error] :1:1: Premature end of file.
2025-09-17 12:18:19,306 [ERROR] LogOutputStream:75 - [STDERR_REDIRECT] 
2025-09-17 12:18:20,294 [ERROR] LogOutputStream:75 - [STDERR_REDIRECT] [Fatal Error] :1:1: Premature end of file.
2025-09-17 12:18:20,295 [ERROR] LogOutputStream:75 - [STDERR_REDIRECT] 
2025-09-17 12:18:21,294 [ERROR] LogOutputStream:75 - [STDERR_REDIRECT] [Fatal Error] :1:1: Premature end of file.
2025-09-17 12:18:21,295 [ERROR] LogOutputStream:75 - [STDERR_REDIRECT] 
2025-09-17 12:18:22,328 [ERROR] LogOutputStream:75 - [STDERR_REDIRECT] [Fatal Error] :1:1: Premature end of file.
2025-09-17 12:18:22,329 [ERROR] LogOutputStream:75 - [STDERR_REDIRECT] 
2025-09-17 12:18:23,292 [ERROR] LogOutputStream:75 - [STDERR_REDIRECT] [Fatal Error] :1:1: Premature end of file.
2025-09-17 12:18:23,292 [ERROR] LogOutputStream:75 - [STDERR_REDIRECT] 
2025-09-17 12:18:24,301 [ERROR] LogOutputStream:75 - [STDERR_REDIRECT] [Fatal Error] :1:1: Premature end of file.
2025-09-17 12:18:24,301 [ERROR] LogOutputStream:75 - [STDERR_REDIRECT] 
2025-09-17 12:18:25,289 [ERROR] LogOutputStream:75 - [STDERR_REDIRECT] [Fatal Error] :1:1: Premature end of file.
2025-09-17 12:18:25,289 [ERROR] LogOutputStream:75 - [STDERR_REDIRECT] 
2025-09-17 12:18:26,333 [ERROR] LogOutputStream:75 - [STDERR_REDIRECT] [Fatal Error] :1:1: Premature end of file.
2025-09-17 12:18:26,333 [ERROR] LogOutputStream:75 - [STDERR_REDIRECT] 
2025-09-17 12:18:27,310 [ERROR] LogOutputStream:75 - [STDERR_REDIRECT] [Fatal Error] :1:1: Premature end of file.
2025-09-17 12:18:27,311 [ERROR] LogOutputStream:75 - [STDERR_REDIRECT] 
2025-09-17 12:18:28,437 [ERROR] LogOutputStream:75 - [STDERR_REDIRECT] [Fatal Error] :1:1: Premature end of file.
2025-09-17 12:18:28,438 [ERROR] LogOutputStream:75 - [STDERR_REDIRECT] 
2025-09-17 12:18:28,717 [ERROR] LogOutputStream:75 - [STDERR_REDIRECT] 
2025-09-17 12:18:28,719 [ERROR] LogOutputStream:75 - [STDERR_REDIRECT] 
