2025-09-11 12:46:31,112 [INFO] Activator:176 - 


2025-09-11 12:46:31,117 [INFO] Activator:177 - !SESSION log4j initialized
2025-09-11 12:46:37,777 [INFO] LogOutputStream:77 - [STDOUT_REDIRECT] 
2025-09-11 12:46:38,846 [INFO] ApplicationProperties:184 - Using Application install path: C:\ST\STM32CubeIDE_1.19.0\STM32CubeIDE\plugins\com.st.stm32cube.common.mx_6.15.0.202507011659
2025-09-11 12:46:38,867 [INFO] DbMcusXml:78 - Set database path to: C:\ST\STM32CubeIDE_1.19.0\STM32CubeIDE\plugins\com.st.stm32cube.common.mx_6.15.0.202507011659\\db\/mcu/
2025-09-11 12:46:38,868 [INFO] ApiDb:274 - Set plugin database path to: C:\ST\STM32CubeIDE_1.19.0\STM32CubeIDE\plugins\com.st.stm32cube.common.mx_6.15.0.202507011659\\db\/plugins/boardmanager/
2025-09-11 12:46:38,868 [WARN] ApiDb:259 - Overriding images path with different value:  => C:\ST\STM32CubeIDE_1.19.0\STM32CubeIDE\plugins\com.st.stm32cube.common.mx_6.15.0.202507011659\\db\/plugins/mcufinder/images/
2025-09-11 12:46:38,878 [INFO] ApiDb:250 - Set database path to: C:\Users\VINOD\.stmcufinder\plugins\mcufinder//mcu/
2025-09-11 12:46:38,880 [INFO] DbMcusAds:125 - Set database path to: C:\Users\VINOD\.stmcufinder\plugins\mcufinder//mcu/
2025-09-11 12:46:38,882 [INFO] CrossReferenceDbSqlite:203 - Set database path to: C:\Users\VINOD\.stmcufinder\plugins\mcufinder//mcu/cs/
2025-09-11 12:46:39,014 [INFO] RulesReader:64 - Compatibility file has been processed (317 Rules)
2025-09-11 12:46:39,093 [INFO] DbMcusXml:78 - Set database path to: C:\ST\STM32CubeIDE_1.19.0\STM32CubeIDE\plugins\com.st.stm32cube.common.mx_6.15.0.202507011659\\db\/mcu/
2025-09-11 12:46:39,093 [INFO] ApiDb:274 - Set plugin database path to: C:\ST\STM32CubeIDE_1.19.0\STM32CubeIDE\plugins\com.st.stm32cube.common.mx_6.15.0.202507011659\\db\/plugins/boardmanager/
2025-09-11 12:46:39,093 [INFO] ApiDb:261 - Set plugin images path to: C:\ST\STM32CubeIDE_1.19.0\STM32CubeIDE\plugins\com.st.stm32cube.common.mx_6.15.0.202507011659\\db\/plugins/mcufinder/images/
2025-09-11 12:46:39,094 [WARN] DbFile:41 - Overriding database path with different value: C:\Users\VINOD\.stmcufinder\plugins\mcufinder/ => C:\Users\VINOD\.stmcufinder\plugins\mcufinder
2025-09-11 12:46:39,094 [INFO] ApiDb:250 - Set database path to: C:\Users\VINOD\.stmcufinder\plugins\mcufinder//mcu/
2025-09-11 12:46:39,094 [WARN] DbFile:41 - Overriding database path with different value: C:\Users\VINOD\.stmcufinder\plugins\mcufinder/ => C:\Users\VINOD\.stmcufinder\plugins\mcufinder
2025-09-11 12:46:39,094 [INFO] DbMcusAds:125 - Set database path to: C:\Users\VINOD\.stmcufinder\plugins\mcufinder//mcu/
2025-09-11 12:46:39,094 [WARN] DbFile:41 - Overriding database path with different value: C:\Users\VINOD\.stmcufinder\plugins\mcufinder/ => C:\Users\VINOD\.stmcufinder\plugins\mcufinder
2025-09-11 12:46:39,094 [WARN] DbFile:41 - Overriding database path with different value: C:\Users\VINOD\.stmcufinder\plugins\mcufinder/ => C:\Users\VINOD\.stmcufinder\plugins\mcufinder
2025-09-11 12:46:39,094 [INFO] CrossReferenceDbSqlite:203 - Set database path to: C:\Users\VINOD\.stmcufinder\plugins\mcufinder//mcu/cs/
2025-09-11 12:46:39,206 [INFO] MainPanel:274 - HeapMemory: 268435456
2025-09-11 12:46:39,422 [INFO] DbMcusXml:78 - Set database path to: C:\ST\STM32CubeIDE_1.19.0\STM32CubeIDE\plugins\com.st.stm32cube.common.mx_6.15.0.202507011659\\db\/mcu/
2025-09-11 12:46:39,422 [INFO] ApiDb:274 - Set plugin database path to: C:\ST\STM32CubeIDE_1.19.0\STM32CubeIDE\plugins\com.st.stm32cube.common.mx_6.15.0.202507011659\\db\/plugins/boardmanager/
2025-09-11 12:46:39,422 [INFO] ApiDb:261 - Set plugin images path to: C:\ST\STM32CubeIDE_1.19.0\STM32CubeIDE\plugins\com.st.stm32cube.common.mx_6.15.0.202507011659\\db\/plugins/mcufinder/images/
2025-09-11 12:46:39,424 [WARN] DbFile:41 - Overriding database path with different value: C:\Users\VINOD\.stmcufinder\plugins\mcufinder/ => C:\Users\VINOD\.stmcufinder\plugins\mcufinder
2025-09-11 12:46:39,424 [INFO] ApiDb:250 - Set database path to: C:\Users\VINOD\.stmcufinder\plugins\mcufinder//mcu/
2025-09-11 12:46:39,424 [WARN] DbFile:41 - Overriding database path with different value: C:\Users\VINOD\.stmcufinder\plugins\mcufinder/ => C:\Users\VINOD\.stmcufinder\plugins\mcufinder
2025-09-11 12:46:39,424 [INFO] DbMcusAds:125 - Set database path to: C:\Users\VINOD\.stmcufinder\plugins\mcufinder//mcu/
2025-09-11 12:46:39,424 [WARN] DbFile:41 - Overriding database path with different value: C:\Users\VINOD\.stmcufinder\plugins\mcufinder/ => C:\Users\VINOD\.stmcufinder\plugins\mcufinder
2025-09-11 12:46:39,424 [WARN] DbFile:41 - Overriding database path with different value: C:\Users\VINOD\.stmcufinder\plugins\mcufinder/ => C:\Users\VINOD\.stmcufinder\plugins\mcufinder
2025-09-11 12:46:39,425 [INFO] CrossReferenceDbSqlite:203 - Set database path to: C:\Users\VINOD\.stmcufinder\plugins\mcufinder//mcu/cs/
2025-09-11 12:46:39,500 [INFO] ApplicationProperties:184 - Using Application install path: C:\ST\STM32CubeIDE_1.19.0\STM32CubeIDE\plugins\com.st.stm32cube.common.mx_6.15.0.202507011659
2025-09-11 12:46:39,507 [INFO] PluginManage:196 - Search for loadable plugins [exclusion list=, ]
2025-09-11 12:46:39,515 [INFO] PluginManage:310 - Check plugin analytics
2025-09-11 12:46:39,986 [INFO] AnalyticsPlugin:253 - Accepted Software Licenses: 
2025-09-11 12:46:39,987 [INFO] AnalyticsPlugin:255 - Accepted CMSIS Pack Licenses: 
2025-09-11 12:46:39,987 [INFO] AnalyticsPlugin:257 - Accepted Firmware Licenses: FW.F4.1.28.0,FW.L4.1.18.0
2025-09-11 12:46:39,994 [INFO] PluginManage:359 - Loaded plugin analytics (category:tool,tabindex:-1)
2025-09-11 12:46:39,995 [INFO] PluginManage:310 - Check plugin cadmodel
2025-09-11 12:46:40,011 [INFO] CADModel:105 - Init CAD model plugin
2025-09-11 12:46:40,012 [INFO] PluginManage:359 - Loaded plugin cadmodel (category:power,tabindex:5)
2025-09-11 12:46:40,012 [INFO] PluginManage:310 - Check plugin clock
2025-09-11 12:46:40,026 [INFO] PluginManage:359 - Loaded plugin clock (category:base,tabindex:2)
2025-09-11 12:46:40,026 [INFO] PluginManage:310 - Check plugin ddr
2025-09-11 12:46:40,034 [INFO] PluginManage:359 - Loaded plugin ddr (category:tool,tabindex:6)
2025-09-11 12:46:40,034 [INFO] PluginManage:310 - Check plugin filemanager
2025-09-11 12:46:40,196 [INFO] PluginManage:359 - Loaded plugin filemanager (category:base,tabindex:10)
2025-09-11 12:46:40,196 [INFO] PluginManage:310 - Check plugin ipmanager
2025-09-11 12:46:40,203 [INFO] PluginManage:359 - Loaded plugin ipmanager (category:base,tabindex:5)
2025-09-11 12:46:40,204 [INFO] PluginManage:310 - Check plugin lpbam
2025-09-11 12:46:40,214 [INFO] PluginManage:359 - Loaded plugin lpbam (category:base,tabindex:0)
2025-09-11 12:46:40,214 [INFO] PluginManage:310 - Check plugin memorymap
2025-09-11 12:46:40,229 [INFO] PluginManage:359 - Loaded plugin memorymap (category:base,tabindex:4)
2025-09-11 12:46:40,229 [INFO] PluginManage:310 - Check plugin pinoutandconfiguration
2025-09-11 12:46:40,235 [INFO] PluginManage:359 - Loaded plugin pinoutandconfiguration (category:base,tabindex:1)
2025-09-11 12:46:40,235 [INFO] PluginManage:310 - Check plugin pinoutconfig
2025-09-11 12:46:40,357 [WARN] SupportedApi:132 - Cannot load RTOS API schema: s4s-elt-must-match.1: The content of 'definitions' must match (annotation?, (simpleType | complexType)?, (unique | key | keyref)*)). A problem was found starting at: attribute.
2025-09-11 12:46:40,505 [INFO] PluginManage:359 - Loaded plugin pinoutconfig (category:base,tabindex:0)
2025-09-11 12:46:40,505 [INFO] PluginManage:310 - Check plugin power
2025-09-11 12:46:40,514 [INFO] PluginManage:359 - Loaded plugin power (category:power,tabindex:4)
2025-09-11 12:46:40,514 [INFO] PluginManage:310 - Check plugin projectmanager
2025-09-11 12:46:40,528 [INFO] PluginManage:359 - Loaded plugin projectmanager (category:projectmanager,tabindex:4)
2025-09-11 12:46:40,528 [INFO] PluginManage:310 - Check plugin rif
2025-09-11 12:46:40,539 [INFO] PluginManage:359 - Loaded plugin rif (category:base,tabindex:3)
2025-09-11 12:46:40,539 [INFO] PluginManage:310 - Check plugin thirdparty
2025-09-11 12:46:40,711 [WARN] IntegrityCheckThread:84 - waiting for thirdparty lock release [integrity check]
2025-09-11 12:46:40,712 [INFO] IntegrityCheckThread:86 - entering critical section [integrity check]
2025-09-11 12:46:40,712 [INFO] ThirdPartyUpdaterWithRetryManager:70 - Updater plugin not ready yet. [1/15]
2025-09-11 12:46:40,715 [INFO] PluginManage:359 - Loaded plugin thirdparty (category:base,tabindex:-1)
2025-09-11 12:46:40,715 [INFO] PluginManage:310 - Check plugin tools
2025-09-11 12:46:40,721 [INFO] PluginManage:359 - Loaded plugin tools (category:base,tabindex:7)
2025-09-11 12:46:40,722 [INFO] PluginManage:310 - Check plugin tutovideos
2025-09-11 12:46:40,976 [INFO] PluginManage:359 - Loaded plugin tutovideos (category:base,tabindex:-1)
2025-09-11 12:46:40,976 [INFO] PluginManage:310 - Check plugin updater
2025-09-11 12:46:40,991 [INFO] PluginManage:359 - Loaded plugin updater (category:base,tabindex:12)
2025-09-11 12:46:40,991 [INFO] PluginManage:310 - Check plugin userauth
2025-09-11 12:46:40,996 [INFO] UserAuth:118 - Init User Auth plugin
2025-09-11 12:46:40,997 [INFO] PluginManage:359 - Loaded plugin userauth (category:base,tabindex:14)
2025-09-11 12:46:40,997 [INFO] PluginManage:283 - PluginManage : Loaded plugins [18]
2025-09-11 12:46:41,202 [INFO] PinOutPanel:1589 - setPackage(No Configuration,No Configuration)
2025-09-11 12:46:41,304 [INFO] CADModel:165 - CPN selected for project level
2025-09-11 12:46:41,305 [INFO] CADModel:114 - Register for checkConnection events
2025-09-11 12:46:41,331 [INFO] IPUIPlugin:80 - create IPUIPlugin
2025-09-11 12:46:41,331 [INFO] PluginManager:220 - loadIPPluginJar : add adc
2025-09-11 12:46:41,334 [INFO] IPUIPlugin:80 - create IPUIPlugin
2025-09-11 12:46:41,334 [INFO] PluginManager:220 - loadIPPluginJar : add aes
2025-09-11 12:46:41,335 [INFO] IPUIPlugin:80 - create IPUIPlugin
2025-09-11 12:46:41,335 [INFO] PluginManager:220 - loadIPPluginJar : add can
2025-09-11 12:46:41,336 [INFO] IPUIPlugin:80 - create IPUIPlugin
2025-09-11 12:46:41,336 [INFO] PluginManager:220 - loadIPPluginJar : add comp
2025-09-11 12:46:41,338 [INFO] IPUIPlugin:80 - create IPUIPlugin
2025-09-11 12:46:41,338 [INFO] PluginManager:220 - loadIPPluginJar : add cryp
2025-09-11 12:46:41,344 [INFO] IPUIPlugin:80 - create IPUIPlugin
2025-09-11 12:46:41,344 [INFO] PluginManager:220 - loadIPPluginJar : add ddr_ctrl_phy
2025-09-11 12:46:41,346 [INFO] IPUIPlugin:80 - create IPUIPlugin
2025-09-11 12:46:41,346 [INFO] PluginManager:220 - loadIPPluginJar : add dfsdm
2025-09-11 12:46:41,351 [INFO] IPUIPlugin:80 - create IPUIPlugin
2025-09-11 12:46:41,352 [INFO] PluginManager:220 - loadIPPluginJar : add dma
2025-09-11 12:46:41,354 [INFO] IPUIPlugin:80 - create IPUIPlugin
2025-09-11 12:46:41,354 [INFO] PluginManager:220 - loadIPPluginJar : add dma3
2025-09-11 12:46:41,356 [INFO] IPUIPlugin:80 - create IPUIPlugin
2025-09-11 12:46:41,356 [INFO] PluginManager:220 - loadIPPluginJar : add extmemmanager
2025-09-11 12:46:41,358 [INFO] IPUIPlugin:80 - create IPUIPlugin
2025-09-11 12:46:41,358 [INFO] PluginManager:220 - loadIPPluginJar : add fatfs
2025-09-11 12:46:41,362 [INFO] IPUIPlugin:80 - create IPUIPlugin
2025-09-11 12:46:41,363 [INFO] PluginManager:220 - loadIPPluginJar : add fmc
2025-09-11 12:46:41,369 [INFO] IPUIPlugin:80 - create IPUIPlugin
2025-09-11 12:46:41,370 [INFO] PluginManager:220 - loadIPPluginJar : add freertos
2025-09-11 12:46:41,373 [INFO] IPUIPlugin:80 - create IPUIPlugin
2025-09-11 12:46:41,373 [INFO] PluginManager:220 - loadIPPluginJar : add genericplugin
2025-09-11 12:46:41,378 [INFO] IPUIPlugin:80 - create IPUIPlugin
2025-09-11 12:46:41,378 [INFO] PluginManager:220 - loadIPPluginJar : add gfxmmu
2025-09-11 12:46:41,386 [INFO] IPUIPlugin:80 - create IPUIPlugin
2025-09-11 12:46:41,386 [INFO] PluginManager:220 - loadIPPluginJar : add gic
2025-09-11 12:46:41,394 [INFO] IPUIPlugin:80 - create IPUIPlugin
2025-09-11 12:46:41,395 [INFO] PluginManager:220 - loadIPPluginJar : add gpio
2025-09-11 12:46:41,400 [INFO] IPUIPlugin:80 - create IPUIPlugin
2025-09-11 12:46:41,400 [INFO] PluginManager:220 - loadIPPluginJar : add gtzc
2025-09-11 12:46:41,409 [INFO] IPUIPlugin:80 - create IPUIPlugin
2025-09-11 12:46:41,410 [INFO] PluginManager:220 - loadIPPluginJar : add hash
2025-09-11 12:46:41,414 [INFO] IPUIPlugin:80 - create IPUIPlugin
2025-09-11 12:46:41,415 [INFO] PluginManager:220 - loadIPPluginJar : add i2c
2025-09-11 12:46:41,417 [INFO] IPUIPlugin:80 - create IPUIPlugin
2025-09-11 12:46:41,418 [INFO] PluginManager:220 - loadIPPluginJar : add i2s
2025-09-11 12:46:41,420 [INFO] IPUIPlugin:80 - create IPUIPlugin
2025-09-11 12:46:41,420 [INFO] PluginManager:220 - loadIPPluginJar : add i3c
2025-09-11 12:46:41,425 [INFO] IPUIPlugin:80 - create IPUIPlugin
2025-09-11 12:46:41,425 [INFO] PluginManager:220 - loadIPPluginJar : add ipddr
2025-09-11 12:46:41,435 [INFO] IPUIPlugin:80 - create IPUIPlugin
2025-09-11 12:46:41,435 [INFO] PluginManager:220 - loadIPPluginJar : add linkedlist
2025-09-11 12:46:41,439 [INFO] IPUIPlugin:80 - create IPUIPlugin
2025-09-11 12:46:41,440 [INFO] PluginManager:220 - loadIPPluginJar : add lorawan
2025-09-11 12:46:41,443 [INFO] IPUIPlugin:80 - create IPUIPlugin
2025-09-11 12:46:41,443 [INFO] PluginManager:220 - loadIPPluginJar : add ltdc
2025-09-11 12:46:41,454 [INFO] IPUIPlugin:80 - create IPUIPlugin
2025-09-11 12:46:41,454 [INFO] PluginManager:220 - loadIPPluginJar : add mdma
2025-09-11 12:46:41,459 [INFO] IPUIPlugin:80 - create IPUIPlugin
2025-09-11 12:46:41,459 [INFO] PluginManager:220 - loadIPPluginJar : add nvic
2025-09-11 12:46:41,461 [INFO] IPUIPlugin:80 - create IPUIPlugin
2025-09-11 12:46:41,461 [INFO] PluginManager:220 - loadIPPluginJar : add opamp
2025-09-11 12:46:41,464 [INFO] IPUIPlugin:80 - create IPUIPlugin
2025-09-11 12:46:41,465 [INFO] PluginManager:220 - loadIPPluginJar : add openamp
2025-09-11 12:46:41,468 [INFO] IPUIPlugin:80 - create IPUIPlugin
2025-09-11 12:46:41,468 [INFO] PluginManager:220 - loadIPPluginJar : add pdm2pcm
2025-09-11 12:46:41,474 [INFO] IPUIPlugin:80 - create IPUIPlugin
2025-09-11 12:46:41,477 [INFO] PluginManager:220 - loadIPPluginJar : add plateformsettings
2025-09-11 12:46:41,478 [INFO] IPUIPlugin:80 - create IPUIPlugin
2025-09-11 12:46:41,478 [INFO] PluginManager:220 - loadIPPluginJar : add quadspi
2025-09-11 12:46:41,480 [INFO] IPUIPlugin:80 - create IPUIPlugin
2025-09-11 12:46:41,481 [INFO] PluginManager:220 - loadIPPluginJar : add radio
2025-09-11 12:46:41,483 [INFO] IPUIPlugin:80 - create IPUIPlugin
2025-09-11 12:46:41,484 [INFO] PluginManager:220 - loadIPPluginJar : add resmgrutility
2025-09-11 12:46:41,490 [INFO] IPUIPlugin:80 - create IPUIPlugin
2025-09-11 12:46:41,490 [INFO] PluginManager:220 - loadIPPluginJar : add sai
2025-09-11 12:46:41,493 [INFO] IPUIPlugin:80 - create IPUIPlugin
2025-09-11 12:46:41,494 [INFO] PluginManager:220 - loadIPPluginJar : add spi
2025-09-11 12:46:41,500 [INFO] IPUIPlugin:80 - create IPUIPlugin
2025-09-11 12:46:41,500 [INFO] PluginManager:220 - loadIPPluginJar : add stm32_wpan
2025-09-11 12:46:41,501 [INFO] IPUIPlugin:80 - create IPUIPlugin
2025-09-11 12:46:41,501 [INFO] PluginManager:220 - loadIPPluginJar : add tim
2025-09-11 12:46:41,503 [INFO] IPUIPlugin:80 - create IPUIPlugin
2025-09-11 12:46:41,503 [INFO] PluginManager:220 - loadIPPluginJar : add touchsensing
2025-09-11 12:46:41,505 [INFO] IPUIPlugin:80 - create IPUIPlugin
2025-09-11 12:46:41,505 [INFO] PluginManager:220 - loadIPPluginJar : add tracer_emb
2025-09-11 12:46:41,507 [INFO] IPUIPlugin:80 - create IPUIPlugin
2025-09-11 12:46:41,507 [INFO] PluginManager:220 - loadIPPluginJar : add ts
2025-09-11 12:46:41,509 [INFO] IPUIPlugin:80 - create IPUIPlugin
2025-09-11 12:46:41,509 [INFO] PluginManager:220 - loadIPPluginJar : add tsc
2025-09-11 12:46:41,511 [INFO] IPUIPlugin:80 - create IPUIPlugin
2025-09-11 12:46:41,511 [INFO] PluginManager:220 - loadIPPluginJar : add ucpd
2025-09-11 12:46:41,513 [INFO] IPUIPlugin:80 - create IPUIPlugin
2025-09-11 12:46:41,513 [INFO] PluginManager:220 - loadIPPluginJar : add usart
2025-09-11 12:46:41,515 [INFO] IPUIPlugin:80 - create IPUIPlugin
2025-09-11 12:46:41,515 [INFO] PluginManager:220 - loadIPPluginJar : add usbx
2025-09-11 12:46:41,645 [FATAL] Updater:351 - Updater called before beeing initialized
2025-09-11 12:46:41,689 [INFO] RulesReader:64 - Compatibility file has been processed (317 Rules)
2025-09-11 12:46:41,700 [INFO] RulesReader:64 - Compatibility file has been processed (317 Rules)
2025-09-11 12:46:41,711 [INFO] CADModel:165 - CPN selected for project level
2025-09-11 12:46:41,712 [INFO] CADModel:114 - Register for checkConnection events
2025-09-11 12:46:41,712 [FATAL] Updater:351 - Updater called before beeing initialized
2025-09-11 12:46:41,712 [ERROR] CADModel:125 - Updater not yet initialized, retry later 
2025-09-11 12:46:41,876 [FATAL] Updater:351 - Updater called before beeing initialized
2025-09-11 12:46:41,879 [INFO] CADModel:165 - CPN selected for project level
2025-09-11 12:46:41,879 [INFO] CADModel:114 - Register for checkConnection events
2025-09-11 12:46:41,879 [FATAL] Updater:351 - Updater called before beeing initialized
2025-09-11 12:46:41,879 [ERROR] CADModel:125 - Updater not yet initialized, retry later 
2025-09-11 12:46:41,881 [FATAL] Updater:351 - Updater called before beeing initialized
2025-09-11 12:46:41,981 [FATAL] Updater:351 - Updater called before beeing initialized
2025-09-11 12:46:41,986 [INFO] DbMcusAds:53 - JSON generation date=Tue Jul 08 13:44:23 IST 2025 (1751962463582)
2025-09-11 12:46:41,986 [FATAL] Updater:351 - Updater called before beeing initialized
2025-09-11 12:46:42,017 [WARN] DetailPanel:346 - Failed to get advertising image, set to default
2025-09-11 12:46:42,155 [FATAL] Updater:351 - Updater called before beeing initialized
2025-09-11 12:46:42,162 [FATAL] Updater:351 - Updater called before beeing initialized
2025-09-11 12:46:42,162 [FATAL] Updater:351 - Updater called before beeing initialized
2025-09-11 12:46:42,162 [WARN] DetailPanel:346 - Failed to get advertising image, set to default
2025-09-11 12:46:42,163 [FATAL] Updater:351 - Updater called before beeing initialized
2025-09-11 12:46:42,225 [ERROR] Updater:1198 - MainUpdater not yet initialized. External WinMGr cannot be set.
2025-09-11 12:46:42,227 [INFO] Updater:1134 - Updater Version found : 6.15.0
2025-09-11 12:46:42,241 [INFO] ApplicationProperties:184 - Using Application install path: C:\ST\STM32CubeIDE_1.19.0\STM32CubeIDE\plugins\com.st.stm32cube.common.mx_6.15.0.202507011659
2025-09-11 12:46:43,713 [INFO] ThirdPartyUpdaterWithRetryManager:70 - Updater plugin not ready yet. [2/15]
2025-09-11 12:46:43,835 [ERROR] LogOutputStream:75 - [STDERR_REDIRECT] Sep 11, 2025 12:46:43 PM java.util.prefs.WindowsPreferences <init>
2025-09-11 12:46:43,837 [ERROR] LogOutputStream:75 - [STDERR_REDIRECT] WARNING: Could not open/create prefs root node Software\JavaSoft\Prefs at root 0xffffffff80000002. Windows RegCreateKeyEx(...) returned error code 5.
2025-09-11 12:46:43,838 [ERROR] LogOutputStream:75 - [STDERR_REDIRECT] 
2025-09-11 12:46:44,176 [INFO] MainUpdater:2872 - connection check result : 10
2025-09-11 12:46:44,177 [INFO] MainUpdater:289 - Updater Check For Update Now.
2025-09-11 12:46:44,177 [INFO] MicroXplorer:498 - Change Database Version : DB.6.0.150
2025-09-11 12:46:44,187 [INFO] McuFinderGlobals:63 - Set McuFinder mode to 2 (CubeIDE integrated)
2025-09-11 12:46:44,189 [INFO] UserAuth:487 - Internet connection configuration mode: 1
2025-09-11 12:46:44,250 [INFO] JxBrowserEngine:152 - Initiate JxBrowser Engine with user profile folder
2025-09-11 12:46:44,378 [INFO] CheckServerUpdateThread:120 - End of CheckServer Thread
2025-09-11 12:46:45,171 [INFO] WebApp:169 - Instantiating new browser for Auth
2025-09-11 12:46:46,044 [INFO] WebApp:463 - Apply proxy settings
2025-09-11 12:46:46,044 [INFO] WebApp:548 - Chromium requires no authentication
2025-09-11 12:46:46,058 [INFO] WebApp:491 - Direct internet connection detected
2025-09-11 12:46:46,084 [INFO] WebApp:900 - Register for checkConnection events
2025-09-11 12:46:46,085 [INFO] WebApp:463 - Apply proxy settings
2025-09-11 12:46:46,085 [INFO] WebApp:548 - Chromium requires no authentication
2025-09-11 12:46:46,086 [INFO] WebApp:491 - Direct internet connection detected
2025-09-11 12:46:46,317 [INFO] WebApp:225 - Starting web application
2025-09-11 12:46:46,317 [INFO] WebApp:593 - Web application path used C:\ST\STM32CubeIDE_1.19.0\STM32CubeIDE\plugins\com.st.stm32cube.common.mx_6.15.0.202507011659\db\plugins\mcufinder\reactClient1\index.html
2025-09-11 12:46:46,428 [INFO] UserAuth:487 - Internet connection configuration mode: 1
2025-09-11 12:46:46,573 [ERROR] LogOutputStream:75 - [STDERR_REDIRECT] [Fatal Error] :1:1: Premature end of file.
2025-09-11 12:46:46,574 [ERROR] LogOutputStream:75 - [STDERR_REDIRECT] 
2025-09-11 12:46:46,638 [INFO] WebApp:191 - Connection restablished
2025-09-11 12:46:46,919 [WARN] PackLoader:240 - Cannot read IP mode file for STMicroelectronics.FP-SNS-MOTENVWB1.1.4.0
2025-09-11 12:46:46,945 [WARN] PackLoader:240 - Cannot read IP mode file for STMicroelectronics.FP-ATR-ASTRA1.2.0.2
2025-09-11 12:46:46,960 [WARN] PackLoader:240 - Cannot read IP mode file for STMicroelectronics.X-CUBE-SMBUS.2.1.0
2025-09-11 12:46:46,968 [WARN] PackLoader:240 - Cannot read IP mode file for STMicroelectronics.X-CUBE-ST60.1.0.0
2025-09-11 12:46:47,006 [WARN] PackLoader:240 - Cannot read IP mode file for STMicroelectronics.X-CUBE-AZRTOS-F7.1.1.0
2025-09-11 12:46:47,036 [WARN] PackLoader:240 - Cannot read IP mode file for Infineon.AIROC-Wi-Fi-Bluetooth-STM32.1.7.1
2025-09-11 12:46:47,069 [WARN] PackLoader:240 - Cannot read IP mode file for STMicroelectronics.X-CUBE-AZRTOS-H7.3.4.0
2025-09-11 12:46:47,082 [WARN] PackLoader:240 - Cannot read IP mode file for STMicroelectronics.X-CUBE-DISPLAY.3.0.0
2025-09-11 12:46:47,099 [WARN] PackLoader:240 - Cannot read IP mode file for STMicroelectronics.X-CUBE-NFC10.1.0.0
2025-09-11 12:46:47,111 [WARN] PackLoader:240 - Cannot read IP mode file for emotas.I-CUBE-CANOPEN.1.3.0
2025-09-11 12:46:47,122 [WARN] PackLoader:240 - Cannot read IP mode file for STMicroelectronics.FP-SNS-STBOX1.2.1.0
2025-09-11 12:46:47,130 [WARN] PackLoader:240 - Cannot read IP mode file for STMicroelectronics.FP-SNS-SMARTAG2.1.2.0
2025-09-11 12:46:47,134 [WARN] PackLoader:240 - Cannot read IP mode file for STMicroelectronics.FP-SNS-FLIGHT1.5.1.0
2025-09-11 12:46:47,146 [INFO] LogOutputStream:77 - [STDOUT_REDIRECT] 1 : Invalid condition id : UX_CORESTACK_Condition cause : null
2025-09-11 12:46:47,147 [INFO] LogOutputStream:77 - [STDOUT_REDIRECT] 1 : Invalid condition id : UX_CORESTACK_Condition cause : null
2025-09-11 12:46:47,147 [INFO] LogOutputStream:77 - [STDOUT_REDIRECT] 1 : Invalid condition id : UX_CORESTACK_Condition cause : null
2025-09-11 12:46:47,148 [INFO] LogOutputStream:77 - [STDOUT_REDIRECT] 1 : Invalid condition id : UX_CORESTACK_Condition cause : null
2025-09-11 12:46:47,148 [INFO] LogOutputStream:77 - [STDOUT_REDIRECT] 1 : Invalid condition id : UX_CORESTACK_Condition cause : null
2025-09-11 12:46:47,152 [WARN] PackLoader:240 - Cannot read IP mode file for STMicroelectronics.X-CUBE-AZRTOS-WL.2.0.0
2025-09-11 12:46:47,159 [WARN] PackLoader:240 - Cannot read IP mode file for STMicroelectronics.FP-SNS-MOTENV1.5.0.0
2025-09-11 12:46:47,171 [WARN] PackLoader:240 - Cannot read IP mode file for WES.I-CUBE-Cesium.1.3.0
2025-09-11 12:46:47,177 [WARN] PackLoader:240 - Cannot read IP mode file for STMicroelectronics.X-CUBE-BLE2.3.3.0
2025-09-11 12:46:47,183 [WARN] PackLoader:240 - Cannot read IP mode file for STMicroelectronics.X-CUBE-NFC9.1.0.0
2025-09-11 12:46:47,193 [WARN] PackLoader:240 - Cannot read IP mode file for wolfSSL.I-CUBE-wolfSSL.5.8.2
2025-09-11 12:46:47,198 [WARN] PackLoader:240 - Cannot read IP mode file for STMicroelectronics.X-CUBE-BLE1.7.1.0
2025-09-11 12:46:47,204 [WARN] PackLoader:240 - Cannot read IP mode file for wolfSSL.I-CUBE-wolfMQTT.1.19.2
2025-09-11 12:46:47,210 [WARN] PackLoader:240 - Cannot read IP mode file for STMicroelectronics.X-CUBE-EEPRMA1.5.2.0
2025-09-11 12:46:47,225 [WARN] PackLoader:240 - Cannot read IP mode file for STMicroelectronics.X-CUBE-AZRTOS-G0.1.1.0
2025-09-11 12:46:47,234 [WARN] PackLoader:240 - Cannot read IP mode file for STMicroelectronics.X-CUBE-SAFEA1.1.2.2
2025-09-11 12:46:47,242 [WARN] PackLoader:240 - Cannot read IP mode file for STMicroelectronics.X-CUBE-NFC4.3.0.0
2025-09-11 12:46:47,255 [WARN] PackLoader:240 - Cannot read IP mode file for EmbeddedOffice.I-CUBE-FS-RTOS.1.0.1
2025-09-11 12:46:47,262 [WARN] PackLoader:240 - Cannot read IP mode file for STMicroelectronics.X-CUBE-WB05N.2.0.0
2025-09-11 12:46:47,269 [WARN] PackLoader:240 - Cannot read IP mode file for wolfSSL.I-CUBE-wolfTPM.3.8.0
2025-09-11 12:46:47,277 [WARN] PackLoader:240 - Cannot read IP mode file for STMicroelectronics.X-CUBE-TCPP.4.2.0
2025-09-11 12:46:47,282 [WARN] PackLoader:240 - Cannot read IP mode file for RealThread.X-CUBE-RT-Thread_Nano.4.1.1
2025-09-11 12:46:47,295 [WARN] PackLoader:240 - Cannot read IP mode file for STMicroelectronics.FP-ATR-SIGFOX1.3.2.0
2025-09-11 12:46:47,304 [WARN] PackLoader:240 - Cannot read IP mode file for ITTIA_DB.I-CUBE-ITTIADB.8.9.0
2025-09-11 12:46:47,314 [WARN] PackLoader:240 - Cannot read IP mode file for STMicroelectronics.X-CUBE-ST67W61.1.0.0
2025-09-11 12:46:47,321 [WARN] PackLoader:240 - Cannot read IP mode file for STMicroelectronics.X-CUBE-AI.10.2.0
2025-09-11 12:46:47,347 [WARN] PackLoader:240 - Cannot read IP mode file for SEGGER.I-CUBE-embOS.1.3.1
2025-09-11 12:46:47,384 [WARN] PackLoader:240 - Cannot read IP mode file for STMicroelectronics.X-CUBE-ALGOBUILD.1.4.0
2025-09-11 12:46:47,411 [WARN] PackLoader:240 - Cannot read IP mode file for STMicroelectronics.X-CUBE-MEMS1.11.3.0
2025-09-11 12:46:47,539 [ERROR] LogOutputStream:75 - [STDERR_REDIRECT] [Fatal Error] :1:1: Premature end of file.
2025-09-11 12:46:47,539 [ERROR] LogOutputStream:75 - [STDERR_REDIRECT] 
2025-09-11 12:46:47,577 [WARN] PackLoader:240 - Cannot read IP mode file for STMicroelectronics.X-CUBE-PM33A1.1.0.0
2025-09-11 12:46:47,592 [WARN] PackLoader:240 - Cannot read IP mode file for STMicroelectronics.X-CUBE-AZRTOS-F4.1.1.0
2025-09-11 12:46:47,599 [WARN] PackLoader:240 - Cannot read IP mode file for Avnet-IotConnect.X-CUBE-IoTC-DA16k-PMOD.1.0.0
2025-09-11 12:46:47,605 [WARN] PackLoader:240 - Cannot read IP mode file for STMicroelectronics.X-CUBE-ISPU.2.1.0
2025-09-11 12:46:47,611 [WARN] PackLoader:240 - Cannot read IP mode file for STMicroelectronics.X-CUBE-NFC12.1.0.0
2025-09-11 12:46:47,626 [WARN] PackLoader:240 - Cannot read IP mode file for STMicroelectronics.X-CUBE-AZRTOS-L5.2.0.0
2025-09-11 12:46:47,634 [WARN] PackLoader:240 - Cannot read IP mode file for STMicroelectronics.X-CUBE-NFC6.3.1.0
2025-09-11 12:46:47,642 [WARN] PackLoader:240 - Cannot read IP mode file for STMicroelectronics.X-CUBE-FREERTOS.1.3.1
2025-09-11 12:46:47,646 [WARN] PackLoader:240 - Cannot read IP mode file for STMicroelectronics.FP-SNS-STAIOTCFT.1.0.0
2025-09-11 12:46:47,649 [WARN] PackLoader:240 - Cannot read IP mode file for STMicroelectronics.X-CUBE-DPower.1.3.0
2025-09-11 12:46:47,666 [WARN] ConditionMgr:438 - getConditionDescription Invalid condition id : LAN8742 Phy interface Condition cause : null
2025-09-11 12:46:47,667 [WARN] PackLoader:240 - Cannot read IP mode file for STMicroelectronics.X-CUBE-AZRTOS-L4.2.0.0
2025-09-11 12:46:47,668 [WARN] ConditionMgr:1044 - genDependencies : Invalid condition id : LAN8742 Phy interface Condition cause : null
2025-09-11 12:46:47,669 [WARN] ConditionMgr:1044 - genDependencies : Invalid condition id : LAN8742 Phy interface Condition cause : null
2025-09-11 12:46:47,669 [WARN] ConditionMgr:1044 - genDependencies : Invalid condition id : LAN8742 Phy interface Condition cause : null
2025-09-11 12:46:47,677 [WARN] PackLoader:240 - Cannot read IP mode file for STMicroelectronics.X-CUBE-SFXS2LP1.4.0.0
2025-09-11 12:46:47,688 [WARN] PackLoader:240 - Cannot read IP mode file for STMicroelectronics.X-CUBE-BLEMGR.4.1.0
2025-09-11 12:46:47,697 [WARN] ConditionMgr:438 - getConditionDescription Invalid condition id : UX DEVICE CLASS RTOS Condition cause : null
2025-09-11 12:46:47,697 [WARN] ConditionMgr:438 - getConditionDescription Invalid condition id : UX DEVICE CLASS RTOS Condition cause : null
2025-09-11 12:46:47,698 [WARN] PackLoader:240 - Cannot read IP mode file for STMicroelectronics.X-CUBE-AZRTOS-WB.2.0.0
2025-09-11 12:46:47,698 [WARN] ConditionMgr:1044 - genDependencies : Invalid condition id : UX DEVICE CLASS RTOS Condition cause : null
2025-09-11 12:46:47,699 [WARN] ConditionMgr:1044 - genDependencies : Invalid condition id : UX DEVICE CLASS RTOS Condition cause : null
2025-09-11 12:46:47,699 [WARN] ConditionMgr:1044 - genDependencies : Invalid condition id : UX DEVICE CLASS RTOS Condition cause : null
2025-09-11 12:46:47,699 [WARN] ConditionMgr:1044 - genDependencies : Invalid condition id : UX DEVICE CLASS RTOS Condition cause : null
2025-09-11 12:46:47,699 [WARN] ConditionMgr:1044 - genDependencies : Invalid condition id : UX DEVICE CLASS RTOS Condition cause : null
2025-09-11 12:46:47,705 [WARN] PackLoader:240 - Cannot read IP mode file for STMicroelectronics.X-CUBE-GNSS1.7.0.1
2025-09-11 12:46:47,711 [WARN] PackLoader:240 - Cannot read IP mode file for STMicroelectronics.X-CUBE-TOUCHGFX.4.25.0
2025-09-11 12:46:47,716 [WARN] ConditionMgr:438 - getConditionDescription Invalid condition id : Cortex-A Device cause : null
2025-09-11 12:46:47,732 [WARN] ConditionMgr:1044 - genDependencies : Invalid condition id : Cortex-A Device cause : null
2025-09-11 12:46:47,733 [WARN] ConditionMgr:1044 - genDependencies : Invalid condition id : Cortex-A Device cause : null
2025-09-11 12:46:47,733 [WARN] ConditionMgr:1044 - genDependencies : Invalid condition id : Cortex-A Device cause : null
2025-09-11 12:46:47,744 [WARN] PackLoader:240 - Cannot read IP mode file for STMicroelectronics.X-CUBE-SUBG2.5.0.0
2025-09-11 12:46:47,757 [WARN] PackLoader:240 - Cannot read IP mode file for STMicroelectronics.X-CUBE-AZRTOS-H7RS.1.1.0
2025-09-11 12:46:47,763 [WARN] PackLoader:240 - Cannot read IP mode file for Cesanta.I-CUBE-Mongoose.7.13.0
2025-09-11 12:46:47,775 [WARN] PackLoader:240 - Cannot read IP mode file for STMicroelectronics.X-CUBE-AZRTOS-G4.2.0.0
2025-09-11 12:46:47,782 [WARN] PackLoader:240 - Cannot read IP mode file for wolfSSL.I-CUBE-wolfSSH.1.4.20
2025-09-11 12:46:47,788 [WARN] PackLoader:240 - Cannot read IP mode file for STMicroelectronics.X-CUBE-NFC7.2.0.0
2025-09-11 12:46:47,796 [WARN] PackLoader:240 - Cannot read IP mode file for STMicroelectronics.X-CUBE-IPS.3.1.0
2025-09-11 12:46:47,804 [WARN] PackLoader:240 - Cannot read IP mode file for STMicroelectronics.X-CUBE-ALS.1.0.2
2025-09-11 12:46:47,810 [WARN] PackLoader:240 - Cannot read IP mode file for STMicroelectronics.X-CUBE-STSE01.1.0.0
2025-09-11 12:46:47,815 [WARN] PackLoader:240 - Cannot read IP mode file for portGmbH.I-Cube-SoM-uGOAL.1.1.0
2025-09-11 12:46:47,825 [WARN] PackLoader:240 - Cannot read IP mode file for STMicroelectronics.X-CUBE-TOF1.3.4.3
2025-09-11 12:46:47,831 [INFO] ThirdParty:978 - Integrity check success = true
2025-09-11 12:46:47,831 [INFO] IntegrityCheckThread:100 - exiting critical section [integrity check]
2025-09-11 12:46:47,831 [INFO] IntegrityCheckThread:103 - End integrity checks thread
2025-09-11 12:46:48,557 [ERROR] LogOutputStream:75 - [STDERR_REDIRECT] [Fatal Error] :1:1: Premature end of file.
2025-09-11 12:46:48,557 [ERROR] LogOutputStream:75 - [STDERR_REDIRECT] 
2025-09-11 12:46:49,547 [ERROR] LogOutputStream:75 - [STDERR_REDIRECT] [Fatal Error] :1:1: Premature end of file.
2025-09-11 12:46:49,547 [ERROR] LogOutputStream:75 - [STDERR_REDIRECT] 
2025-09-11 12:46:50,534 [ERROR] LogOutputStream:75 - [STDERR_REDIRECT] [Fatal Error] :1:1: Premature end of file.
2025-09-11 12:46:50,534 [ERROR] LogOutputStream:75 - [STDERR_REDIRECT] 
2025-09-11 12:46:51,555 [ERROR] LogOutputStream:75 - [STDERR_REDIRECT] [Fatal Error] :1:1: Premature end of file.
2025-09-11 12:46:51,555 [ERROR] LogOutputStream:75 - [STDERR_REDIRECT] 
2025-09-11 12:46:52,545 [ERROR] LogOutputStream:75 - [STDERR_REDIRECT] [Fatal Error] :1:1: Premature end of file.
2025-09-11 12:46:52,548 [ERROR] LogOutputStream:75 - [STDERR_REDIRECT] 
2025-09-11 12:46:53,517 [ERROR] LogOutputStream:75 - [STDERR_REDIRECT] [Fatal Error] :1:1: Premature end of file.
2025-09-11 12:46:53,518 [ERROR] LogOutputStream:75 - [STDERR_REDIRECT] 
2025-09-11 12:46:54,545 [ERROR] LogOutputStream:75 - [STDERR_REDIRECT] [Fatal Error] :1:1: Premature end of file.
2025-09-11 12:46:54,546 [ERROR] LogOutputStream:75 - [STDERR_REDIRECT] 
2025-09-11 12:46:55,537 [ERROR] LogOutputStream:75 - [STDERR_REDIRECT] [Fatal Error] :1:1: Premature end of file.
2025-09-11 12:46:55,538 [ERROR] LogOutputStream:75 - [STDERR_REDIRECT] 
2025-09-11 12:46:56,535 [ERROR] LogOutputStream:75 - [STDERR_REDIRECT] [Fatal Error] :1:1: Premature end of file.
2025-09-11 12:46:56,536 [ERROR] LogOutputStream:75 - [STDERR_REDIRECT] 
2025-09-11 12:46:57,547 [ERROR] LogOutputStream:75 - [STDERR_REDIRECT] [Fatal Error] :1:1: Premature end of file.
2025-09-11 12:46:57,547 [ERROR] LogOutputStream:75 - [STDERR_REDIRECT] 
2025-09-11 12:46:58,537 [ERROR] LogOutputStream:75 - [STDERR_REDIRECT] [Fatal Error] :1:1: Premature end of file.
2025-09-11 12:46:58,537 [ERROR] LogOutputStream:75 - [STDERR_REDIRECT] 
2025-09-11 12:46:59,543 [ERROR] LogOutputStream:75 - [STDERR_REDIRECT] [Fatal Error] :1:1: Premature end of file.
2025-09-11 12:46:59,543 [ERROR] LogOutputStream:75 - [STDERR_REDIRECT] 
2025-09-11 12:47:00,545 [ERROR] LogOutputStream:75 - [STDERR_REDIRECT] [Fatal Error] :1:1: Premature end of file.
2025-09-11 12:47:00,546 [ERROR] LogOutputStream:75 - [STDERR_REDIRECT] 
2025-09-11 12:47:01,543 [ERROR] LogOutputStream:75 - [STDERR_REDIRECT] [Fatal Error] :1:1: Premature end of file.
2025-09-11 12:47:01,543 [ERROR] LogOutputStream:75 - [STDERR_REDIRECT] 
2025-09-11 12:47:02,545 [ERROR] LogOutputStream:75 - [STDERR_REDIRECT] [Fatal Error] :1:1: Premature end of file.
2025-09-11 12:47:02,546 [ERROR] LogOutputStream:75 - [STDERR_REDIRECT] 
2025-09-11 12:47:03,544 [ERROR] LogOutputStream:75 - [STDERR_REDIRECT] [Fatal Error] :1:1: Premature end of file.
2025-09-11 12:47:03,545 [ERROR] LogOutputStream:75 - [STDERR_REDIRECT] 
2025-09-11 12:47:04,554 [ERROR] LogOutputStream:75 - [STDERR_REDIRECT] [Fatal Error] :1:1: Premature end of file.
2025-09-11 12:47:04,554 [ERROR] LogOutputStream:75 - [STDERR_REDIRECT] 
2025-09-11 12:47:05,555 [ERROR] LogOutputStream:75 - [STDERR_REDIRECT] [Fatal Error] :1:1: Premature end of file.
2025-09-11 12:47:05,556 [ERROR] LogOutputStream:75 - [STDERR_REDIRECT] 
2025-09-11 12:47:06,558 [ERROR] LogOutputStream:75 - [STDERR_REDIRECT] [Fatal Error] :1:1: Premature end of file.
2025-09-11 12:47:06,559 [ERROR] LogOutputStream:75 - [STDERR_REDIRECT] 
2025-09-11 12:47:07,517 [ERROR] LogOutputStream:75 - [STDERR_REDIRECT] [Fatal Error] :1:1: Premature end of file.
2025-09-11 12:47:07,518 [ERROR] LogOutputStream:75 - [STDERR_REDIRECT] 
2025-09-11 12:47:08,559 [ERROR] LogOutputStream:75 - [STDERR_REDIRECT] [Fatal Error] :1:1: Premature end of file.
2025-09-11 12:47:08,559 [ERROR] LogOutputStream:75 - [STDERR_REDIRECT] 
2025-09-11 12:47:09,524 [ERROR] LogOutputStream:75 - [STDERR_REDIRECT] [Fatal Error] :1:1: Premature end of file.
2025-09-11 12:47:09,525 [ERROR] LogOutputStream:75 - [STDERR_REDIRECT] 
2025-09-11 12:47:10,542 [ERROR] LogOutputStream:75 - [STDERR_REDIRECT] [Fatal Error] :1:1: Premature end of file.
2025-09-11 12:47:10,542 [ERROR] LogOutputStream:75 - [STDERR_REDIRECT] 
2025-09-11 12:47:11,522 [ERROR] LogOutputStream:75 - [STDERR_REDIRECT] [Fatal Error] :1:1: Premature end of file.
2025-09-11 12:47:11,522 [ERROR] LogOutputStream:75 - [STDERR_REDIRECT] 
2025-09-11 12:47:12,514 [ERROR] LogOutputStream:75 - [STDERR_REDIRECT] [Fatal Error] :1:1: Premature end of file.
2025-09-11 12:47:12,514 [ERROR] LogOutputStream:75 - [STDERR_REDIRECT] 
2025-09-11 12:47:13,534 [ERROR] LogOutputStream:75 - [STDERR_REDIRECT] [Fatal Error] :1:1: Premature end of file.
2025-09-11 12:47:13,534 [ERROR] LogOutputStream:75 - [STDERR_REDIRECT] 
2025-09-11 12:47:14,535 [ERROR] LogOutputStream:75 - [STDERR_REDIRECT] [Fatal Error] :1:1: Premature end of file.
2025-09-11 12:47:14,536 [ERROR] LogOutputStream:75 - [STDERR_REDIRECT] 
2025-09-11 12:47:15,519 [ERROR] LogOutputStream:75 - [STDERR_REDIRECT] [Fatal Error] :1:1: Premature end of file.
2025-09-11 12:47:15,519 [ERROR] LogOutputStream:75 - [STDERR_REDIRECT] 
2025-09-11 12:47:16,523 [ERROR] LogOutputStream:75 - [STDERR_REDIRECT] [Fatal Error] :1:1: Premature end of file.
2025-09-11 12:47:16,524 [ERROR] LogOutputStream:75 - [STDERR_REDIRECT] 
2025-09-11 12:47:17,512 [ERROR] LogOutputStream:75 - [STDERR_REDIRECT] [Fatal Error] :1:1: Premature end of file.
2025-09-11 12:47:17,512 [ERROR] LogOutputStream:75 - [STDERR_REDIRECT] 
2025-09-11 12:47:18,512 [ERROR] LogOutputStream:75 - [STDERR_REDIRECT] [Fatal Error] :1:1: Premature end of file.
2025-09-11 12:47:18,512 [ERROR] LogOutputStream:75 - [STDERR_REDIRECT] 
2025-09-11 12:47:19,550 [ERROR] LogOutputStream:75 - [STDERR_REDIRECT] [Fatal Error] :1:1: Premature end of file.
2025-09-11 12:47:19,551 [ERROR] LogOutputStream:75 - [STDERR_REDIRECT] 
2025-09-11 12:47:20,512 [ERROR] LogOutputStream:75 - [STDERR_REDIRECT] [Fatal Error] :1:1: Premature end of file.
2025-09-11 12:47:20,512 [ERROR] LogOutputStream:75 - [STDERR_REDIRECT] 
2025-09-11 12:47:21,556 [ERROR] LogOutputStream:75 - [STDERR_REDIRECT] [Fatal Error] :1:1: Premature end of file.
2025-09-11 12:47:21,557 [ERROR] LogOutputStream:75 - [STDERR_REDIRECT] 
2025-09-11 12:47:22,553 [ERROR] LogOutputStream:75 - [STDERR_REDIRECT] [Fatal Error] :1:1: Premature end of file.
2025-09-11 12:47:22,554 [ERROR] LogOutputStream:75 - [STDERR_REDIRECT] 
2025-09-11 12:47:23,514 [ERROR] LogOutputStream:75 - [STDERR_REDIRECT] [Fatal Error] :1:1: Premature end of file.
2025-09-11 12:47:23,515 [ERROR] LogOutputStream:75 - [STDERR_REDIRECT] 
2025-09-11 12:47:24,522 [ERROR] LogOutputStream:75 - [STDERR_REDIRECT] [Fatal Error] :1:1: Premature end of file.
2025-09-11 12:47:24,522 [ERROR] LogOutputStream:75 - [STDERR_REDIRECT] 
2025-09-11 12:47:25,514 [ERROR] LogOutputStream:75 - [STDERR_REDIRECT] [Fatal Error] :1:1: Premature end of file.
2025-09-11 12:47:25,515 [ERROR] LogOutputStream:75 - [STDERR_REDIRECT] 
2025-09-11 12:47:26,549 [ERROR] LogOutputStream:75 - [STDERR_REDIRECT] [Fatal Error] :1:1: Premature end of file.
2025-09-11 12:47:26,550 [ERROR] LogOutputStream:75 - [STDERR_REDIRECT] 
2025-09-11 12:47:27,522 [ERROR] LogOutputStream:75 - [STDERR_REDIRECT] [Fatal Error] :1:1: Premature end of file.
2025-09-11 12:47:27,522 [ERROR] LogOutputStream:75 - [STDERR_REDIRECT] 
2025-09-11 12:47:28,511 [ERROR] LogOutputStream:75 - [STDERR_REDIRECT] [Fatal Error] :1:1: Premature end of file.
2025-09-11 12:47:28,512 [ERROR] LogOutputStream:75 - [STDERR_REDIRECT] 
2025-09-11 12:47:29,545 [ERROR] LogOutputStream:75 - [STDERR_REDIRECT] [Fatal Error] :1:1: Premature end of file.
2025-09-11 12:47:29,546 [ERROR] LogOutputStream:75 - [STDERR_REDIRECT] 
2025-09-11 12:47:30,542 [ERROR] LogOutputStream:75 - [STDERR_REDIRECT] [Fatal Error] :1:1: Premature end of file.
2025-09-11 12:47:30,542 [ERROR] LogOutputStream:75 - [STDERR_REDIRECT] 
2025-09-11 12:47:31,547 [ERROR] LogOutputStream:75 - [STDERR_REDIRECT] [Fatal Error] :1:1: Premature end of file.
2025-09-11 12:47:31,547 [ERROR] LogOutputStream:75 - [STDERR_REDIRECT] 
2025-09-11 12:47:32,552 [ERROR] LogOutputStream:75 - [STDERR_REDIRECT] [Fatal Error] :1:1: Premature end of file.
2025-09-11 12:47:32,553 [ERROR] LogOutputStream:75 - [STDERR_REDIRECT] 
2025-09-11 12:47:33,553 [ERROR] LogOutputStream:75 - [STDERR_REDIRECT] [Fatal Error] :1:1: Premature end of file.
2025-09-11 12:47:33,553 [ERROR] LogOutputStream:75 - [STDERR_REDIRECT] 
2025-09-11 12:47:34,568 [ERROR] LogOutputStream:75 - [STDERR_REDIRECT] [Fatal Error] :1:1: Premature end of file.
2025-09-11 12:47:34,568 [ERROR] LogOutputStream:75 - [STDERR_REDIRECT] 
2025-09-11 12:47:35,516 [ERROR] LogOutputStream:75 - [STDERR_REDIRECT] [Fatal Error] :1:1: Premature end of file.
2025-09-11 12:47:35,517 [ERROR] LogOutputStream:75 - [STDERR_REDIRECT] 
2025-09-11 12:47:36,536 [ERROR] LogOutputStream:75 - [STDERR_REDIRECT] [Fatal Error] :1:1: Premature end of file.
2025-09-11 12:47:36,536 [ERROR] LogOutputStream:75 - [STDERR_REDIRECT] 
2025-09-11 12:47:37,547 [ERROR] LogOutputStream:75 - [STDERR_REDIRECT] [Fatal Error] :1:1: Premature end of file.
2025-09-11 12:47:37,547 [ERROR] LogOutputStream:75 - [STDERR_REDIRECT] 
2025-09-11 12:47:38,548 [ERROR] LogOutputStream:75 - [STDERR_REDIRECT] [Fatal Error] :1:1: Premature end of file.
2025-09-11 12:47:38,548 [ERROR] LogOutputStream:75 - [STDERR_REDIRECT] 
2025-09-11 12:47:39,545 [ERROR] LogOutputStream:75 - [STDERR_REDIRECT] [Fatal Error] :1:1: Premature end of file.
2025-09-11 12:47:39,545 [ERROR] LogOutputStream:75 - [STDERR_REDIRECT] 
2025-09-11 12:47:40,529 [ERROR] LogOutputStream:75 - [STDERR_REDIRECT] [Fatal Error] :1:1: Premature end of file.
2025-09-11 12:47:40,529 [ERROR] LogOutputStream:75 - [STDERR_REDIRECT] 
2025-09-11 12:47:41,545 [ERROR] LogOutputStream:75 - [STDERR_REDIRECT] [Fatal Error] :1:1: Premature end of file.
2025-09-11 12:47:41,545 [ERROR] LogOutputStream:75 - [STDERR_REDIRECT] 
2025-09-11 12:47:42,551 [ERROR] LogOutputStream:75 - [STDERR_REDIRECT] [Fatal Error] :1:1: Premature end of file.
2025-09-11 12:47:42,552 [ERROR] LogOutputStream:75 - [STDERR_REDIRECT] 
2025-09-11 12:47:43,544 [ERROR] LogOutputStream:75 - [STDERR_REDIRECT] [Fatal Error] :1:1: Premature end of file.
2025-09-11 12:47:43,544 [ERROR] LogOutputStream:75 - [STDERR_REDIRECT] 
2025-09-11 12:47:44,545 [ERROR] LogOutputStream:75 - [STDERR_REDIRECT] [Fatal Error] :1:1: Premature end of file.
2025-09-11 12:47:44,546 [ERROR] LogOutputStream:75 - [STDERR_REDIRECT] 
2025-09-11 12:47:45,520 [ERROR] LogOutputStream:75 - [STDERR_REDIRECT] [Fatal Error] :1:1: Premature end of file.
2025-09-11 12:47:45,521 [ERROR] LogOutputStream:75 - [STDERR_REDIRECT] 
2025-09-11 12:47:46,522 [ERROR] LogOutputStream:75 - [STDERR_REDIRECT] [Fatal Error] :1:1: Premature end of file.
2025-09-11 12:47:46,523 [ERROR] LogOutputStream:75 - [STDERR_REDIRECT] 
2025-09-11 12:47:47,550 [ERROR] LogOutputStream:75 - [STDERR_REDIRECT] [Fatal Error] :1:1: Premature end of file.
2025-09-11 12:47:47,550 [ERROR] LogOutputStream:75 - [STDERR_REDIRECT] 
2025-09-11 12:47:48,557 [ERROR] LogOutputStream:75 - [STDERR_REDIRECT] [Fatal Error] :1:1: Premature end of file.
2025-09-11 12:47:48,557 [ERROR] LogOutputStream:75 - [STDERR_REDIRECT] 
2025-09-11 12:47:49,552 [ERROR] LogOutputStream:75 - [STDERR_REDIRECT] [Fatal Error] :1:1: Premature end of file.
2025-09-11 12:47:49,553 [ERROR] LogOutputStream:75 - [STDERR_REDIRECT] 
2025-09-11 12:47:50,572 [ERROR] LogOutputStream:75 - [STDERR_REDIRECT] [Fatal Error] :1:1: Premature end of file.
2025-09-11 12:47:50,572 [ERROR] LogOutputStream:75 - [STDERR_REDIRECT] 
2025-09-11 12:47:51,535 [ERROR] LogOutputStream:75 - [STDERR_REDIRECT] [Fatal Error] :1:1: Premature end of file.
2025-09-11 12:47:51,536 [ERROR] LogOutputStream:75 - [STDERR_REDIRECT] 
2025-09-11 12:47:52,551 [ERROR] LogOutputStream:75 - [STDERR_REDIRECT] [Fatal Error] :1:1: Premature end of file.
2025-09-11 12:47:52,551 [ERROR] LogOutputStream:75 - [STDERR_REDIRECT] 
2025-09-11 12:47:53,562 [ERROR] LogOutputStream:75 - [STDERR_REDIRECT] [Fatal Error] :1:1: Premature end of file.
2025-09-11 12:47:53,563 [ERROR] LogOutputStream:75 - [STDERR_REDIRECT] 
2025-09-11 12:47:54,539 [ERROR] LogOutputStream:75 - [STDERR_REDIRECT] [Fatal Error] :1:1: Premature end of file.
2025-09-11 12:47:54,539 [ERROR] LogOutputStream:75 - [STDERR_REDIRECT] 
2025-09-11 12:47:55,547 [ERROR] LogOutputStream:75 - [STDERR_REDIRECT] [Fatal Error] :1:1: Premature end of file.
2025-09-11 12:47:55,548 [ERROR] LogOutputStream:75 - [STDERR_REDIRECT] 
2025-09-11 12:47:56,529 [ERROR] LogOutputStream:75 - [STDERR_REDIRECT] [Fatal Error] :1:1: Premature end of file.
2025-09-11 12:47:56,530 [ERROR] LogOutputStream:75 - [STDERR_REDIRECT] 
2025-09-11 12:47:57,547 [ERROR] LogOutputStream:75 - [STDERR_REDIRECT] [Fatal Error] :1:1: Premature end of file.
2025-09-11 12:47:57,548 [ERROR] LogOutputStream:75 - [STDERR_REDIRECT] 
2025-09-11 12:47:58,530 [ERROR] LogOutputStream:75 - [STDERR_REDIRECT] [Fatal Error] :1:1: Premature end of file.
2025-09-11 12:47:58,530 [ERROR] LogOutputStream:75 - [STDERR_REDIRECT] 
2025-09-11 12:47:59,570 [ERROR] LogOutputStream:75 - [STDERR_REDIRECT] [Fatal Error] :1:1: Premature end of file.
2025-09-11 12:47:59,571 [ERROR] LogOutputStream:75 - [STDERR_REDIRECT] 
2025-09-11 12:48:00,551 [ERROR] LogOutputStream:75 - [STDERR_REDIRECT] [Fatal Error] :1:1: Premature end of file.
2025-09-11 12:48:00,551 [ERROR] LogOutputStream:75 - [STDERR_REDIRECT] 
2025-09-11 12:48:01,547 [ERROR] LogOutputStream:75 - [STDERR_REDIRECT] [Fatal Error] :1:1: Premature end of file.
2025-09-11 12:48:01,548 [ERROR] LogOutputStream:75 - [STDERR_REDIRECT] 
2025-09-11 12:48:02,555 [ERROR] LogOutputStream:75 - [STDERR_REDIRECT] [Fatal Error] :1:1: Premature end of file.
2025-09-11 12:48:02,556 [ERROR] LogOutputStream:75 - [STDERR_REDIRECT] 
2025-09-11 12:48:03,552 [ERROR] LogOutputStream:75 - [STDERR_REDIRECT] [Fatal Error] :1:1: Premature end of file.
2025-09-11 12:48:03,552 [ERROR] LogOutputStream:75 - [STDERR_REDIRECT] 
2025-09-11 12:48:04,558 [ERROR] LogOutputStream:75 - [STDERR_REDIRECT] [Fatal Error] :1:1: Premature end of file.
2025-09-11 12:48:04,558 [ERROR] LogOutputStream:75 - [STDERR_REDIRECT] 
2025-09-11 12:48:05,554 [ERROR] LogOutputStream:75 - [STDERR_REDIRECT] [Fatal Error] :1:1: Premature end of file.
2025-09-11 12:48:05,554 [ERROR] LogOutputStream:75 - [STDERR_REDIRECT] 
2025-09-11 12:48:06,558 [ERROR] LogOutputStream:75 - [STDERR_REDIRECT] [Fatal Error] :1:1: Premature end of file.
2025-09-11 12:48:06,558 [ERROR] LogOutputStream:75 - [STDERR_REDIRECT] 
2025-09-11 12:48:07,554 [ERROR] LogOutputStream:75 - [STDERR_REDIRECT] [Fatal Error] :1:1: Premature end of file.
2025-09-11 12:48:07,555 [ERROR] LogOutputStream:75 - [STDERR_REDIRECT] 
2025-09-11 12:48:08,556 [ERROR] LogOutputStream:75 - [STDERR_REDIRECT] [Fatal Error] :1:1: Premature end of file.
2025-09-11 12:48:08,556 [ERROR] LogOutputStream:75 - [STDERR_REDIRECT] 
2025-09-11 12:48:09,520 [ERROR] LogOutputStream:75 - [STDERR_REDIRECT] [Fatal Error] :1:1: Premature end of file.
2025-09-11 12:48:09,521 [ERROR] LogOutputStream:75 - [STDERR_REDIRECT] 
2025-09-11 12:48:10,556 [ERROR] LogOutputStream:75 - [STDERR_REDIRECT] [Fatal Error] :1:1: Premature end of file.
2025-09-11 12:48:10,557 [ERROR] LogOutputStream:75 - [STDERR_REDIRECT] 
2025-09-11 12:48:11,552 [ERROR] LogOutputStream:75 - [STDERR_REDIRECT] [Fatal Error] :1:1: Premature end of file.
2025-09-11 12:48:11,552 [ERROR] LogOutputStream:75 - [STDERR_REDIRECT] 
2025-09-11 12:48:12,547 [ERROR] LogOutputStream:75 - [STDERR_REDIRECT] [Fatal Error] :1:1: Premature end of file.
2025-09-11 12:48:12,547 [ERROR] LogOutputStream:75 - [STDERR_REDIRECT] 
2025-09-11 12:48:13,551 [ERROR] LogOutputStream:75 - [STDERR_REDIRECT] [Fatal Error] :1:1: Premature end of file.
2025-09-11 12:48:13,552 [ERROR] LogOutputStream:75 - [STDERR_REDIRECT] 
2025-09-11 12:48:14,552 [ERROR] LogOutputStream:75 - [STDERR_REDIRECT] [Fatal Error] :1:1: Premature end of file.
2025-09-11 12:48:14,552 [ERROR] LogOutputStream:75 - [STDERR_REDIRECT] 
2025-09-11 12:48:15,547 [ERROR] LogOutputStream:75 - [STDERR_REDIRECT] [Fatal Error] :1:1: Premature end of file.
2025-09-11 12:48:15,547 [ERROR] LogOutputStream:75 - [STDERR_REDIRECT] 
2025-09-11 12:48:16,554 [ERROR] LogOutputStream:75 - [STDERR_REDIRECT] [Fatal Error] :1:1: Premature end of file.
2025-09-11 12:48:16,554 [ERROR] LogOutputStream:75 - [STDERR_REDIRECT] 
2025-09-11 12:48:17,552 [ERROR] LogOutputStream:75 - [STDERR_REDIRECT] [Fatal Error] :1:1: Premature end of file.
2025-09-11 12:48:17,553 [ERROR] LogOutputStream:75 - [STDERR_REDIRECT] 
2025-09-11 12:48:18,553 [ERROR] LogOutputStream:75 - [STDERR_REDIRECT] [Fatal Error] :1:1: Premature end of file.
2025-09-11 12:48:18,553 [ERROR] LogOutputStream:75 - [STDERR_REDIRECT] 
2025-09-11 12:48:19,552 [ERROR] LogOutputStream:75 - [STDERR_REDIRECT] [Fatal Error] :1:1: Premature end of file.
2025-09-11 12:48:19,553 [ERROR] LogOutputStream:75 - [STDERR_REDIRECT] 
2025-09-11 12:48:20,551 [ERROR] LogOutputStream:75 - [STDERR_REDIRECT] [Fatal Error] :1:1: Premature end of file.
2025-09-11 12:48:20,552 [ERROR] LogOutputStream:75 - [STDERR_REDIRECT] 
2025-09-11 12:48:21,555 [ERROR] LogOutputStream:75 - [STDERR_REDIRECT] [Fatal Error] :1:1: Premature end of file.
2025-09-11 12:48:21,555 [ERROR] LogOutputStream:75 - [STDERR_REDIRECT] 
2025-09-11 12:48:22,553 [ERROR] LogOutputStream:75 - [STDERR_REDIRECT] [Fatal Error] :1:1: Premature end of file.
2025-09-11 12:48:22,554 [ERROR] LogOutputStream:75 - [STDERR_REDIRECT] 
2025-09-11 12:48:23,558 [ERROR] LogOutputStream:75 - [STDERR_REDIRECT] [Fatal Error] :1:1: Premature end of file.
2025-09-11 12:48:23,558 [ERROR] LogOutputStream:75 - [STDERR_REDIRECT] 
2025-09-11 12:48:24,553 [ERROR] LogOutputStream:75 - [STDERR_REDIRECT] [Fatal Error] :1:1: Premature end of file.
2025-09-11 12:48:24,553 [ERROR] LogOutputStream:75 - [STDERR_REDIRECT] 
2025-09-11 12:48:25,557 [ERROR] LogOutputStream:75 - [STDERR_REDIRECT] [Fatal Error] :1:1: Premature end of file.
2025-09-11 12:48:25,557 [ERROR] LogOutputStream:75 - [STDERR_REDIRECT] 
2025-09-11 12:48:26,554 [ERROR] LogOutputStream:75 - [STDERR_REDIRECT] [Fatal Error] :1:1: Premature end of file.
2025-09-11 12:48:26,554 [ERROR] LogOutputStream:75 - [STDERR_REDIRECT] 
2025-09-11 12:48:27,555 [ERROR] LogOutputStream:75 - [STDERR_REDIRECT] [Fatal Error] :1:1: Premature end of file.
2025-09-11 12:48:27,555 [ERROR] LogOutputStream:75 - [STDERR_REDIRECT] 
2025-09-11 12:48:28,555 [ERROR] LogOutputStream:75 - [STDERR_REDIRECT] [Fatal Error] :1:1: Premature end of file.
2025-09-11 12:48:28,555 [ERROR] LogOutputStream:75 - [STDERR_REDIRECT] 
2025-09-11 12:48:29,548 [ERROR] LogOutputStream:75 - [STDERR_REDIRECT] [Fatal Error] :1:1: Premature end of file.
2025-09-11 12:48:29,548 [ERROR] LogOutputStream:75 - [STDERR_REDIRECT] 
2025-09-11 12:48:30,553 [ERROR] LogOutputStream:75 - [STDERR_REDIRECT] [Fatal Error] :1:1: Premature end of file.
2025-09-11 12:48:30,554 [ERROR] LogOutputStream:75 - [STDERR_REDIRECT] 
2025-09-11 12:48:31,550 [ERROR] LogOutputStream:75 - [STDERR_REDIRECT] [Fatal Error] :1:1: Premature end of file.
2025-09-11 12:48:31,551 [ERROR] LogOutputStream:75 - [STDERR_REDIRECT] 
2025-09-11 12:48:32,554 [ERROR] LogOutputStream:75 - [STDERR_REDIRECT] [Fatal Error] :1:1: Premature end of file.
2025-09-11 12:48:32,554 [ERROR] LogOutputStream:75 - [STDERR_REDIRECT] 
2025-09-11 12:48:33,552 [ERROR] LogOutputStream:75 - [STDERR_REDIRECT] [Fatal Error] :1:1: Premature end of file.
2025-09-11 12:48:33,553 [ERROR] LogOutputStream:75 - [STDERR_REDIRECT] 
2025-09-11 12:48:34,553 [ERROR] LogOutputStream:75 - [STDERR_REDIRECT] [Fatal Error] :1:1: Premature end of file.
2025-09-11 12:48:34,553 [ERROR] LogOutputStream:75 - [STDERR_REDIRECT] 
2025-09-11 12:48:35,550 [ERROR] LogOutputStream:75 - [STDERR_REDIRECT] [Fatal Error] :1:1: Premature end of file.
2025-09-11 12:48:35,550 [ERROR] LogOutputStream:75 - [STDERR_REDIRECT] 
2025-09-11 12:48:36,554 [ERROR] LogOutputStream:75 - [STDERR_REDIRECT] [Fatal Error] :1:1: Premature end of file.
2025-09-11 12:48:36,554 [ERROR] LogOutputStream:75 - [STDERR_REDIRECT] 
2025-09-11 12:48:37,554 [ERROR] LogOutputStream:75 - [STDERR_REDIRECT] [Fatal Error] :1:1: Premature end of file.
2025-09-11 12:48:37,555 [ERROR] LogOutputStream:75 - [STDERR_REDIRECT] 
2025-09-11 12:48:38,555 [ERROR] LogOutputStream:75 - [STDERR_REDIRECT] [Fatal Error] :1:1: Premature end of file.
2025-09-11 12:48:38,556 [ERROR] LogOutputStream:75 - [STDERR_REDIRECT] 
2025-09-11 12:48:39,553 [ERROR] LogOutputStream:75 - [STDERR_REDIRECT] [Fatal Error] :1:1: Premature end of file.
2025-09-11 12:48:39,553 [ERROR] LogOutputStream:75 - [STDERR_REDIRECT] 
2025-09-11 12:48:40,575 [ERROR] LogOutputStream:75 - [STDERR_REDIRECT] [Fatal Error] :1:1: Premature end of file.
2025-09-11 12:48:40,576 [ERROR] LogOutputStream:75 - [STDERR_REDIRECT] 
2025-09-11 12:48:41,558 [ERROR] LogOutputStream:75 - [STDERR_REDIRECT] [Fatal Error] :1:1: Premature end of file.
2025-09-11 12:48:41,558 [ERROR] LogOutputStream:75 - [STDERR_REDIRECT] 
2025-09-11 12:48:42,553 [ERROR] LogOutputStream:75 - [STDERR_REDIRECT] [Fatal Error] :1:1: Premature end of file.
2025-09-11 12:48:42,553 [ERROR] LogOutputStream:75 - [STDERR_REDIRECT] 
2025-09-11 12:48:43,554 [ERROR] LogOutputStream:75 - [STDERR_REDIRECT] [Fatal Error] :1:1: Premature end of file.
2025-09-11 12:48:43,554 [ERROR] LogOutputStream:75 - [STDERR_REDIRECT] 
2025-09-11 12:48:44,549 [ERROR] LogOutputStream:75 - [STDERR_REDIRECT] [Fatal Error] :1:1: Premature end of file.
2025-09-11 12:48:44,549 [ERROR] LogOutputStream:75 - [STDERR_REDIRECT] 
2025-09-11 12:48:45,559 [ERROR] LogOutputStream:75 - [STDERR_REDIRECT] [Fatal Error] :1:1: Premature end of file.
2025-09-11 12:48:45,560 [ERROR] LogOutputStream:75 - [STDERR_REDIRECT] 
2025-09-11 12:48:46,554 [ERROR] LogOutputStream:75 - [STDERR_REDIRECT] [Fatal Error] :1:1: Premature end of file.
2025-09-11 12:48:46,556 [ERROR] LogOutputStream:75 - [STDERR_REDIRECT] 
2025-09-11 12:48:47,554 [ERROR] LogOutputStream:75 - [STDERR_REDIRECT] [Fatal Error] :1:1: Premature end of file.
2025-09-11 12:48:47,554 [ERROR] LogOutputStream:75 - [STDERR_REDIRECT] 
2025-09-11 12:48:48,547 [ERROR] LogOutputStream:75 - [STDERR_REDIRECT] [Fatal Error] :1:1: Premature end of file.
2025-09-11 12:48:48,548 [ERROR] LogOutputStream:75 - [STDERR_REDIRECT] 
2025-09-11 12:48:49,550 [ERROR] LogOutputStream:75 - [STDERR_REDIRECT] [Fatal Error] :1:1: Premature end of file.
2025-09-11 12:48:49,550 [ERROR] LogOutputStream:75 - [STDERR_REDIRECT] 
2025-09-11 12:48:50,554 [ERROR] LogOutputStream:75 - [STDERR_REDIRECT] [Fatal Error] :1:1: Premature end of file.
2025-09-11 12:48:50,555 [ERROR] LogOutputStream:75 - [STDERR_REDIRECT] 
2025-09-11 12:48:51,553 [ERROR] LogOutputStream:75 - [STDERR_REDIRECT] [Fatal Error] :1:1: Premature end of file.
2025-09-11 12:48:51,554 [ERROR] LogOutputStream:75 - [STDERR_REDIRECT] 
2025-09-11 12:48:52,553 [ERROR] LogOutputStream:75 - [STDERR_REDIRECT] [Fatal Error] :1:1: Premature end of file.
2025-09-11 12:48:52,553 [ERROR] LogOutputStream:75 - [STDERR_REDIRECT] 
2025-09-11 12:48:53,553 [ERROR] LogOutputStream:75 - [STDERR_REDIRECT] [Fatal Error] :1:1: Premature end of file.
2025-09-11 12:48:53,554 [ERROR] LogOutputStream:75 - [STDERR_REDIRECT] 
2025-09-11 12:48:54,568 [ERROR] LogOutputStream:75 - [STDERR_REDIRECT] [Fatal Error] :1:1: Premature end of file.
2025-09-11 12:48:54,569 [ERROR] LogOutputStream:75 - [STDERR_REDIRECT] 
2025-09-11 12:48:55,552 [ERROR] LogOutputStream:75 - [STDERR_REDIRECT] [Fatal Error] :1:1: Premature end of file.
2025-09-11 12:48:55,553 [ERROR] LogOutputStream:75 - [STDERR_REDIRECT] 
2025-09-11 12:48:56,540 [ERROR] LogOutputStream:75 - [STDERR_REDIRECT] [Fatal Error] :1:1: Premature end of file.
2025-09-11 12:48:56,540 [ERROR] LogOutputStream:75 - [STDERR_REDIRECT] 
2025-09-11 12:48:57,541 [ERROR] LogOutputStream:75 - [STDERR_REDIRECT] [Fatal Error] :1:1: Premature end of file.
2025-09-11 12:48:57,541 [ERROR] LogOutputStream:75 - [STDERR_REDIRECT] 
2025-09-11 12:48:58,538 [ERROR] LogOutputStream:75 - [STDERR_REDIRECT] [Fatal Error] :1:1: Premature end of file.
2025-09-11 12:48:58,538 [ERROR] LogOutputStream:75 - [STDERR_REDIRECT] 
2025-09-11 12:48:59,526 [ERROR] LogOutputStream:75 - [STDERR_REDIRECT] [Fatal Error] :1:1: Premature end of file.
2025-09-11 12:48:59,526 [ERROR] LogOutputStream:75 - [STDERR_REDIRECT] 
2025-09-11 12:49:00,543 [ERROR] LogOutputStream:75 - [STDERR_REDIRECT] [Fatal Error] :1:1: Premature end of file.
2025-09-11 12:49:00,544 [ERROR] LogOutputStream:75 - [STDERR_REDIRECT] 
2025-09-11 12:49:01,557 [ERROR] LogOutputStream:75 - [STDERR_REDIRECT] [Fatal Error] :1:1: Premature end of file.
2025-09-11 12:49:01,558 [ERROR] LogOutputStream:75 - [STDERR_REDIRECT] 
2025-09-11 12:49:02,554 [ERROR] LogOutputStream:75 - [STDERR_REDIRECT] [Fatal Error] :1:1: Premature end of file.
2025-09-11 12:49:02,554 [ERROR] LogOutputStream:75 - [STDERR_REDIRECT] 
2025-09-11 12:49:03,559 [ERROR] LogOutputStream:75 - [STDERR_REDIRECT] [Fatal Error] :1:1: Premature end of file.
2025-09-11 12:49:03,561 [ERROR] LogOutputStream:75 - [STDERR_REDIRECT] 
2025-09-11 12:49:04,548 [ERROR] LogOutputStream:75 - [STDERR_REDIRECT] [Fatal Error] :1:1: Premature end of file.
2025-09-11 12:49:04,549 [ERROR] LogOutputStream:75 - [STDERR_REDIRECT] 
2025-09-11 12:49:05,549 [ERROR] LogOutputStream:75 - [STDERR_REDIRECT] [Fatal Error] :1:1: Premature end of file.
2025-09-11 12:49:05,550 [ERROR] LogOutputStream:75 - [STDERR_REDIRECT] 
2025-09-11 12:49:06,567 [ERROR] LogOutputStream:75 - [STDERR_REDIRECT] [Fatal Error] :1:1: Premature end of file.
2025-09-11 12:49:06,567 [ERROR] LogOutputStream:75 - [STDERR_REDIRECT] 
2025-09-11 12:49:07,552 [ERROR] LogOutputStream:75 - [STDERR_REDIRECT] [Fatal Error] :1:1: Premature end of file.
2025-09-11 12:49:07,552 [ERROR] LogOutputStream:75 - [STDERR_REDIRECT] 
2025-09-11 12:49:08,550 [ERROR] LogOutputStream:75 - [STDERR_REDIRECT] [Fatal Error] :1:1: Premature end of file.
2025-09-11 12:49:08,550 [ERROR] LogOutputStream:75 - [STDERR_REDIRECT] 
2025-09-11 12:49:09,524 [ERROR] LogOutputStream:75 - [STDERR_REDIRECT] [Fatal Error] :1:1: Premature end of file.
2025-09-11 12:49:09,525 [ERROR] LogOutputStream:75 - [STDERR_REDIRECT] 
2025-09-11 12:49:10,571 [ERROR] LogOutputStream:75 - [STDERR_REDIRECT] [Fatal Error] :1:1: Premature end of file.
2025-09-11 12:49:10,572 [ERROR] LogOutputStream:75 - [STDERR_REDIRECT] 
2025-09-11 12:49:11,550 [ERROR] LogOutputStream:75 - [STDERR_REDIRECT] [Fatal Error] :1:1: Premature end of file.
2025-09-11 12:49:11,551 [ERROR] LogOutputStream:75 - [STDERR_REDIRECT] 
2025-09-11 12:49:12,544 [ERROR] LogOutputStream:75 - [STDERR_REDIRECT] [Fatal Error] :1:1: Premature end of file.
2025-09-11 12:49:12,545 [ERROR] LogOutputStream:75 - [STDERR_REDIRECT] 
2025-09-11 12:49:13,543 [ERROR] LogOutputStream:75 - [STDERR_REDIRECT] [Fatal Error] :1:1: Premature end of file.
2025-09-11 12:49:13,543 [ERROR] LogOutputStream:75 - [STDERR_REDIRECT] 
2025-09-11 12:49:14,549 [ERROR] LogOutputStream:75 - [STDERR_REDIRECT] [Fatal Error] :1:1: Premature end of file.
2025-09-11 12:49:14,549 [ERROR] LogOutputStream:75 - [STDERR_REDIRECT] 
2025-09-11 12:49:15,559 [ERROR] LogOutputStream:75 - [STDERR_REDIRECT] [Fatal Error] :1:1: Premature end of file.
2025-09-11 12:49:15,559 [ERROR] LogOutputStream:75 - [STDERR_REDIRECT] 
2025-09-11 12:49:16,522 [ERROR] LogOutputStream:75 - [STDERR_REDIRECT] [Fatal Error] :1:1: Premature end of file.
2025-09-11 12:49:16,522 [ERROR] LogOutputStream:75 - [STDERR_REDIRECT] 
2025-09-11 12:49:17,535 [ERROR] LogOutputStream:75 - [STDERR_REDIRECT] [Fatal Error] :1:1: Premature end of file.
2025-09-11 12:49:17,535 [ERROR] LogOutputStream:75 - [STDERR_REDIRECT] 
2025-09-11 12:49:18,513 [ERROR] LogOutputStream:75 - [STDERR_REDIRECT] [Fatal Error] :1:1: Premature end of file.
2025-09-11 12:49:18,513 [ERROR] LogOutputStream:75 - [STDERR_REDIRECT] 
2025-09-11 12:49:19,514 [ERROR] LogOutputStream:75 - [STDERR_REDIRECT] [Fatal Error] :1:1: Premature end of file.
2025-09-11 12:49:19,515 [ERROR] LogOutputStream:75 - [STDERR_REDIRECT] 
2025-09-11 12:49:20,526 [ERROR] LogOutputStream:75 - [STDERR_REDIRECT] [Fatal Error] :1:1: Premature end of file.
2025-09-11 12:49:20,527 [ERROR] LogOutputStream:75 - [STDERR_REDIRECT] 
2025-09-11 12:49:21,550 [ERROR] LogOutputStream:75 - [STDERR_REDIRECT] [Fatal Error] :1:1: Premature end of file.
2025-09-11 12:49:21,551 [ERROR] LogOutputStream:75 - [STDERR_REDIRECT] 
2025-09-11 12:49:22,560 [ERROR] LogOutputStream:75 - [STDERR_REDIRECT] [Fatal Error] :1:1: Premature end of file.
2025-09-11 12:49:22,561 [ERROR] LogOutputStream:75 - [STDERR_REDIRECT] 
2025-09-11 12:49:23,551 [ERROR] LogOutputStream:75 - [STDERR_REDIRECT] [Fatal Error] :1:1: Premature end of file.
2025-09-11 12:49:23,552 [ERROR] LogOutputStream:75 - [STDERR_REDIRECT] 
2025-09-11 12:49:24,562 [ERROR] LogOutputStream:75 - [STDERR_REDIRECT] [Fatal Error] :1:1: Premature end of file.
2025-09-11 12:49:24,563 [ERROR] LogOutputStream:75 - [STDERR_REDIRECT] 
2025-09-11 12:49:25,553 [ERROR] LogOutputStream:75 - [STDERR_REDIRECT] [Fatal Error] :1:1: Premature end of file.
2025-09-11 12:49:25,553 [ERROR] LogOutputStream:75 - [STDERR_REDIRECT] 
2025-09-11 12:49:26,559 [ERROR] LogOutputStream:75 - [STDERR_REDIRECT] [Fatal Error] :1:1: Premature end of file.
2025-09-11 12:49:26,560 [ERROR] LogOutputStream:75 - [STDERR_REDIRECT] 
2025-09-11 12:49:27,561 [ERROR] LogOutputStream:75 - [STDERR_REDIRECT] [Fatal Error] :1:1: Premature end of file.
2025-09-11 12:49:27,562 [ERROR] LogOutputStream:75 - [STDERR_REDIRECT] 
2025-09-11 12:49:28,543 [ERROR] LogOutputStream:75 - [STDERR_REDIRECT] [Fatal Error] :1:1: Premature end of file.
2025-09-11 12:49:28,543 [ERROR] LogOutputStream:75 - [STDERR_REDIRECT] 
2025-09-11 12:49:29,553 [ERROR] LogOutputStream:75 - [STDERR_REDIRECT] [Fatal Error] :1:1: Premature end of file.
2025-09-11 12:49:29,553 [ERROR] LogOutputStream:75 - [STDERR_REDIRECT] 
2025-09-11 12:49:30,555 [ERROR] LogOutputStream:75 - [STDERR_REDIRECT] [Fatal Error] :1:1: Premature end of file.
2025-09-11 12:49:30,556 [ERROR] LogOutputStream:75 - [STDERR_REDIRECT] 
2025-09-11 12:49:31,556 [ERROR] LogOutputStream:75 - [STDERR_REDIRECT] [Fatal Error] :1:1: Premature end of file.
2025-09-11 12:49:31,556 [ERROR] LogOutputStream:75 - [STDERR_REDIRECT] 
2025-09-11 12:49:32,558 [ERROR] LogOutputStream:75 - [STDERR_REDIRECT] [Fatal Error] :1:1: Premature end of file.
2025-09-11 12:49:32,559 [ERROR] LogOutputStream:75 - [STDERR_REDIRECT] 
2025-09-11 12:49:33,561 [ERROR] LogOutputStream:75 - [STDERR_REDIRECT] [Fatal Error] :1:1: Premature end of file.
2025-09-11 12:49:33,561 [ERROR] LogOutputStream:75 - [STDERR_REDIRECT] 
2025-09-11 12:49:34,551 [ERROR] LogOutputStream:75 - [STDERR_REDIRECT] [Fatal Error] :1:1: Premature end of file.
2025-09-11 12:49:34,551 [ERROR] LogOutputStream:75 - [STDERR_REDIRECT] 
2025-09-11 12:49:35,574 [ERROR] LogOutputStream:75 - [STDERR_REDIRECT] [Fatal Error] :1:1: Premature end of file.
2025-09-11 12:49:35,574 [ERROR] LogOutputStream:75 - [STDERR_REDIRECT] 
2025-09-11 12:49:36,557 [ERROR] LogOutputStream:75 - [STDERR_REDIRECT] [Fatal Error] :1:1: Premature end of file.
2025-09-11 12:49:36,558 [ERROR] LogOutputStream:75 - [STDERR_REDIRECT] 
2025-09-11 12:49:37,556 [ERROR] LogOutputStream:75 - [STDERR_REDIRECT] [Fatal Error] :1:1: Premature end of file.
2025-09-11 12:49:37,556 [ERROR] LogOutputStream:75 - [STDERR_REDIRECT] 
2025-09-11 12:49:38,554 [ERROR] LogOutputStream:75 - [STDERR_REDIRECT] [Fatal Error] :1:1: Premature end of file.
2025-09-11 12:49:38,555 [ERROR] LogOutputStream:75 - [STDERR_REDIRECT] 
2025-09-11 12:49:39,567 [ERROR] LogOutputStream:75 - [STDERR_REDIRECT] [Fatal Error] :1:1: Premature end of file.
2025-09-11 12:49:39,568 [ERROR] LogOutputStream:75 - [STDERR_REDIRECT] 
2025-09-11 12:49:40,559 [ERROR] LogOutputStream:75 - [STDERR_REDIRECT] [Fatal Error] :1:1: Premature end of file.
2025-09-11 12:49:40,560 [ERROR] LogOutputStream:75 - [STDERR_REDIRECT] 
2025-09-11 12:49:41,568 [ERROR] LogOutputStream:75 - [STDERR_REDIRECT] [Fatal Error] :1:1: Premature end of file.
2025-09-11 12:49:41,568 [ERROR] LogOutputStream:75 - [STDERR_REDIRECT] 
2025-09-11 12:49:42,551 [ERROR] LogOutputStream:75 - [STDERR_REDIRECT] [Fatal Error] :1:1: Premature end of file.
2025-09-11 12:49:42,551 [ERROR] LogOutputStream:75 - [STDERR_REDIRECT] 
2025-09-11 12:49:43,562 [ERROR] LogOutputStream:75 - [STDERR_REDIRECT] [Fatal Error] :1:1: Premature end of file.
2025-09-11 12:49:43,562 [ERROR] LogOutputStream:75 - [STDERR_REDIRECT] 
2025-09-11 12:49:44,558 [ERROR] LogOutputStream:75 - [STDERR_REDIRECT] [Fatal Error] :1:1: Premature end of file.
2025-09-11 12:49:44,559 [ERROR] LogOutputStream:75 - [STDERR_REDIRECT] 
2025-09-11 12:49:45,563 [ERROR] LogOutputStream:75 - [STDERR_REDIRECT] [Fatal Error] :1:1: Premature end of file.
2025-09-11 12:49:45,563 [ERROR] LogOutputStream:75 - [STDERR_REDIRECT] 
2025-09-11 12:49:46,560 [ERROR] LogOutputStream:75 - [STDERR_REDIRECT] [Fatal Error] :1:1: Premature end of file.
2025-09-11 12:49:46,561 [ERROR] LogOutputStream:75 - [STDERR_REDIRECT] 
2025-09-11 12:49:47,559 [ERROR] LogOutputStream:75 - [STDERR_REDIRECT] [Fatal Error] :1:1: Premature end of file.
2025-09-11 12:49:47,559 [ERROR] LogOutputStream:75 - [STDERR_REDIRECT] 
2025-09-11 12:49:48,559 [ERROR] LogOutputStream:75 - [STDERR_REDIRECT] [Fatal Error] :1:1: Premature end of file.
2025-09-11 12:49:48,560 [ERROR] LogOutputStream:75 - [STDERR_REDIRECT] 
2025-09-11 12:49:49,554 [ERROR] LogOutputStream:75 - [STDERR_REDIRECT] [Fatal Error] :1:1: Premature end of file.
2025-09-11 12:49:49,554 [ERROR] LogOutputStream:75 - [STDERR_REDIRECT] 
2025-09-11 12:49:50,549 [ERROR] LogOutputStream:75 - [STDERR_REDIRECT] [Fatal Error] :1:1: Premature end of file.
2025-09-11 12:49:50,550 [ERROR] LogOutputStream:75 - [STDERR_REDIRECT] 
2025-09-11 12:49:51,559 [ERROR] LogOutputStream:75 - [STDERR_REDIRECT] [Fatal Error] :1:1: Premature end of file.
2025-09-11 12:49:51,560 [ERROR] LogOutputStream:75 - [STDERR_REDIRECT] 
2025-09-11 12:49:52,558 [ERROR] LogOutputStream:75 - [STDERR_REDIRECT] [Fatal Error] :1:1: Premature end of file.
2025-09-11 12:49:52,559 [ERROR] LogOutputStream:75 - [STDERR_REDIRECT] 
2025-09-11 12:49:53,564 [ERROR] LogOutputStream:75 - [STDERR_REDIRECT] [Fatal Error] :1:1: Premature end of file.
2025-09-11 12:49:53,565 [ERROR] LogOutputStream:75 - [STDERR_REDIRECT] 
2025-09-11 12:49:54,553 [ERROR] LogOutputStream:75 - [STDERR_REDIRECT] [Fatal Error] :1:1: Premature end of file.
2025-09-11 12:49:54,554 [ERROR] LogOutputStream:75 - [STDERR_REDIRECT] 
2025-09-11 12:49:55,553 [ERROR] LogOutputStream:75 - [STDERR_REDIRECT] [Fatal Error] :1:1: Premature end of file.
2025-09-11 12:49:55,553 [ERROR] LogOutputStream:75 - [STDERR_REDIRECT] 
2025-09-11 12:49:56,552 [ERROR] LogOutputStream:75 - [STDERR_REDIRECT] [Fatal Error] :1:1: Premature end of file.
2025-09-11 12:49:56,552 [ERROR] LogOutputStream:75 - [STDERR_REDIRECT] 
2025-09-11 12:49:57,550 [ERROR] LogOutputStream:75 - [STDERR_REDIRECT] [Fatal Error] :1:1: Premature end of file.
2025-09-11 12:49:57,551 [ERROR] LogOutputStream:75 - [STDERR_REDIRECT] 
2025-09-11 12:49:58,553 [ERROR] LogOutputStream:75 - [STDERR_REDIRECT] [Fatal Error] :1:1: Premature end of file.
2025-09-11 12:49:58,553 [ERROR] LogOutputStream:75 - [STDERR_REDIRECT] 
2025-09-11 12:49:59,554 [ERROR] LogOutputStream:75 - [STDERR_REDIRECT] [Fatal Error] :1:1: Premature end of file.
2025-09-11 12:49:59,554 [ERROR] LogOutputStream:75 - [STDERR_REDIRECT] 
2025-09-11 12:50:00,557 [ERROR] LogOutputStream:75 - [STDERR_REDIRECT] [Fatal Error] :1:1: Premature end of file.
2025-09-11 12:50:00,557 [ERROR] LogOutputStream:75 - [STDERR_REDIRECT] 
2025-09-11 12:50:01,545 [ERROR] LogOutputStream:75 - [STDERR_REDIRECT] [Fatal Error] :1:1: Premature end of file.
2025-09-11 12:50:01,545 [ERROR] LogOutputStream:75 - [STDERR_REDIRECT] 
2025-09-11 12:50:02,539 [ERROR] LogOutputStream:75 - [STDERR_REDIRECT] [Fatal Error] :1:1: Premature end of file.
2025-09-11 12:50:02,539 [ERROR] LogOutputStream:75 - [STDERR_REDIRECT] 
2025-09-11 12:50:03,548 [ERROR] LogOutputStream:75 - [STDERR_REDIRECT] [Fatal Error] :1:1: Premature end of file.
2025-09-11 12:50:03,549 [ERROR] LogOutputStream:75 - [STDERR_REDIRECT] 
2025-09-11 12:50:04,559 [ERROR] LogOutputStream:75 - [STDERR_REDIRECT] [Fatal Error] :1:1: Premature end of file.
2025-09-11 12:50:04,559 [ERROR] LogOutputStream:75 - [STDERR_REDIRECT] 
2025-09-11 12:50:05,549 [ERROR] LogOutputStream:75 - [STDERR_REDIRECT] [Fatal Error] :1:1: Premature end of file.
2025-09-11 12:50:05,550 [ERROR] LogOutputStream:75 - [STDERR_REDIRECT] 
2025-09-11 12:50:06,544 [ERROR] LogOutputStream:75 - [STDERR_REDIRECT] [Fatal Error] :1:1: Premature end of file.
2025-09-11 12:50:06,545 [ERROR] LogOutputStream:75 - [STDERR_REDIRECT] 
2025-09-11 12:50:07,568 [ERROR] LogOutputStream:75 - [STDERR_REDIRECT] [Fatal Error] :1:1: Premature end of file.
2025-09-11 12:50:07,569 [ERROR] LogOutputStream:75 - [STDERR_REDIRECT] 
2025-09-11 12:50:08,548 [ERROR] LogOutputStream:75 - [STDERR_REDIRECT] [Fatal Error] :1:1: Premature end of file.
2025-09-11 12:50:08,548 [ERROR] LogOutputStream:75 - [STDERR_REDIRECT] 
2025-09-11 12:50:09,531 [ERROR] LogOutputStream:75 - [STDERR_REDIRECT] [Fatal Error] :1:1: Premature end of file.
2025-09-11 12:50:09,532 [ERROR] LogOutputStream:75 - [STDERR_REDIRECT] 
2025-09-11 12:50:10,540 [ERROR] LogOutputStream:75 - [STDERR_REDIRECT] [Fatal Error] :1:1: Premature end of file.
2025-09-11 12:50:10,540 [ERROR] LogOutputStream:75 - [STDERR_REDIRECT] 
2025-09-11 12:50:11,553 [ERROR] LogOutputStream:75 - [STDERR_REDIRECT] [Fatal Error] :1:1: Premature end of file.
2025-09-11 12:50:11,553 [ERROR] LogOutputStream:75 - [STDERR_REDIRECT] 
2025-09-11 12:50:12,553 [ERROR] LogOutputStream:75 - [STDERR_REDIRECT] [Fatal Error] :1:1: Premature end of file.
2025-09-11 12:50:12,554 [ERROR] LogOutputStream:75 - [STDERR_REDIRECT] 
2025-09-11 12:50:13,553 [ERROR] LogOutputStream:75 - [STDERR_REDIRECT] [Fatal Error] :1:1: Premature end of file.
2025-09-11 12:50:13,553 [ERROR] LogOutputStream:75 - [STDERR_REDIRECT] 
2025-09-11 12:50:14,542 [ERROR] LogOutputStream:75 - [STDERR_REDIRECT] [Fatal Error] :1:1: Premature end of file.
2025-09-11 12:50:14,543 [ERROR] LogOutputStream:75 - [STDERR_REDIRECT] 
2025-09-11 12:50:15,602 [ERROR] LogOutputStream:75 - [STDERR_REDIRECT] [Fatal Error] :1:1: Premature end of file.
2025-09-11 12:50:15,603 [ERROR] LogOutputStream:75 - [STDERR_REDIRECT] 
2025-09-11 12:50:16,566 [ERROR] LogOutputStream:75 - [STDERR_REDIRECT] [Fatal Error] :1:1: Premature end of file.
2025-09-11 12:50:16,566 [ERROR] LogOutputStream:75 - [STDERR_REDIRECT] 
2025-09-11 12:50:17,541 [ERROR] LogOutputStream:75 - [STDERR_REDIRECT] [Fatal Error] :1:1: Premature end of file.
2025-09-11 12:50:17,541 [ERROR] LogOutputStream:75 - [STDERR_REDIRECT] 
2025-09-11 12:50:18,547 [ERROR] LogOutputStream:75 - [STDERR_REDIRECT] [Fatal Error] :1:1: Premature end of file.
2025-09-11 12:50:18,548 [ERROR] LogOutputStream:75 - [STDERR_REDIRECT] 
2025-09-11 12:50:19,551 [ERROR] LogOutputStream:75 - [STDERR_REDIRECT] [Fatal Error] :1:1: Premature end of file.
2025-09-11 12:50:19,551 [ERROR] LogOutputStream:75 - [STDERR_REDIRECT] 
2025-09-11 12:50:20,565 [ERROR] LogOutputStream:75 - [STDERR_REDIRECT] [Fatal Error] :1:1: Premature end of file.
2025-09-11 12:50:20,566 [ERROR] LogOutputStream:75 - [STDERR_REDIRECT] 
2025-09-11 12:50:21,548 [ERROR] LogOutputStream:75 - [STDERR_REDIRECT] [Fatal Error] :1:1: Premature end of file.
2025-09-11 12:50:21,548 [ERROR] LogOutputStream:75 - [STDERR_REDIRECT] 
2025-09-11 12:50:22,546 [ERROR] LogOutputStream:75 - [STDERR_REDIRECT] [Fatal Error] :1:1: Premature end of file.
2025-09-11 12:50:22,546 [ERROR] LogOutputStream:75 - [STDERR_REDIRECT] 
2025-09-11 12:50:23,535 [ERROR] LogOutputStream:75 - [STDERR_REDIRECT] [Fatal Error] :1:1: Premature end of file.
2025-09-11 12:50:23,536 [ERROR] LogOutputStream:75 - [STDERR_REDIRECT] 
2025-09-11 12:50:24,570 [ERROR] LogOutputStream:75 - [STDERR_REDIRECT] [Fatal Error] :1:1: Premature end of file.
2025-09-11 12:50:24,571 [ERROR] LogOutputStream:75 - [STDERR_REDIRECT] 
2025-09-11 12:50:25,572 [ERROR] LogOutputStream:75 - [STDERR_REDIRECT] [Fatal Error] :1:1: Premature end of file.
2025-09-11 12:50:25,573 [ERROR] LogOutputStream:75 - [STDERR_REDIRECT] 
2025-09-11 12:50:26,558 [ERROR] LogOutputStream:75 - [STDERR_REDIRECT] [Fatal Error] :1:1: Premature end of file.
2025-09-11 12:50:26,558 [ERROR] LogOutputStream:75 - [STDERR_REDIRECT] 
2025-09-11 12:50:27,562 [ERROR] LogOutputStream:75 - [STDERR_REDIRECT] [Fatal Error] :1:1: Premature end of file.
2025-09-11 12:50:27,563 [ERROR] LogOutputStream:75 - [STDERR_REDIRECT] 
2025-09-11 12:50:28,548 [ERROR] LogOutputStream:75 - [STDERR_REDIRECT] [Fatal Error] :1:1: Premature end of file.
2025-09-11 12:50:28,549 [ERROR] LogOutputStream:75 - [STDERR_REDIRECT] 
2025-09-11 12:50:29,553 [ERROR] LogOutputStream:75 - [STDERR_REDIRECT] [Fatal Error] :1:1: Premature end of file.
2025-09-11 12:50:29,553 [ERROR] LogOutputStream:75 - [STDERR_REDIRECT] 
2025-09-11 12:50:30,561 [ERROR] LogOutputStream:75 - [STDERR_REDIRECT] [Fatal Error] :1:1: Premature end of file.
2025-09-11 12:50:30,562 [ERROR] LogOutputStream:75 - [STDERR_REDIRECT] 
2025-09-11 12:50:31,585 [ERROR] LogOutputStream:75 - [STDERR_REDIRECT] [Fatal Error] :1:1: Premature end of file.
2025-09-11 12:50:31,585 [ERROR] LogOutputStream:75 - [STDERR_REDIRECT] 
2025-09-11 12:50:32,556 [ERROR] LogOutputStream:75 - [STDERR_REDIRECT] [Fatal Error] :1:1: Premature end of file.
2025-09-11 12:50:32,557 [ERROR] LogOutputStream:75 - [STDERR_REDIRECT] 
2025-09-11 12:50:33,559 [ERROR] LogOutputStream:75 - [STDERR_REDIRECT] [Fatal Error] :1:1: Premature end of file.
2025-09-11 12:50:33,559 [ERROR] LogOutputStream:75 - [STDERR_REDIRECT] 
2025-09-11 12:50:34,554 [ERROR] LogOutputStream:75 - [STDERR_REDIRECT] [Fatal Error] :1:1: Premature end of file.
2025-09-11 12:50:34,554 [ERROR] LogOutputStream:75 - [STDERR_REDIRECT] 
2025-09-11 12:50:35,543 [ERROR] LogOutputStream:75 - [STDERR_REDIRECT] [Fatal Error] :1:1: Premature end of file.
2025-09-11 12:50:35,543 [ERROR] LogOutputStream:75 - [STDERR_REDIRECT] 
2025-09-11 12:50:36,536 [ERROR] LogOutputStream:75 - [STDERR_REDIRECT] [Fatal Error] :1:1: Premature end of file.
2025-09-11 12:50:36,537 [ERROR] LogOutputStream:75 - [STDERR_REDIRECT] 
2025-09-11 12:50:37,556 [ERROR] LogOutputStream:75 - [STDERR_REDIRECT] [Fatal Error] :1:1: Premature end of file.
2025-09-11 12:50:37,557 [ERROR] LogOutputStream:75 - [STDERR_REDIRECT] 
2025-09-11 12:50:38,561 [ERROR] LogOutputStream:75 - [STDERR_REDIRECT] [Fatal Error] :1:1: Premature end of file.
2025-09-11 12:50:38,562 [ERROR] LogOutputStream:75 - [STDERR_REDIRECT] 
2025-09-11 12:50:39,553 [ERROR] LogOutputStream:75 - [STDERR_REDIRECT] [Fatal Error] :1:1: Premature end of file.
2025-09-11 12:50:39,554 [ERROR] LogOutputStream:75 - [STDERR_REDIRECT] 
2025-09-11 12:50:40,533 [ERROR] LogOutputStream:75 - [STDERR_REDIRECT] [Fatal Error] :1:1: Premature end of file.
2025-09-11 12:50:40,534 [ERROR] LogOutputStream:75 - [STDERR_REDIRECT] 
2025-09-11 12:50:41,540 [ERROR] LogOutputStream:75 - [STDERR_REDIRECT] [Fatal Error] :1:1: Premature end of file.
2025-09-11 12:50:41,541 [ERROR] LogOutputStream:75 - [STDERR_REDIRECT] 
2025-09-11 12:50:42,537 [ERROR] LogOutputStream:75 - [STDERR_REDIRECT] [Fatal Error] :1:1: Premature end of file.
2025-09-11 12:50:42,538 [ERROR] LogOutputStream:75 - [STDERR_REDIRECT] 
2025-09-11 12:50:43,540 [ERROR] LogOutputStream:75 - [STDERR_REDIRECT] [Fatal Error] :1:1: Premature end of file.
2025-09-11 12:50:43,541 [ERROR] LogOutputStream:75 - [STDERR_REDIRECT] 
2025-09-11 12:50:44,526 [ERROR] LogOutputStream:75 - [STDERR_REDIRECT] [Fatal Error] :1:1: Premature end of file.
2025-09-11 12:50:44,526 [ERROR] LogOutputStream:75 - [STDERR_REDIRECT] 
2025-09-11 12:50:45,539 [ERROR] LogOutputStream:75 - [STDERR_REDIRECT] [Fatal Error] :1:1: Premature end of file.
2025-09-11 12:50:45,540 [ERROR] LogOutputStream:75 - [STDERR_REDIRECT] 
2025-09-11 12:50:46,560 [ERROR] LogOutputStream:75 - [STDERR_REDIRECT] [Fatal Error] :1:1: Premature end of file.
2025-09-11 12:50:46,561 [ERROR] LogOutputStream:75 - [STDERR_REDIRECT] 
2025-09-11 12:50:47,555 [ERROR] LogOutputStream:75 - [STDERR_REDIRECT] [Fatal Error] :1:1: Premature end of file.
2025-09-11 12:50:47,555 [ERROR] LogOutputStream:75 - [STDERR_REDIRECT] 
2025-09-11 12:50:48,555 [ERROR] LogOutputStream:75 - [STDERR_REDIRECT] [Fatal Error] :1:1: Premature end of file.
2025-09-11 12:50:48,555 [ERROR] LogOutputStream:75 - [STDERR_REDIRECT] 
2025-09-11 12:50:49,559 [ERROR] LogOutputStream:75 - [STDERR_REDIRECT] [Fatal Error] :1:1: Premature end of file.
2025-09-11 12:50:49,560 [ERROR] LogOutputStream:75 - [STDERR_REDIRECT] 
2025-09-11 12:50:50,558 [ERROR] LogOutputStream:75 - [STDERR_REDIRECT] [Fatal Error] :1:1: Premature end of file.
2025-09-11 12:50:50,558 [ERROR] LogOutputStream:75 - [STDERR_REDIRECT] 
2025-09-11 12:50:51,559 [ERROR] LogOutputStream:75 - [STDERR_REDIRECT] [Fatal Error] :1:1: Premature end of file.
2025-09-11 12:50:51,559 [ERROR] LogOutputStream:75 - [STDERR_REDIRECT] 
2025-09-11 12:50:52,551 [ERROR] LogOutputStream:75 - [STDERR_REDIRECT] [Fatal Error] :1:1: Premature end of file.
2025-09-11 12:50:52,552 [ERROR] LogOutputStream:75 - [STDERR_REDIRECT] 
2025-09-11 12:50:53,569 [ERROR] LogOutputStream:75 - [STDERR_REDIRECT] [Fatal Error] :1:1: Premature end of file.
2025-09-11 12:50:53,570 [ERROR] LogOutputStream:75 - [STDERR_REDIRECT] 
2025-09-11 12:50:54,555 [ERROR] LogOutputStream:75 - [STDERR_REDIRECT] [Fatal Error] :1:1: Premature end of file.
2025-09-11 12:50:54,556 [ERROR] LogOutputStream:75 - [STDERR_REDIRECT] 
2025-09-11 12:50:55,558 [ERROR] LogOutputStream:75 - [STDERR_REDIRECT] [Fatal Error] :1:1: Premature end of file.
2025-09-11 12:50:55,559 [ERROR] LogOutputStream:75 - [STDERR_REDIRECT] 
2025-09-11 12:50:56,554 [ERROR] LogOutputStream:75 - [STDERR_REDIRECT] [Fatal Error] :1:1: Premature end of file.
2025-09-11 12:50:56,556 [ERROR] LogOutputStream:75 - [STDERR_REDIRECT] 
2025-09-11 12:50:57,555 [ERROR] LogOutputStream:75 - [STDERR_REDIRECT] [Fatal Error] :1:1: Premature end of file.
2025-09-11 12:50:57,555 [ERROR] LogOutputStream:75 - [STDERR_REDIRECT] 
2025-09-11 12:50:58,570 [ERROR] LogOutputStream:75 - [STDERR_REDIRECT] [Fatal Error] :1:1: Premature end of file.
2025-09-11 12:50:58,571 [ERROR] LogOutputStream:75 - [STDERR_REDIRECT] 
2025-09-11 12:50:59,556 [ERROR] LogOutputStream:75 - [STDERR_REDIRECT] [Fatal Error] :1:1: Premature end of file.
2025-09-11 12:50:59,556 [ERROR] LogOutputStream:75 - [STDERR_REDIRECT] 
2025-09-11 12:51:00,582 [ERROR] LogOutputStream:75 - [STDERR_REDIRECT] [Fatal Error] :1:1: Premature end of file.
2025-09-11 12:51:00,582 [ERROR] LogOutputStream:75 - [STDERR_REDIRECT] 
2025-09-11 12:51:01,555 [ERROR] LogOutputStream:75 - [STDERR_REDIRECT] [Fatal Error] :1:1: Premature end of file.
2025-09-11 12:51:01,555 [ERROR] LogOutputStream:75 - [STDERR_REDIRECT] 
2025-09-11 12:51:02,556 [ERROR] LogOutputStream:75 - [STDERR_REDIRECT] [Fatal Error] :1:1: Premature end of file.
2025-09-11 12:51:02,557 [ERROR] LogOutputStream:75 - [STDERR_REDIRECT] 
2025-09-11 12:51:03,553 [ERROR] LogOutputStream:75 - [STDERR_REDIRECT] [Fatal Error] :1:1: Premature end of file.
2025-09-11 12:51:03,554 [ERROR] LogOutputStream:75 - [STDERR_REDIRECT] 
2025-09-11 12:51:04,572 [ERROR] LogOutputStream:75 - [STDERR_REDIRECT] [Fatal Error] :1:1: Premature end of file.
2025-09-11 12:51:04,572 [ERROR] LogOutputStream:75 - [STDERR_REDIRECT] 
2025-09-11 12:51:05,554 [ERROR] LogOutputStream:75 - [STDERR_REDIRECT] [Fatal Error] :1:1: Premature end of file.
2025-09-11 12:51:05,555 [ERROR] LogOutputStream:75 - [STDERR_REDIRECT] 
2025-09-11 12:51:06,554 [ERROR] LogOutputStream:75 - [STDERR_REDIRECT] [Fatal Error] :1:1: Premature end of file.
2025-09-11 12:51:06,555 [ERROR] LogOutputStream:75 - [STDERR_REDIRECT] 
2025-09-11 12:51:07,562 [ERROR] LogOutputStream:75 - [STDERR_REDIRECT] [Fatal Error] :1:1: Premature end of file.
2025-09-11 12:51:07,562 [ERROR] LogOutputStream:75 - [STDERR_REDIRECT] 
2025-09-11 12:51:08,549 [ERROR] LogOutputStream:75 - [STDERR_REDIRECT] [Fatal Error] :1:1: Premature end of file.
2025-09-11 12:51:08,566 [ERROR] LogOutputStream:75 - [STDERR_REDIRECT] 
2025-09-11 12:51:09,552 [ERROR] LogOutputStream:75 - [STDERR_REDIRECT] [Fatal Error] :1:1: Premature end of file.
2025-09-11 12:51:09,553 [ERROR] LogOutputStream:75 - [STDERR_REDIRECT] 
2025-09-11 12:51:10,549 [ERROR] LogOutputStream:75 - [STDERR_REDIRECT] [Fatal Error] :1:1: Premature end of file.
2025-09-11 12:51:10,549 [ERROR] LogOutputStream:75 - [STDERR_REDIRECT] 
2025-09-11 12:51:11,549 [ERROR] LogOutputStream:75 - [STDERR_REDIRECT] [Fatal Error] :1:1: Premature end of file.
2025-09-11 12:51:11,550 [ERROR] LogOutputStream:75 - [STDERR_REDIRECT] 
2025-09-11 12:51:12,551 [ERROR] LogOutputStream:75 - [STDERR_REDIRECT] [Fatal Error] :1:1: Premature end of file.
2025-09-11 12:51:12,551 [ERROR] LogOutputStream:75 - [STDERR_REDIRECT] 
2025-09-11 12:51:13,554 [ERROR] LogOutputStream:75 - [STDERR_REDIRECT] [Fatal Error] :1:1: Premature end of file.
2025-09-11 12:51:13,555 [ERROR] LogOutputStream:75 - [STDERR_REDIRECT] 
2025-09-11 12:51:14,552 [ERROR] LogOutputStream:75 - [STDERR_REDIRECT] [Fatal Error] :1:1: Premature end of file.
2025-09-11 12:51:14,553 [ERROR] LogOutputStream:75 - [STDERR_REDIRECT] 
2025-09-11 12:51:15,553 [ERROR] LogOutputStream:75 - [STDERR_REDIRECT] [Fatal Error] :1:1: Premature end of file.
2025-09-11 12:51:15,553 [ERROR] LogOutputStream:75 - [STDERR_REDIRECT] 
2025-09-11 12:51:16,552 [ERROR] LogOutputStream:75 - [STDERR_REDIRECT] [Fatal Error] :1:1: Premature end of file.
2025-09-11 12:51:16,552 [ERROR] LogOutputStream:75 - [STDERR_REDIRECT] 
2025-09-11 12:51:17,567 [ERROR] LogOutputStream:75 - [STDERR_REDIRECT] [Fatal Error] :1:1: Premature end of file.
2025-09-11 12:51:17,567 [ERROR] LogOutputStream:75 - [STDERR_REDIRECT] 
2025-09-11 12:51:18,553 [ERROR] LogOutputStream:75 - [STDERR_REDIRECT] [Fatal Error] :1:1: Premature end of file.
2025-09-11 12:51:18,554 [ERROR] LogOutputStream:75 - [STDERR_REDIRECT] 
2025-09-11 12:51:19,555 [ERROR] LogOutputStream:75 - [STDERR_REDIRECT] [Fatal Error] :1:1: Premature end of file.
2025-09-11 12:51:19,555 [ERROR] LogOutputStream:75 - [STDERR_REDIRECT] 
2025-09-11 12:51:20,557 [ERROR] LogOutputStream:75 - [STDERR_REDIRECT] [Fatal Error] :1:1: Premature end of file.
2025-09-11 12:51:20,557 [ERROR] LogOutputStream:75 - [STDERR_REDIRECT] 
2025-09-11 12:51:21,554 [ERROR] LogOutputStream:75 - [STDERR_REDIRECT] [Fatal Error] :1:1: Premature end of file.
2025-09-11 12:51:21,554 [ERROR] LogOutputStream:75 - [STDERR_REDIRECT] 
2025-09-11 12:51:22,556 [ERROR] LogOutputStream:75 - [STDERR_REDIRECT] [Fatal Error] :1:1: Premature end of file.
2025-09-11 12:51:22,557 [ERROR] LogOutputStream:75 - [STDERR_REDIRECT] 
2025-09-11 12:51:23,556 [ERROR] LogOutputStream:75 - [STDERR_REDIRECT] [Fatal Error] :1:1: Premature end of file.
2025-09-11 12:51:23,556 [ERROR] LogOutputStream:75 - [STDERR_REDIRECT] 
2025-09-11 12:51:24,556 [ERROR] LogOutputStream:75 - [STDERR_REDIRECT] [Fatal Error] :1:1: Premature end of file.
2025-09-11 12:51:24,557 [ERROR] LogOutputStream:75 - [STDERR_REDIRECT] 
2025-09-11 12:51:25,561 [ERROR] LogOutputStream:75 - [STDERR_REDIRECT] [Fatal Error] :1:1: Premature end of file.
2025-09-11 12:51:25,561 [ERROR] LogOutputStream:75 - [STDERR_REDIRECT] 
2025-09-11 12:51:26,554 [ERROR] LogOutputStream:75 - [STDERR_REDIRECT] [Fatal Error] :1:1: Premature end of file.
2025-09-11 12:51:26,554 [ERROR] LogOutputStream:75 - [STDERR_REDIRECT] 
2025-09-11 12:51:27,574 [ERROR] LogOutputStream:75 - [STDERR_REDIRECT] [Fatal Error] :1:1: Premature end of file.
2025-09-11 12:51:27,574 [ERROR] LogOutputStream:75 - [STDERR_REDIRECT] 
2025-09-11 12:51:28,568 [ERROR] LogOutputStream:75 - [STDERR_REDIRECT] [Fatal Error] :1:1: Premature end of file.
2025-09-11 12:51:28,568 [ERROR] LogOutputStream:75 - [STDERR_REDIRECT] 
2025-09-11 12:51:29,573 [ERROR] LogOutputStream:75 - [STDERR_REDIRECT] [Fatal Error] :1:1: Premature end of file.
2025-09-11 12:51:29,577 [ERROR] LogOutputStream:75 - [STDERR_REDIRECT] 
2025-09-11 12:51:30,571 [ERROR] LogOutputStream:75 - [STDERR_REDIRECT] [Fatal Error] :1:1: Premature end of file.
2025-09-11 12:51:30,571 [ERROR] LogOutputStream:75 - [STDERR_REDIRECT] 
2025-09-11 12:51:31,589 [ERROR] LogOutputStream:75 - [STDERR_REDIRECT] [Fatal Error] :1:1: Premature end of file.
2025-09-11 12:51:31,589 [ERROR] LogOutputStream:75 - [STDERR_REDIRECT] 
2025-09-11 12:51:32,529 [ERROR] LogOutputStream:75 - [STDERR_REDIRECT] [Fatal Error] :1:1: Premature end of file.
2025-09-11 12:51:32,529 [ERROR] LogOutputStream:75 - [STDERR_REDIRECT] 
2025-09-11 12:51:33,590 [ERROR] LogOutputStream:75 - [STDERR_REDIRECT] [Fatal Error] :1:1: Premature end of file.
2025-09-11 12:51:33,592 [ERROR] LogOutputStream:75 - [STDERR_REDIRECT] 
2025-09-11 12:51:34,575 [ERROR] LogOutputStream:75 - [STDERR_REDIRECT] [Fatal Error] :1:1: Premature end of file.
2025-09-11 12:51:34,576 [ERROR] LogOutputStream:75 - [STDERR_REDIRECT] 
2025-09-11 12:51:35,600 [ERROR] LogOutputStream:75 - [STDERR_REDIRECT] [Fatal Error] :1:1: Premature end of file.
2025-09-11 12:51:35,600 [ERROR] LogOutputStream:75 - [STDERR_REDIRECT] 
2025-09-11 12:51:36,572 [ERROR] LogOutputStream:75 - [STDERR_REDIRECT] [Fatal Error] :1:1: Premature end of file.
2025-09-11 12:51:36,572 [ERROR] LogOutputStream:75 - [STDERR_REDIRECT] 
2025-09-11 12:51:37,574 [ERROR] LogOutputStream:75 - [STDERR_REDIRECT] [Fatal Error] :1:1: Premature end of file.
2025-09-11 12:51:37,574 [ERROR] LogOutputStream:75 - [STDERR_REDIRECT] 
2025-09-11 12:51:38,573 [ERROR] LogOutputStream:75 - [STDERR_REDIRECT] [Fatal Error] :1:1: Premature end of file.
2025-09-11 12:51:38,573 [ERROR] LogOutputStream:75 - [STDERR_REDIRECT] 
2025-09-11 12:51:39,566 [ERROR] LogOutputStream:75 - [STDERR_REDIRECT] [Fatal Error] :1:1: Premature end of file.
2025-09-11 12:51:39,566 [ERROR] LogOutputStream:75 - [STDERR_REDIRECT] 
2025-09-11 12:51:40,566 [ERROR] LogOutputStream:75 - [STDERR_REDIRECT] [Fatal Error] :1:1: Premature end of file.
2025-09-11 12:51:40,566 [ERROR] LogOutputStream:75 - [STDERR_REDIRECT] 
2025-09-11 12:51:41,564 [ERROR] LogOutputStream:75 - [STDERR_REDIRECT] [Fatal Error] :1:1: Premature end of file.
2025-09-11 12:51:41,564 [ERROR] LogOutputStream:75 - [STDERR_REDIRECT] 
2025-09-11 12:51:42,562 [ERROR] LogOutputStream:75 - [STDERR_REDIRECT] [Fatal Error] :1:1: Premature end of file.
2025-09-11 12:51:42,562 [ERROR] LogOutputStream:75 - [STDERR_REDIRECT] 
2025-09-11 12:51:43,568 [ERROR] LogOutputStream:75 - [STDERR_REDIRECT] [Fatal Error] :1:1: Premature end of file.
2025-09-11 12:51:43,568 [ERROR] LogOutputStream:75 - [STDERR_REDIRECT] 
2025-09-11 12:51:44,575 [ERROR] LogOutputStream:75 - [STDERR_REDIRECT] [Fatal Error] :1:1: Premature end of file.
2025-09-11 12:51:44,575 [ERROR] LogOutputStream:75 - [STDERR_REDIRECT] 
2025-09-11 12:51:45,560 [ERROR] LogOutputStream:75 - [STDERR_REDIRECT] [Fatal Error] :1:1: Premature end of file.
2025-09-11 12:51:45,560 [ERROR] LogOutputStream:75 - [STDERR_REDIRECT] 
2025-09-11 12:51:46,574 [ERROR] LogOutputStream:75 - [STDERR_REDIRECT] [Fatal Error] :1:1: Premature end of file.
2025-09-11 12:51:46,574 [ERROR] LogOutputStream:75 - [STDERR_REDIRECT] 
2025-09-11 12:51:47,563 [ERROR] LogOutputStream:75 - [STDERR_REDIRECT] [Fatal Error] :1:1: Premature end of file.
2025-09-11 12:51:47,563 [ERROR] LogOutputStream:75 - [STDERR_REDIRECT] 
2025-09-11 12:51:48,561 [ERROR] LogOutputStream:75 - [STDERR_REDIRECT] [Fatal Error] :1:1: Premature end of file.
2025-09-11 12:51:48,561 [ERROR] LogOutputStream:75 - [STDERR_REDIRECT] 
2025-09-11 12:51:49,558 [ERROR] LogOutputStream:75 - [STDERR_REDIRECT] [Fatal Error] :1:1: Premature end of file.
2025-09-11 12:51:49,558 [ERROR] LogOutputStream:75 - [STDERR_REDIRECT] 
2025-09-11 12:51:50,564 [ERROR] LogOutputStream:75 - [STDERR_REDIRECT] [Fatal Error] :1:1: Premature end of file.
2025-09-11 12:51:50,564 [ERROR] LogOutputStream:75 - [STDERR_REDIRECT] 
2025-09-11 12:51:51,564 [ERROR] LogOutputStream:75 - [STDERR_REDIRECT] [Fatal Error] :1:1: Premature end of file.
2025-09-11 12:51:51,564 [ERROR] LogOutputStream:75 - [STDERR_REDIRECT] 
2025-09-11 12:51:52,560 [ERROR] LogOutputStream:75 - [STDERR_REDIRECT] [Fatal Error] :1:1: Premature end of file.
2025-09-11 12:51:52,560 [ERROR] LogOutputStream:75 - [STDERR_REDIRECT] 
2025-09-11 12:51:53,581 [ERROR] LogOutputStream:75 - [STDERR_REDIRECT] [Fatal Error] :1:1: Premature end of file.
2025-09-11 12:51:53,581 [ERROR] LogOutputStream:75 - [STDERR_REDIRECT] 
2025-09-11 12:51:54,574 [ERROR] LogOutputStream:75 - [STDERR_REDIRECT] [Fatal Error] :1:1: Premature end of file.
2025-09-11 12:51:54,574 [ERROR] LogOutputStream:75 - [STDERR_REDIRECT] 
2025-09-11 12:51:55,560 [ERROR] LogOutputStream:75 - [STDERR_REDIRECT] [Fatal Error] :1:1: Premature end of file.
2025-09-11 12:51:55,569 [ERROR] LogOutputStream:75 - [STDERR_REDIRECT] 
2025-09-11 12:51:56,561 [ERROR] LogOutputStream:75 - [STDERR_REDIRECT] [Fatal Error] :1:1: Premature end of file.
2025-09-11 12:51:56,568 [ERROR] LogOutputStream:75 - [STDERR_REDIRECT] 
2025-09-11 12:51:57,566 [ERROR] LogOutputStream:75 - [STDERR_REDIRECT] [Fatal Error] :1:1: Premature end of file.
2025-09-11 12:51:57,566 [ERROR] LogOutputStream:75 - [STDERR_REDIRECT] 
2025-09-11 12:51:58,546 [ERROR] LogOutputStream:75 - [STDERR_REDIRECT] [Fatal Error] :1:1: Premature end of file.
2025-09-11 12:51:58,546 [ERROR] LogOutputStream:75 - [STDERR_REDIRECT] 
2025-09-11 12:51:59,560 [ERROR] LogOutputStream:75 - [STDERR_REDIRECT] [Fatal Error] :1:1: Premature end of file.
2025-09-11 12:51:59,560 [ERROR] LogOutputStream:75 - [STDERR_REDIRECT] 
2025-09-11 12:52:00,561 [ERROR] LogOutputStream:75 - [STDERR_REDIRECT] [Fatal Error] :1:1: Premature end of file.
2025-09-11 12:52:00,561 [ERROR] LogOutputStream:75 - [STDERR_REDIRECT] 
2025-09-11 12:52:01,547 [ERROR] LogOutputStream:75 - [STDERR_REDIRECT] [Fatal Error] :1:1: Premature end of file.
2025-09-11 12:52:01,550 [ERROR] LogOutputStream:75 - [STDERR_REDIRECT] 
2025-09-11 12:52:02,575 [ERROR] LogOutputStream:75 - [STDERR_REDIRECT] [Fatal Error] :1:1: Premature end of file.
2025-09-11 12:52:02,575 [ERROR] LogOutputStream:75 - [STDERR_REDIRECT] 
2025-09-11 12:52:03,563 [ERROR] LogOutputStream:75 - [STDERR_REDIRECT] [Fatal Error] :1:1: Premature end of file.
2025-09-11 12:52:03,563 [ERROR] LogOutputStream:75 - [STDERR_REDIRECT] 
2025-09-11 12:52:04,545 [ERROR] LogOutputStream:75 - [STDERR_REDIRECT] [Fatal Error] :1:1: Premature end of file.
2025-09-11 12:52:04,545 [ERROR] LogOutputStream:75 - [STDERR_REDIRECT] 
2025-09-11 12:52:05,559 [ERROR] LogOutputStream:75 - [STDERR_REDIRECT] [Fatal Error] :1:1: Premature end of file.
2025-09-11 12:52:05,559 [ERROR] LogOutputStream:75 - [STDERR_REDIRECT] 
2025-09-11 12:52:06,559 [ERROR] LogOutputStream:75 - [STDERR_REDIRECT] [Fatal Error] :1:1: Premature end of file.
2025-09-11 12:52:06,559 [ERROR] LogOutputStream:75 - [STDERR_REDIRECT] 
2025-09-11 12:52:07,557 [ERROR] LogOutputStream:75 - [STDERR_REDIRECT] [Fatal Error] :1:1: Premature end of file.
2025-09-11 12:52:07,557 [ERROR] LogOutputStream:75 - [STDERR_REDIRECT] 
2025-09-11 12:52:08,546 [ERROR] LogOutputStream:75 - [STDERR_REDIRECT] [Fatal Error] :1:1: Premature end of file.
2025-09-11 12:52:08,546 [ERROR] LogOutputStream:75 - [STDERR_REDIRECT] 
2025-09-11 12:52:09,532 [ERROR] LogOutputStream:75 - [STDERR_REDIRECT] [Fatal Error] :1:1: Premature end of file.
2025-09-11 12:52:09,532 [ERROR] LogOutputStream:75 - [STDERR_REDIRECT] 
2025-09-11 12:52:10,547 [ERROR] LogOutputStream:75 - [STDERR_REDIRECT] [Fatal Error] :1:1: Premature end of file.
2025-09-11 12:52:10,547 [ERROR] LogOutputStream:75 - [STDERR_REDIRECT] 
2025-09-11 12:52:11,550 [ERROR] LogOutputStream:75 - [STDERR_REDIRECT] [Fatal Error] :1:1: Premature end of file.
2025-09-11 12:52:11,552 [ERROR] LogOutputStream:75 - [STDERR_REDIRECT] 
2025-09-11 12:52:12,538 [ERROR] LogOutputStream:75 - [STDERR_REDIRECT] [Fatal Error] :1:1: Premature end of file.
2025-09-11 12:52:12,538 [ERROR] LogOutputStream:75 - [STDERR_REDIRECT] 
2025-09-11 12:52:13,554 [ERROR] LogOutputStream:75 - [STDERR_REDIRECT] [Fatal Error] :1:1: Premature end of file.
2025-09-11 12:52:13,554 [ERROR] LogOutputStream:75 - [STDERR_REDIRECT] 
2025-09-11 12:52:14,533 [ERROR] LogOutputStream:75 - [STDERR_REDIRECT] [Fatal Error] :1:1: Premature end of file.
2025-09-11 12:52:14,533 [ERROR] LogOutputStream:75 - [STDERR_REDIRECT] 
2025-09-11 12:52:15,558 [ERROR] LogOutputStream:75 - [STDERR_REDIRECT] [Fatal Error] :1:1: Premature end of file.
2025-09-11 12:52:15,558 [ERROR] LogOutputStream:75 - [STDERR_REDIRECT] 
2025-09-11 12:52:16,561 [ERROR] LogOutputStream:75 - [STDERR_REDIRECT] [Fatal Error] :1:1: Premature end of file.
2025-09-11 12:52:16,561 [ERROR] LogOutputStream:75 - [STDERR_REDIRECT] 
2025-09-11 12:52:17,532 [ERROR] LogOutputStream:75 - [STDERR_REDIRECT] [Fatal Error] :1:1: Premature end of file.
2025-09-11 12:52:17,532 [ERROR] LogOutputStream:75 - [STDERR_REDIRECT] 
2025-09-11 12:52:18,564 [ERROR] LogOutputStream:75 - [STDERR_REDIRECT] [Fatal Error] :1:1: Premature end of file.
2025-09-11 12:52:18,564 [ERROR] LogOutputStream:75 - [STDERR_REDIRECT] 
2025-09-11 12:52:19,561 [ERROR] LogOutputStream:75 - [STDERR_REDIRECT] [Fatal Error] :1:1: Premature end of file.
2025-09-11 12:52:19,561 [ERROR] LogOutputStream:75 - [STDERR_REDIRECT] 
2025-09-11 12:52:20,557 [ERROR] LogOutputStream:75 - [STDERR_REDIRECT] [Fatal Error] :1:1: Premature end of file.
2025-09-11 12:52:20,558 [ERROR] LogOutputStream:75 - [STDERR_REDIRECT] 
2025-09-11 12:52:21,559 [ERROR] LogOutputStream:75 - [STDERR_REDIRECT] [Fatal Error] :1:1: Premature end of file.
2025-09-11 12:52:21,559 [ERROR] LogOutputStream:75 - [STDERR_REDIRECT] 
2025-09-11 12:52:22,560 [ERROR] LogOutputStream:75 - [STDERR_REDIRECT] [Fatal Error] :1:1: Premature end of file.
2025-09-11 12:52:22,560 [ERROR] LogOutputStream:75 - [STDERR_REDIRECT] 
2025-09-11 12:52:23,561 [ERROR] LogOutputStream:75 - [STDERR_REDIRECT] [Fatal Error] :1:1: Premature end of file.
2025-09-11 12:52:23,561 [ERROR] LogOutputStream:75 - [STDERR_REDIRECT] 
2025-09-11 12:52:24,563 [ERROR] LogOutputStream:75 - [STDERR_REDIRECT] [Fatal Error] :1:1: Premature end of file.
2025-09-11 12:52:24,568 [ERROR] LogOutputStream:75 - [STDERR_REDIRECT] 
2025-09-11 12:52:25,572 [ERROR] LogOutputStream:75 - [STDERR_REDIRECT] [Fatal Error] :1:1: Premature end of file.
2025-09-11 12:52:25,572 [ERROR] LogOutputStream:75 - [STDERR_REDIRECT] 
2025-09-11 12:52:26,559 [ERROR] LogOutputStream:75 - [STDERR_REDIRECT] [Fatal Error] :1:1: Premature end of file.
2025-09-11 12:52:26,559 [ERROR] LogOutputStream:75 - [STDERR_REDIRECT] 
2025-09-11 12:52:27,560 [ERROR] LogOutputStream:75 - [STDERR_REDIRECT] [Fatal Error] :1:1: Premature end of file.
2025-09-11 12:52:27,560 [ERROR] LogOutputStream:75 - [STDERR_REDIRECT] 
2025-09-11 12:52:28,562 [ERROR] LogOutputStream:75 - [STDERR_REDIRECT] [Fatal Error] :1:1: Premature end of file.
2025-09-11 12:52:28,563 [ERROR] LogOutputStream:75 - [STDERR_REDIRECT] 
2025-09-11 12:52:29,527 [ERROR] LogOutputStream:75 - [STDERR_REDIRECT] [Fatal Error] :1:1: Premature end of file.
2025-09-11 12:52:29,527 [ERROR] LogOutputStream:75 - [STDERR_REDIRECT] 
2025-09-11 12:52:30,553 [ERROR] LogOutputStream:75 - [STDERR_REDIRECT] [Fatal Error] :1:1: Premature end of file.
2025-09-11 12:52:30,554 [ERROR] LogOutputStream:75 - [STDERR_REDIRECT] 
2025-09-11 12:52:31,551 [ERROR] LogOutputStream:75 - [STDERR_REDIRECT] [Fatal Error] :1:1: Premature end of file.
2025-09-11 12:52:31,552 [ERROR] LogOutputStream:75 - [STDERR_REDIRECT] 
2025-09-11 12:52:32,556 [ERROR] LogOutputStream:75 - [STDERR_REDIRECT] [Fatal Error] :1:1: Premature end of file.
2025-09-11 12:52:32,557 [ERROR] LogOutputStream:75 - [STDERR_REDIRECT] 
2025-09-11 12:52:33,552 [ERROR] LogOutputStream:75 - [STDERR_REDIRECT] [Fatal Error] :1:1: Premature end of file.
2025-09-11 12:52:33,552 [ERROR] LogOutputStream:75 - [STDERR_REDIRECT] 
2025-09-11 12:52:34,546 [ERROR] LogOutputStream:75 - [STDERR_REDIRECT] [Fatal Error] :1:1: Premature end of file.
2025-09-11 12:52:34,549 [ERROR] LogOutputStream:75 - [STDERR_REDIRECT] 
2025-09-11 12:52:35,594 [ERROR] LogOutputStream:75 - [STDERR_REDIRECT] [Fatal Error] :1:1: Premature end of file.
2025-09-11 12:52:35,596 [ERROR] LogOutputStream:75 - [STDERR_REDIRECT] 
2025-09-11 12:52:35,874 [ERROR] LogOutputStream:75 - [STDERR_REDIRECT] 
2025-09-11 12:52:35,877 [ERROR] LogOutputStream:75 - [STDERR_REDIRECT] 
